ets Jul 29 2019 12:21:46

rst:0x1 (POWERON_RESET),boot:0x13 (SPI_FAST_FLASH_BOOT)
configsip: 0, SPIWP:0xee
clk_drv:0x00,q_drv:0x00,d_drv:0x00,cs0_drv:0x00,hd_drv:0x00,wp_drv:0x00
mode:DIO, clock div:2
load:0x3fff0030,len:7172
load:0x40078000,len:15540
load:0x40080400,len:4
ho 8 tail 4 room 4
load:0x40080404,len:3904
entry 0x40080638
[0;32mI (31) boot: ESP-IDF 5.2.1 2nd stage bootloader[0m
[0;32mI (31) boot: compile time Oct  8 2024 17:08:42[0m
[0;32mI (31) boot: Multicore bootloader[0m
[0;32mI (35) boot: chip revision: v3.1[0m
[0;32mI (39) boot.esp32: SPI Speed      : 40MHz[0m
[0;32mI (44) boot.esp32: SPI Mode       : DIO[0m
[0;32mI (48) boot.esp32: SPI Flash Size : 4MB[0m
[0;32mI (53) boot: Enabling RNG early entropy source...[0m
[0;32mI (58) boot: Partition Table:[0m
[0;32mI (62) boot: ## Label            Usage          Type ST Offset   Length[0m
[0;32mI (69) boot:  0 nvs              WiFi data        01 02 00009000 00006000[0m
[0;32mI (76) boot:  1 phy_init         RF data          01 01 0000f000 00001000[0m
[0;32mI (84) boot:  2 factory          factory app      00 00 00010000 00100000[0m
[0;32mI (91) boot: End of partition table[0m
[0;32mI (96) esp_image: segment 0: paddr=00010020 vaddr=3f400020 size=21980h (137600) map[0m
[0;32mI (151) esp_image: segment 1: paddr=000319a8 vaddr=3ffb0000 size=03b9ch ( 15260) load[0m
[0;32mI (157) esp_image: segment 2: paddr=0003554c vaddr=40080000 size=0aacch ( 43724) load[0m
[0;32mI (175) esp_image: segment 3: paddr=00040020 vaddr=400d0020 size=80de8h (527848) map[0m
[0;32mI (356) esp_image: segment 4: paddr=000c0e10 vaddr=4008aacc size=0bbb0h ( 48048) load[0m
[0;32mI (386) boot: Loaded app from partition at offset 0x10000[0m
[0;32mI (386) boot: Disabling RNG early entropy source...[0m
[0;32mI (398) cpu_start: Multicore app[0m
[0;32mI (406) cpu_start: Pro cpu start user code[0m
[0;32mI (406) cpu_start: cpu freq: 160000000 Hz[0m
[0;32mI (406) cpu_start: Application information:[0m
[0;32mI (409) cpu_start: Project name:     weazy-automation[0m
[0;32mI (415) cpu_start: App version:      1[0m
[0;32mI (420) cpu_start: Compile time:     Oct  8 2024 16:56:33[0m
[0;32mI (426) cpu_start: ELF file SHA256:  4528b836d...[0m
[0;32mI (431) cpu_start: ESP-IDF:          5.2.1[0m
[0;32mI (436) cpu_start: Min chip rev:     v0.0[0m
[0;32mI (441) cpu_start: Max chip rev:     v3.99 [0m
[0;32mI (445) cpu_start: Chip rev:         v3.1[0m
[0;32mI (450) heap_init: Initializing. RAM available for dynamic allocation:[0m
[0;32mI (457) heap_init: At 3FFAE6E0 len 00001920 (6 KiB): DRAM[0m
[0;32mI (463) heap_init: At 3FFB7CB0 len 00028350 (160 KiB): DRAM[0m
[0;32mI (470) heap_init: At 3FFE0440 len 00003AE0 (14 KiB): D/IRAM[0m
[0;32mI (476) heap_init: At 3FFE4350 len 0001BCB0 (111 KiB): D/IRAM[0m
[0;32mI (482) heap_init: At 4009667C len 00009984 (38 KiB): IRAM[0m
[0;32mI (490) spi_flash: detected chip: generic[0m
[0;32mI (493) spi_flash: flash io: dio[0m
[0;32mI (498) main_task: Started on CPU0[0m
[0;32mI (508) main_task: Calling app_main()[0m
[0;32mI (538) main_task: Returned from app_main()[0m
[0;32mI (548) wifi:wifi driver task: 3ffc0d84, prio:23, stack:6656, core=0[0m
[0;32mI (558) wifi:wifi firmware version: a9f5b59[0m
[0;32mI (558) wifi:wifi certification version: v7.0[0m
[0;32mI (558) wifi:config NVS flash: enabled[0m
[0;32mI (558) wifi:config nano formating: disabled[0m
[0;32mI (568) wifi:Init data frame dynamic rx buffer num: 32[0m
[0;32mI (568) wifi:Init static rx mgmt buffer num: 5[0m
[0;32mI (578) wifi:Init management short buffer num: 32[0m
[0;32mI (578) wifi:Init dynamic tx buffer num: 32[0m
[0;32mI (588) wifi:Init static rx buffer size: 1600[0m
[0;32mI (588) wifi:Init static rx buffer num: 10[0m
[0;32mI (588) wifi:Init dynamic rx buffer num: 32[0m
[0;32mI (598) wifi_init: rx ba win: 6[0m
[0;32mI (598) wifi_init: tcpip mbox: 32[0m
[0;32mI (608) wifi_init: udp mbox: 6[0m
[0;32mI (608) wifi_init: tcp mbox: 6[0m
[0;32mI (608) wifi_init: tcp tx win: 5760[0m
[0;32mI (618) wifi_init: tcp rx win: 5760[0m
[0;32mI (618) wifi_init: tcp mss: 1440[0m
[0;32mI (628) wifi_init: WiFi IRAM OP enabled[0m
[0;32mI (628) wifi_init: WiFi RX IRAM OP enabled[0m
[0;32mI (638) phy_init: phy_version 4791,2c4672b,Dec 20 2023,16:06:06[0m
[0;32mI (728) wifi:mode : sta (88:13:bf:07:c8:84)[0m
[0;32mI (728) wifi:enable tsf[0m
[0;32mI (728) wifi_manager: Wi-Fi iniciado, conectando-se ao SSID: APARTAMENTO 233 - 2.4G[0m
[0;32mI (728) wifi_manager: Wi-Fi Task rodando...[0m
[0;32mI (748) wifi:new:<6,0>, old:<1,0>, ap:<255,255>, sta:<6,0>, prof:1[0m
[0;32mI (758) wifi:state: init -> auth (b0)[0m
[0;32mI (758) wifi:state: auth -> assoc (0)[0m
[0;32mI (778) wifi:state: assoc -> run (10)[0m
[0;33mW (868) wifi:[ADDBA]rx delba, code:39, delete tid:0[0m
[0;32mI (888) wifi:connected with APARTAMENTO 233 - 2.4G, aid = 4, channel 6, BW20, bssid = f4:54:20:ef:29:bf[0m
[0;32mI (888) wifi:security: WPA2-PSK, phy: bgn, rssi: -85[0m
[0;32mI (898) wifi:pm start, type: 1[0m

[0;32mI (898) wifi:dp: 1, bi: 102400, li: 3, scale listen interval from 307200 us to 307200 us[0m
[0;32mI (908) wifi:AP's beacon interval = 102400 us, DTIM period = 3[0m
[0;32mI (1348) wifi:<ba-add>idx:0 (ifx:0, f4:54:20:ef:29:bf), tid:0, ssn:2, winSize:64[0m
[0;32mI (3408) esp_netif_handlers: sta ip: 192.168.15.13, mask: 255.255.255.0, gw: 192.168.15.1[0m
[0;32mI (3408) wifi_manager: Conectado com sucesso, IP obtido: 192.168.15.13[0m
[0;32mI (10738) wifi_manager: Wi-Fi Task rodando...[0m
ets Jul 29 2019 12:21:46

rst:0x1 (POWERON_RESET),boot:0x13 (SPI_FAST_FLASH_BOOT)
configsip: 0, SPIWP:0xee
clk_drv:0x00,q_drv:0x00,d_drv:0x00,cs0_drv:0x00,hd_drv:0x00,wp_drv:0x00
mode:DIO, clock div:2
load:0x3fff0030,len:7172
load:0x40078000,len:15540
load:0x40080400,len:4
ho 8 tail 4 roï¿½ets Jul 29 2019 12:21:46

rst:0x1 (POWERON_RESET),boot:0x13 (SPI_FAST_FLASH_BOOT)
configsip: 0, SPIWP:0xee
clk_drv:0x00,q_drv:0x00,d_drv:0x00,cs0_drv:0x00,hd_drv:0x00,wp_drv:0x00
mode:DIO, clock div:2
load:0x3fff0030,len:7172
load:0x40078000,len:15540
load:0x40080400,len:4
ho 8 tail 4 room 4
load:0x40080404,len:3904
entry 0x40080638
[0;32mI (31) boot: ESP-IDF 5.2.1 2nd stage bootloader[0m
[0;32mI (31) boot: compile time Oct  8 2024 17:08:42[0m
[0;32mI (31) boot: Multicore bootloader[0m
[0;32mI (35) boot: chip revision: v3.1[0m
[0;32mI (39) boot.esp32: SPI Speed      : 40MHz[0m
[0;32mI (44) boot.esp32: SPI Mode       : DIO[0m
[0;32mI (48) boot.esp32: SPI Flash Size : 4MB[0m
[0;32mI (53) boot: Enabling RNG early entropy source...[0m
[0;32mI (58) boot: Partition Table:[0m
[0;32mI (62) boot: ## Label            Usage          Type ST Offset   Length[0m
[0;32mI (69) boot:  0 nvs              WiFi data        01 02 00009000 00006000[0m
[0;32mI (76) boot:  1 phy_init         RF data          01 01 0000f000 00001000[0m
[0;32mI (84) boot:  2 factory          factory app      00 00 00010000 00100000[0m
[0;32mI (91) boot: End of partition table[0m
[0;32mI (96) esp_image: segment 0: paddr=00010020 vaddr=3f400020 size=21980h (137600) map[0m
[0;32mI (151) esp_image: segment 1: paddr=000319a8 vaddr=3ffb0000 size=03b9ch ( 15260) load[0m
[0;32mI (157) esp_image: segment 2: paddr=0003554c vaddr=40080000 size=0aacch ( 43724) load[0m
[0;32mI (175) esp_image: segment 3: paddr=00040020 vaddr=400d0020 size=80de8h (527848) map[0m
[0;32mI (356) esp_image: segment 4: paddr=000c0e10 vaddr=4008aacc size=0bbb0h ( 48048) load[0m
[0;32mI (386) boot: Loaded app from partition at offset 0x10000[0m
[0;32mI (386) boot: Disabling RNG early entropy source...[0m
[0;32mI (398) cpu_start: Multicore app[0m
[0;32mI (406) cpu_start: Pro cpu start user code[0m
[0;32mI (406) cpu_start: cpu freq: 160000000 Hz[0m
[0;32mI (406) cpu_start: Application information:[0m
[0;32mI (409) cpu_start: Project name:     weazy-automation[0m
[0;32mI (415) cpu_start: App version:      1[0m
[0;32mI (420) cpu_start: Compile time:  