ets Jul 29 2019 12:21:46

rst:0x1 (POWERON_RESET),boot:0x13 (SPI_FAST_FLASH_BOOT)
configsip: 0, SPIWP:0xee
clk_drv:0x00,q_drv:0x00,d_drv:0x00,cs0_drv:0x00,hd_drv:0x00,wp_drv:0x00
mode:DIO, clock div:2
load:0x3fff0030,len:7172
load:0x40078000,len:15540
load:0x40080400,len:4
ho 8 tail 4 room 4
load:0x40080404,len:3904
entry 0x40080638
[0;32mI (31) boot: ESP-IDF 5.2.1 2nd stage bootloader[0m
[0;32mI (31) boot: compile time Oct 10 2024 15:25:47[0m
[0;32mI (31) boot: Multicore bootloader[0m
[0;32mI (35) boot: chip revision: v3.1[0m
[0;32mI (39) boot.esp32: SPI Speed      : 40MHz[0m
[0;32mI (44) boot.esp32: SPI Mode       : DIO[0m
[0;32mI (48) boot.esp32: SPI Flash Size : 4MB[0m
[0;32mI (53) boot: Enabling RNG early entropy source...[0m
[0;32mI (58) boot: Partition Table:[0m
[0;32mI (62) boot: ## Label            Usage          Type ST Offset   Length[0m
[0;32mI (69) boot:  0 nvs              WiFi data        01 02 00009000 00006000[0m
[0;32mI (76) boot:  1 phy_init         RF data          01 01 0000f000 00001000[0m
[0;32mI (84) boot:  2 factory          factory app      00 00 00010000 00100000[0m
[0;32mI (91) boot: End of partition table[0m
[0;32mI (96) esp_image: segment 0: paddr=00010020 vaddr=3f400020 size=23114h (143636) map[0m
[0;32mI (153) esp_image: segment 1: paddr=0003313c vaddr=3ffb0000 size=03c9ch ( 15516) load[0m
[0;32mI (159) esp_image: segment 2: paddr=00036de0 vaddr=40080000 size=09238h ( 37432) load[0m
[0;32mI (174) esp_image: segment 3: paddr=00040020 vaddr=400d0020 size=88b84h (560004) map[0m
[0;32mI (366) esp_image: segment 4: paddr=000c8bac vaddr=40089238 size=0d67ch ( 54908) load[0m
[0;32mI (399) boot: Loaded app from partition at offset 0x10000[0m
[0;32mI (400) boot: Disabling RNG early entropy source...[0m
[0;32mI (411) cpu_start: Multicore app[0m
[0;32mI (420) cpu_start: Pro cpu start user code[0m
[0;32mI (420) cpu_start: cpu freq: 160000000 Hz[0m
[0;32mI (420) cpu_start: Application information:[0m
[0;32mI (423) cpu_start: Project name:     weazy-automation[0m
[0;32mI (429) cpu_start: App version:      3ccae97-dirty[0m
[0;32mI (434) cpu_start: Compile time:     Oct 10 2024 15:14:38[0m
[0;32mI (440) cpu_start: ELF file SHA256:  6a9f7c87b...[0m
[0;32mI (446) cpu_start: ESP-IDF:          5.2.1[0m
[0;32mI (450) cpu_start: Min chip rev:     v0.0[0m
[0;32mI (455) cpu_start: Max chip rev:     v3.99 [0m
[0;32mI (460) cpu_start: Chip rev:         v3.1[0m
[0;32mI (465) heap_init: Initializing. RAM available for dynamic allocation:[0m
[0;32mI (472) heap_init: At 3FFAE6E0 len 00001920 (6 KiB): DRAM[0m
[0;32mI (478) heap_init: At 3FFB8310 len 00027CF0 (159 KiB): DRAM[0m
[0;32mI (484) heap_init: At 3FFE0440 len 00003AE0 (14 KiB): D/IRAM[0m
[0;32mI (490) heap_init: At 3FFE4350 len 0001BCB0 (111 KiB): D/IRAM[0m
[0;32mI (497) heap_init: At 400968B4 len 0000974C (37 KiB): IRAM[0m
[0;32mI (505) spi_flash: detected chip: generic[0m
[0;32mI (508) spi_flash: flash io: dio[0m
[0;32mI (513) main_task: Started on CPU0[0m
[0;32mI (523) main_task: Calling app_main()[0m
[0;32mI (553) state_machine: Estado atual: STATE_INIT[0m
[0;32mI (553) gpio: GPIO[4]| InputEn: 0| OutputEn: 1| OpenDrain: 0| Pullup: 0| Pulldown: 0| Intr:0 [0m
[0;32mI (573) wifi:wifi driver task: 3ffc9484, prio:23, stack:6656, core=0[0m
[0;32mI (583) wifi:wifi firmware version: a9f5b59[0m
[0;32mI (583) wifi:wifi certification version: v7.0[0m
[0;32mI (593) wifi:config NVS flash: enabled[0m
[0;32mI (593) wifi:config nano formating: disabled[0m
[0;32mI (593) wifi:Init data frame dynamic rx buffer num: 32[0m
[0;32mI (593) wifi:Init static rx mgmt buffer num: 5[0m
[0;32mI (603) wifi:Init management short buffer num: 32[0m
[0;32mI (603) wifi:Init dynamic tx buffer num: 32[0m
[0;32mI (613) wifi:Init static rx buffer size: 1600[0m
[0;32mI (613) wifi:Init static rx buffer num: 10[0m
[0;32mI (613) wifi:Init dynamic rx buffer num: 32[0m
[0;32mI (623) wifi_init: rx ba win: 6[0m
[0;32mI (623) wifi_init: tcpip mbox: 32[0m
[0;32mI (633) wifi_init: udp mbox: 6[0m
[0;32mI (633) wifi_init: tcp mbox: 6[0m
[0;32mI (633) wifi_init: tcp tx win: 5760[0m
[0;32mI (643) wifi_init: tcp rx win: 5760[0m
[0;32mI (643) wifi_init: tcp mss: 1440[0m
[0;32mI (653) wifi_init: WiFi IRAM OP enabled[0m
[0;32mI (653) wifi_init: WiFi RX IRAM OP enabled[0m
[0;32mI (663) phy_init: phy_version 4791,2c4672b,Dec 20 2023,16:06:06[0m
[0;31mE (663) phy_init: failed to allocate memory for RF calibration data[0m

abort() was called at PC 0x4014ec7a on core 0


Backtrace: 0x40081c12:0x3ffc9240 0x40089125:0x3ffc9260 0x40090acd:0x3ffc9280 0x4014ec7a:0x3ffc92f0 0x4014edb5:0x3ffc9320 0x4015676d:0x3ffc9340 0x40118a4a:0x3ffc9360 0x40119286:0x3ffc9380 0x40117636:0x3ffc93a0 0x4009250d:0x3ffc93c0 0x40089edd:0x3ffc93f0




ELF file SHA256: 6a9f7c87b

Rebooting...
ets Jul 29 2019 12:21:46

rst:0xc (SW_CPU_RESET),boot:0x13 (SPI_FAST_FLASH_BOOT)
configsip: 0, SPIWP:0xee
clk_drv:0x00,q_drv:0x00,d_drv:0x00,cs0_drv:0x00,hd_drv:0x00,wp_drv:0x00
mode:DIO, clock div:2
load:0x3fff0030,len:7172
load:0x40078000,len:15540
load:0x40080400,len:4
ho 8 tail 4 room 4
load:0x40080404,len:3904
entry 0x40080638
[0;32mI (31) boot: ESP-IDF 5.2.1 2nd stage bootloader[0m
[0;32mI (31) boot: compile time Oct 10 2024 15:25:47[0m
[0;32mI (31) boot: Multicore bootloader[0m
[0;32mI (35) boot: chip revision: v3.1[0m
[0;32mI (39) boot.esp32: SPI Speed      : 40MHz[0m
[0;32mI (44) boot.esp32: SPI Mode       : DIO[0m
[0;32mI (48) boot.esp32: SPI Flash Size : 4MB[0m
[0;32mI (53) boot: Enabling RNG early entropy source...[0m
[0;32mI (58) boot: Partition Table:[0m
[0;32mI (62) boot: ## Label            Usage          Type ST Offset   Length[0m
[0;32mI (69) boot:  0 nvs              WiFi data        01 02 00009000 00006000[0m
[0;32mI (76) boot:  1 phy_init         RF data          01 01 0000f000 00001000[0m
[0;32mI (84) boot:  2 factory          factory app      00 00 00010000 00100000[0m
[0;32mI (91) boot: End of partition table[0m
[0;32mI (96) esp_image: segment 0: paddr=00010020 vaddr=3f400020 size=23114h (143636) map[0m
[0;32mI (153) esp_image: segment 1: paddr=0003313c vaddr=3ffb0000 size=03c9ch ( 15516) load[0m
[0;32mI (159) esp_image: segment 2: paddr=00036de0 vaddr=40080000 size=09238h ( 37432) load[0m
[0;32mI (174) esp_image: segment 3: paddr=00040020 vaddr=400d0020 size=88b84h (560004) map[0m
[0;32mI (366) esp_image: segment 4: paddr=000c8bac vaddr=40089238 size=0d67ch ( 54908) load[0m
[0;32mI (399) boot: Loaded app from partition at offset 0x10000[0m
[0;32mI (399) boot: Disabling RNG early entropy source...[0m
[0;32mI (411) cpu_start: Multicore app[0m
[0;32mI (420) cpu_start: Pro cpu start user code[0m
[0;32mI (420) cpu_start: cpu freq: 160000000 Hz[0m
[0;32mI (420) cpu_start: Application information:[0m
[0;32mI (423) cpu_start: Project name:     weazy-automation[0m
[0;32mI (429) cpu_start: App version:      3ccae97-dirty[0m
[0;32mI (434) cpu_start: Compile time:     Oct 10 2024 15:14:38[0m
[0;32mI (440) cpu_start: ELF file SHA256:  6a9f7c87b...[0m
[0;32mI (445) cpu_start: ESP-IDF:          5.2.1[0m
[0;32mI (450) cpu_start: Min chip rev:     v0.0[0m
[0;32mI (455) cpu_start: Max chip rev:     v3.99 [0m
[0;32mI (460) cpu_start: Chip rev:         v3.1[0m
[0;32mI (465) heap_init: Initializing. RAM available for dynamic allocation:[0m
[0;32mI (472) heap_init: At 3FFAE6E0 len 00001920 (6 KiB): DRAM[0m
[0;32mI (478) heap_init: At 3FFB8310 len 00027CF0 (159 KiB): DRAM[0m
[0;32mI (484) heap_init: At 3FFE0440 len 00003AE0 (14 KiB): D/IRAM[0m
[0;32mI (490) heap_init: At 3FFE4350 len 0001BCB0 (111 KiB): D/IRAM[0m
[0;32mI (497) heap_init: At 400968B4 len 0000974C (37 KiB): IRAM[0m
[0;32mI (505) spi_flash: detected chip: generic[0m
[0;32mI (508) spi_flash: flash io: dio[0m
[0;32mI (513) main_task: Started on CPU0[0m
[0;32mI (523) main_task: Calling app_main()[0m
[0;32mI (553) state_machine: Estado atual: STATE_INIT[0m
[0;32mI (553) gpio: GPIO[4]| InputEn: 0| OutputEn: 1| OpenDrain: 0| Pullup: 0| Pulldown: 0| Intr:0 [0m
[0;32mI (573) wifi:wifi driver task: 3ffc9484, prio:23, stack:6656, core=0[0m
[0;32mI (583) wifi:wifi firmware version: a9f5b59[0m
[0;32mI (583) wifi:wifi certification version: v7.0[0m
[0;32mI (593) wifi:config NVS flash: enabled[0m
[0;32mI (593) wifi:config nano formating: disabled[0m
[0;32mI (593) wifi:Init data frame dynamic rx buffer num: 32[0m
[0;32mI (593) wifi:Init static rx mgmt buffer num: 5[0m
[0;32mI (603) wifi:Init management short buffer num: 32[0m
[0;32mI (603) wifi:Init dynamic tx buffer num: 32[0m
[0;32mI (613) wifi:Init static rx buffer size: 1600[0m
[0;32mI (613) wifi:Init static rx buffer num: 10[0m
[0;32mI (613) wifi:Init dynamic rx buffer num: 32[0m
[0;32mI (623) wifi_init: rx ba win: 6[0m
[0;32mI (623) wifi_init: tcpip mbox: 32[0m
[0;32mI (633) wifi_init: udp mbox: 6[0m
[0;32mI (633) wifi_init: tcp mbox: 6[0m
[0;32mI (633) wifi_init: tcp tx win: 5760[0m
[0;32mI (643) wifi_init: tcp rx win: 5760[0m
[0;32mI (643) wifi_init: tcp mss: 1440[0m
[0;32mI (653) wifi_init: WiFi IRAM OP enabled[0m
[0;32mI (653) wifi_init: WiFi RX IRAM OP enabled[0m
[0;32mI (663) phy_init: phy_version 4791,2c4672b,Dec 20 2023,16:06:06[0m
[0;31mE (663) phy_init: failed to allocate memory for RF calibration data[0m

abort() was called at PC 0x4014ec7a on core 0


Backtrace: 0x40081c12:0x3ffc9240 0x40089125:0x3ffc9260 0x40090acd:0x3ffc9280 0x4014ec7a:0x3ffc92f0 0x4014edb5:0x3ffc9320 0x4015676d:0x3ffc9340 0x40118a4a:0x3ffc9360 0x40119286:0x3ffc9380 0x40117636:0x3ffc93a0 0x4009250d:0x3ffc93c0 0x40089edd:0x3ffc93f0




ELF file SHA256: 6a9f7c87b

Rebooting...
ets Jul 29 2019 12:21:46

rst:0xc (SW_CPU_RESET),boot:0x13 (SPI_FAST_FLASH_BOOT)
configsip: 0, SPIWP:0xee
clk_drv:0x00,q_drv:0x00,d_drv:0x00,cs0_drv:0x00,hd_drv:0x00,wp_drv:0x00
mode:DIO, clock div:2
load:0x3fff0030,len:7172
load:0x40078000,len:15540
load:0x40080400,len:4
ho 8 tail 4 room 4
load:0x40080404,len:3904
entry 0x40080638
[0;32mI (31) boot: ESP-IDF 5.2.1 2nd stage bootloader[0m
[0;32mI (31) boot: compile time Oct 10 2024 15:25:47[0m
[0;32mI (31) boot: Multicore bootloader[0m
[0;32mI (35) boot: chip revision: v3.1[0m
[0;32mI (39) boot.esp32: SPI Speed      : 40MHz[0m
[0;32mI (44) boot.esp32: SPI Mode       : DIO[0m
[0;32mI (48) boot.esp32: SPI Flash Size : 4MB[0m
[0;32mI (53) boot: Enabling RNG early entropy source...[0m
[0;32mI (58) boot: Partition Table:[0m
[0;32mI (62) boot: ## Label            Usage          Type ST Offset   Length[0m
[0;32mI (69) boot:  0 nvs              WiFi data        01 02 00009000 00006000[0m
[0;32mI (76) boot:  1 phy_init         RF data          01 01 0000f000 00001000[0m
[0;32mI (84) boot:  2 factory          factory app      00 00 00010000 00100000[0m
[0;32mI (91) boot: End of partition table[0m
[0;32mI (96) esp_image: segment 0: paddr=00010020 vaddr=3f400020 size=23114h (143636) map[0m
[0;32mI (153) esp_image: segment 1: paddr=0003313c vaddr=3ffb0000 size=03c9ch ( 15516) load[0m
[0;32mI (159) esp_image: segment 2: paddr=00036de0 vaddr=40080000 size=09238h ( 37432) load[0m
[0;32mI (174) esp_image: segment 3: paddr=00040020 vaddr=400d0020 size=88b84h (560004) map[0m
[0;32mI (366) esp_image: segment 4: paddr=000c8bac vaddr=40089238 size=0d67ch ( 54908) load[0m
[0;32mI (399) boot: Loaded app from partition at offset 0x10000[0m
[0;32mI (399) boot: Disabling RNG early entropy source...[0m
[0;32mI (411) cpu_start: Multicore app[0m
[0;32mI (420) cpu_start: Pro cpu start user code[0m
[0;32mI (420) cpu_start: cpu freq: 160000000 Hz[0m
[0;32mI (420) cpu_start: Application information:[0m
[0;32mI (423) cpu_start: Project name:     weazy-automation[0m
[0;32mI (429) cpu_start: App version:      3ccae97-dirty[0m
[0;32mI (434) cpu_start: Compile time:     Oct 10 2024 15:14:38[0m
[0;32mI (440) cpu_start: ELF file SHA256:  6a9f7c87b...[0m
[0;32mI (445) cpu_start: ESP-IDF:          5.2.1[0m
[0;32mI (450) cpu_start: Min chip rev:     v0.0[0m
[0;32mI (455) cpu_start: Max chip rev:     v3.99 [0m
[0;32mI (460) cpu_start: Chip rev:         v3.1[0m
[0;32mI (465) heap_init: Initializing. RAM available for dynamic allocation:[0m
[0;32mI (472) heap_init: At 3FFAE6E0 len 00001920 (6 KiB): DRAM[0m
[0;32mI (478) heap_init: At 3FFB8310 len 00027CF0 (159 KiB): DRAM[0m
[0;32mI (484) heap_init: At 3FFE0440 len 00003AE0 (14 KiB): D/IRAM[0m
[0;32mI (490) heap_init: At 3FFE4350 len 0001BCB0 (111 KiB): D/IRAM[0m
[0;32mI (497) heap_init: At 400968B4 len 0000974C (37 KiB): IRAM[0m
[0;32mI (505) spi_flash: detected chip: generic[0m
[0;32mI (508) spi_flash: flash io: dio[0m
[0;32mI (513) main_task: Started on CPU0[0m
[0;32mI (523) main_task: Calling app_main()[0m
[0;32mI (553) state_machine: Estado atual: STATE_INIT[0m
[0;32mI (553) gpio: GPIO[4]| InputEn: 0| OutputEn: 1| OpenDrain: 0| Pullup: 0| Pulldown: 0| Intr:0 [0m
[0;32mI (573) wifi:wifi driver task: 3ffc9484, prio:23, stack:6656, core=0[0m
[0;32mI (583) wifi:wifi firmware version: a9f5b59[0m
[0;32mI (583) wifi:wifi certification version: v7.0[0m
[0;32mI (593) wifi:config NVS flash: enabled[0m
[0;32mI (593) wifi:config nano formating: disabled[0m
[0;32mI (593) wifi:Init data frame dynamic rx buffer num: 32[0m
[0;32mI (593) wifi:Init static rx mgmt buffer num: 5[0m
[0;32mI (603) wifi:Init management short buffer num: 32[0m
[0;32mI (603) wifi:Init dynamic tx buffer num: 32[0m
[0;32mI (613) wifi:Init static rx buffer size: 1600[0m
[0;32mI (613) wifi:Init static rx buffer num: 10[0m
[0;32mI (613) wifi:Init dynamic rx buffer num: 32[0m
[0;32mI (623) wifi_init: rx ba win: 6[0m
[0;32mI (623) wifi_init: tcpip mbox: 32[0m
[0;32mI (633) wifi_init: udp mbox: 6[0m
[0;32mI (633) wifi_init: tcp mbox: 6[0m
[0;32mI (633) wifi_init: tcp tx win: 5760[0m
[0;32mI (643) wifi_init: tcp rx win: 5760[0m
[0;32mI (643) wifi_init: tcp mss: 1440[0m
[0;32mI (653) wifi_init: WiFi IRAM OP enabled[0m
[0;32mI (653) wifi_init: WiFi RX IRAM OP enabled[0m
[0;32mI (663) phy_init: phy_version 4791,2c4672b,Dec 20 2023,16:06:06[0m
[0;31mE (663) phy_init: failed to allocate memory for RF calibration data[0m

abort() was called at PC 0x4014ec7a on core 0


Backtrace: 0x40081c12:0x3ffc9240 0x40089125:0x3ffc9260 0x40090acd:0x3ffc9280 0x4014ec7a:0x3ffc92f0 0x4014edb5:0x3ffc9320 0x4015676d:0x3ffc9340 0x40118a4a:0x3ffc9360 0x40119286:0x3ffc9380 0x40117636:0x3ffc93a0 0x4009250d:0x3ffc93c0 0x40089edd:0x3ffc93f0




ELF file SHA256: 6a9f7c87b

Rebooting...
ets Jul 29 2019 12:21:46

rst:0xc (SW_CPU_RESET),boot:0x13 (SPI_FAST_FLASH_BOOT)
configsip: 0, SPIWP:0xee
clk_drv:0x00,q_drv:0x00,d_drv:0x00,cs0_drv:0x00,hd_drv:0x00,wp_drv:0x00
mode:DIO, clock div:2
load:0x3fff0030,len:7172
load:0x40078000,len:15540
load:0x40080400,len:4
ho 8 tail 4 room 4
load:0x40080404,len:3904
entry 0x40080638
[0;32mI (31) boot: ESP-IDF 5.2.1 2nd stage bootloader[0m
[0;32mI (31) boot: compile time Oct 10 2024 15:25:47[0m
[0;32mI (31) boot: Multicore bootloader[0m
[0;32mI (35) boot: chip revision: v3.1[0m
[0;32mI (39) boot.esp32: SPI Speed      : 40MHz[0m
[0;32mI (44) boot.esp32: SPI Mode       : DIO[0m
[0;32mI (48) boot.esp32: SPI Flash Size : 4MB[0m
[0;32mI (53) boot: Enabling RNG early entropy source...[0m
[0;32mI (58) boot: Partition Table:[0m
[0;32mI (62) boot: ## Label            Usage          Type ST Offset   Length[0m
[0;32mI (69) boot:  0 nvs              WiFi data        01 02 00009000 00006000[0m
[0;32mI (76) boot:  1 phy_init         RF data          01 01 0000f000 00001000[0m
[0;32mI (84) boot:  2 factory          factory app      00 00 00010000 00100000[0m
[0;32mI (91) boot: End of partition table[0m
[0;32mI (96) esp_image: segment 0: paddr=00010020 vaddr=3f400020 size=23114h (143636) map[0m
[0;32mI (153) esp_image: segment 1: paddr=0003313c vaddr=3ffb0000 size=03c9ch ( 15516) load[0m
[0;32mI (159) esp_image: segment 2: paddr=00036de0 vaddr=40080000 size=09238h ( 37432) load[0m
[0;32mI (174) esp_image: segment 3: paddr=00040020 vaddr=400d0020 size=88b84h (560004) map[0m
[0;32mI (366) esp_image: segment 4: paddr=000c8bac vaddr=40089238 size=0d67ch ( 54908) load[0m
[0;32mI (399) boot: Loaded app from partition at offset 0x10000[0m
[0;32mI (399) boot: Disabling RNG early entropy source...[0m
[0;32mI (411) cpu_start: Multicore app[0m
[0;32mI (420) cpu_start: Pro cpu start user code[0m
[0;32mI (420) cpu_start: cpu freq: 160000000 Hz[0m
[0;32mI (420) cpu_start: Application information:[0m
[0;32mI (423) cpu_start: Project name:     weazy-automation[0m
[0;32mI (429) cpu_start: App version:      3ccae97-dirty[0m
[0;32mI (434) cpu_start: Compile time:     Oct 10 2024 15:14:38[0m
[0;32mI (440) cpu_start: ELF file SHA256:  6a9f7c87b...[0m
[0;32mI (445) cpu_start: ESP-IDF:          5.2.1[0m
[0;32mI (450) cpu_start: Min chip rev:     v0.0[0m
[0;32mI (455) cpu_start: Max chip rev:     v3.99 [0m
[0;32mI (460) cpu_start: Chip rev:         v3.1[0m
[0;32mI (465) heap_init: Initializing. RAM available for dynamic allocation:[0m
[0;32mI (472) heap_init: At 3FFAE6E0 len 00001920 (6 KiB): DRAM[0m
[0;32mI (478) heap_init: At 3FFB8310 len 00027CF0 (159 KiB): DRAM[0m
[0;32mI (484) heap_init: At 3FFE0440 len 00003AE0 (14 KiB): D/IRAM[0m
[0;32mI (490) heap_init: At 3FFE4350 len 0001BCB0 (111 KiB): D/IRAM[0m
[0;32mI (497) heap_init: At 400968B4 len 0000974C (37 KiB): IRAM[0m
[0;32mI (505) spi_flash: detected chip: generic[0m
[0;32mI (508) spi_flash: flash io: dio[0m
[0;32mI (513) main_task: Started on CPU0[0m
[0;32mI (523) main_task: Calling app_main()[0m
[0;32mI (553) state_machine: Estado atual: STATE_INIT[0m
[0;32mI (553) gpio: GPIO[4]| InputEn: 0| OutputEn: 1| OpenDrain: 0| Pullup: 0| Pulldown: 0| Intr:0 [0m
[0;32mI (573) wifi:wifi driver task: 3ffc9484, prio:23, stack:6656, core=0[0m
[0;32mI (583) wifi:wifi firmware version: a9f5b59[0m
[0;32mI (583) wifi:wifi certification version: v7.0[0m
[0;32mI (593) wifi:config NVS flash: enabled[0m
[0;32mI (593) wifi:config nano formating: disabled[0m
[0;32mI (593) wifi:Init data frame dynamic rx buffer num: 32[0m
[0;32mI (593) wifi:Init static rx mgmt buffer num: 5[0m
[0;32mI (603) wifi:Init management short buffer num: 32[0m
[0;32mI (603) wifi:Init dynamic tx buffer num: 32[0m
[0;32mI (613) wifi:Init static rx buffer size: 1600[0m
[0;32mI (613) wifi:Init static rx buffer num: 10[0m
[0;32mI (613) wifi:Init dynamic rx buffer num: 32[0m
[0;32mI (623) wifi_init: rx ba win: 6[0m
[0;32mI (623) wifi_init: tcpip mbox: 32[0m
[0;32mI (633) wifi_init: udp mbox: 6[0m
[0;32mI (633) wifi_init: tcp mbox: 6[0m
[0;32mI (633) wifi_init: tcp tx win: 5760[0m
[0;32mI (643) wifi_init: tcp rx win: 5760[0m
[0;32mI (643) wifi_init: tcp mss: 1440[0m
[0;32mI (653) wifi_init: WiFi IRAM OP enabled[0m
[0;32mI (653) wifi_init: WiFi RX IRAM OP enabled[0m
[0;32mI (663) phy_init: phy_version 4791,2c4672b,Dec 20 2023,16:06:06[0m
[0;31mE (663) phy_init: failed to allocate memory for RF calibration data[0m

abort() was called at PC 0x4014ec7a on core 0


Backtrace: 0x40081c12:0x3ffc9240 0x40089125:0x3ffc9260 0x40090acd:0x3ffc9280 0x4014ec7a:0x3ffc92f0 0x4014edb5:0x3ffc9320 0x4015676d:0x3ffc9340 0x40118a4a:0x3ffc9360 0x40119286:0x3ffc9380 0x40117636:0x3ffc93a0 0x4009250d:0x3ffc93c0 0x40089edd:0x3ffc93f0




ELF file SHA256: 6a9f7c87b

Rebooting...
ets Jul 29 2019 12:21:46

rst:0xc (SW_CPU_RESET),boot:0x13 (SPI_FAST_FLASH_BOOT)
configsip: 0, SPIWP:0xee
clk_drv:0x00,q_drv:0x00,d_drv:0x00,cs0_drv:0x00,hd_drv:0x00,wp_drv:0x00
mode:DIO, clock div:2
load:0x3fff0030,len:7172
load:0x40078000,len:15540
load:0x40080400,len:4
ho 8 tail 4 room 4
load:0x40080404,len:3904
entry 0x40080638
[0;32mI (31) boot: ESP-IDF 5.2.1 2nd stage bootloader[0m
[0;32mI (31) boot: compile time Oct 10 2024 15:25:47[0m
[0;32mI (31) boot: Multicore bootloader[0m
[0;32mI (35) boot: chip revision: v3.1[0m
[0;32mI (39) boot.esp32: SPI Speed      : 40MHz[0m
[0;32mI (44) boot.esp32: SPI Mode       : DIO[0m
[0;32mI (48) boot.esp32: SPI Flash Size : 4MB[0m
[0;32mI (53) boot: Enabling RNG early entropy source...[0m
[0;32mI (58) boot: Partition Table:[0m
[0;32mI (62) boot: ## Label            Usage          Type ST Offset   Length[0m
[0;32mI (69) boot:  0 nvs              WiFi data        01 02 00009000 00006000[0m
[0;32mI (76) boot:  1 phy_init         RF data          01 01 0000f000 00001000[0m
[0;32mI (84) boot:  2 factory          factory app      00 00 00010000 00100000[0m
[0;32mI (91) boot: End of partition table[0m
[0;32mI (96) esp_image: segment 0: paddr=00010020 vaddr=3f400020 size=23114h (143636) map[0m
[0;32mI (153) esp_image: segment 1: paddr=0003313c vaddr=3ffb0000 size=03c9ch ( 15516) load[0m
[0;32mI (159) esp_image: segment 2: paddr=00036de0 vaddr=40080000 size=09238h ( 37432) load[0m
[0;32mI (174) esp_image: segment 3: paddr=00040020 vaddr=400d0020 size=88b84h (560004) map[0m
[0;32mI (366) esp_image: segment 4: paddr=000c8bac vaddr=40089238 size=0d67ch ( 54908) load[0m
[0;32mI (399) boot: Loaded app from partition at offset 0x10000[0m
[0;32mI (399) boot: Disabling RNG early entropy source...[0m
[0;32mI (411) cpu_start: Multicore app[0m
[0;32mI (420) cpu_start: Pro cpu start user code[0m
[0;32mI (420) cpu_start: cpu freq: 160000000 Hz[0m
[0;32mI (420) cpu_start: Application information:[0m
[0;32mI (423) cpu_start: Project name:     weazy-automation[0m
[0;32mI (429) cpu_start: App version:      3ccae97-dirty[0m
[0;32mI (434) cpu_start: Compile time:     Oct 10 2024 15:14:38[0m
[0;32mI (440) cpu_start: ELF file SHA256:  6a9f7c87b...[0m
[0;32mI (445) cpu_start: ESP-IDF:          5.2.1[0m
[0;32mI (450) cpu_start: Min chip rev:     v0.0[0m
[0;32mI (455) cpu_start: Max chip rev:     v3.99 [0m
[0;32mI (460) cpu_start: Chip rev:         v3.1[0m
[0;32mI (465) heap_init: Initializing. RAM available for dynamic allocation:[0m
[0;32mI (472) heap_init: At 3FFAE6E0 len 00001920 (6 KiB): DRAM[0m
[0;32mI (478) heap_init: At 3FFB8310 len 00027CF0 (159 KiB): DRAM[0m
[0;32mI (484) heap_init: At 3FFE0440 len 00003AE0 (14 KiB): D/IRAM[0m
[0;32mI (490) heap_init: At 3FFE4350 len 0001BCB0 (111 KiB): D/IRAM[0m
[0;32mI (497) heap_init: At 400968B4 len 0000974C (37 KiB): IRAM[0m
[0;32mI (505) spi_flash: detected chip: generic[0m
[0;32mI (508) spi_flash: flash io: dio[0m
[0;32mI (513) main_task: Started on CPU0[0m
[0;32mI (523) main_task: Calling app_main()[0m
[0;32mI (553) state_machine: Estado atual: STATE_INIT[0m
[0;32mI (553) gpio: GPIO[4]| InputEn: 0| OutputEn: 1| OpenDrain: 0| Pullup: 0| Pulldown: 0| Intr:0 [0m
[0;32mI (573) wifi:wifi driver task: 3ffc9484, prio:23, stack:6656, core=0[0m
[0;32mI (583) wifi:wifi firmware version: a9f5b59[0m
[0;32mI (583) wifi:wifi certification version: v7.0[0m
[0;32mI (593) wifi:config NVS flash: enabled[0m
[0;32mI (593) wifi:config nano formating: disabled[0m
[0;32mI (593) wifi:Init data frame dynamic rx buffer num: 32[0m
[0;32mI (593) wifi:Init static rx mgmt buffer num: 5[0m
[0;32mI (603) wifi:Init management short buffer num: 32[0m
[0;32mI (603) wifi:Init dynamic tx buffer num: 32[0m
[0;32mI (613) wifi:Init static rx buffer size: 1600[0m
[0;32mI (613) wifi:Init static rx buffer num: 10[0m
[0;32mI (613) wifi:Init dynamic rx buffer num: 32[0m
[0;32mI (623) wifi_init: rx ba win: 6[0m
[0;32mI (623) wifi_init: tcpip mbox: 32[0m
[0;32mI (633) wifi_init: udp mbox: 6[0m
[0;32mI (633) wifi_init: tcp mbox: 6[0m
[0;32mI (633) wifi_init: tcp tx win: 5760[0m
[0;32mI (643) wifi_init: tcp rx win: 5760[0m
[0;32mI (643) wifi_init: tcp mss: 1440[0m
[0;32mI (653) wifi_init: WiFi IRAM OP enabled[0m
[0;32mI (653) wifi_init: WiFi RX IRAM OP enabled[0m
[0;32mI (663) phy_init: phy_version 4791,2c4672b,Dec 20 2023,16:06:06[0m
[0;31mE (663) phy_init: failed to allocate memory for RF calibration data[0m

abort() was called at PC 0x4014ec7a on core 0


Backtrace: 0x40081c12:0x3ffc9240 0x40089125:0x3ffc9260 0x40090acd:0x3ffc9280 0x4014ec7a:0x3ffc92f0 0x4014edb5:0x3ffc9320 0x4015676d:0x3ffc9340 0x40118a4a:0x3ffc9360 0x40119286:0x3ffc9380 0x40117636:0x3ffc93a0 0x4009250d:0x3ffc93c0 0x40089edd:0x3ffc93f0




ELF file SHA256: 6a9f7c87b

Rebooting...
ets Jul 29 2019 12:21:46

rst:0xc (SW_CPU_RESET),boot:0x13 (SPI_FAST_FLASH_BOOT)
configsip: 0, SPIWP:0xee
clk_drv:0x00,q_drv:0x00,d_drv:0x00,cs0_drv:0x00,hd_drv:0x00,wp_drv:0x00
mode:DIO, clock div:2
load:0x3fff0030,len:7172
load:0x40078000,len:15540
load:0x40080400,len:4
ho 8 tail 4 room 4
load:0x40080404,len:3904
entry 0x40080638
[0;32mI (31) boot: ESP-IDF 5.2.1 2nd stage bootloader[0m
[0;32mI (31) boot: compile time Oct 10 2024 15:25:47[0m
[0;32mI (31) boot: Multicore bootloader[0m
[0;32mI (35) boot: chip revision: v3.1[0m
[0;32mI (39) boot.esp32: SPI Speed      : 40MHz[0m
[0;32mI (44) boot.esp32: SPI Mode       : DIO[0m
[0;32mI (48) boot.esp32: SPI Flash Size : 4MB[0m
[0;32mI (53) boot: Enabling RNG early entropy source...[0m
[0;32mI (58) boot: Partition Table:[0m
[0;32mI (62) boot: ## Label            Usage          Type ST Offset   Length[0m
[0;32mI (69) boot:  0 nvs              WiFi data        01 02 00009000 00006000[0m
[0;32mI (76) boot:  1 phy_init         RF data          01 01 0000f000 00001000[0m
[0;32mI (84) boot:  2 factory          factory app      00 00 00010000 00100000[0m
[0;32mI (91) boot: End of partition table[0m
[0;32mI (96) esp_image: segment 0: paddr=00010020 vaddr=3f400020 size=23114h (143636) map[0m
[0;32mI (153) esp_image: segment 1: paddr=0003313c vaddr=3ffb0000 size=03c9ch ( 15516) load[0m
[0;32mI (159) esp_image: segment 2: paddr=00036de0 vaddr=40080000 size=09238h ( 37432) load[0m
[0;32mI (174) esp_image: segment 3: paddr=00040020 vaddr=400d0020 size=88b84h (560004) map[0m
[0;32mI (366) esp_image: segment 4: paddr=000c8bac vaddr=40089238 size=0d67ch ( 54908) load[0m
[0;32mI (399) boot: Loaded app from partition at offset 0x10000[0m
[0;32mI (399) boot: Disabling RNG early entropy source...[0m
[0;32mI (411) cpu_start: Multicore app[0m
[0;32mI (420) cpu_start: Pro cpu start user code[0m
[0;32mI (420) cpu_start: cpu freq: 160000000 Hz[0m
[0;32mI (420) cpu_start: Application information:[0m
[0;32mI (423) cpu_start: Project name:     weazy-automation[0m
[0;32mI (429) cpu_start: App version:      3ccae97-dirty[0m
[0;32mI (434) cpu_start: Compile time:     Oct 10 2024 15:14:38[0m
[0;32mI (440) cpu_start: ELF file SHA256:  6a9f7c87b...[0m
[0;32mI (445) cpu_start: ESP-IDF:          5.2.1[0m
[0;32mI (450) cpu_start: Min chip rev:     v0.0[0m
[0;32mI (455) cpu_start: Max chip rev:     v3.99 [0m
[0;32mI (460) cpu_start: Chip rev:         v3.1[0m
[0;32mI (465) heap_init: Initializing. RAM available for dynamic allocation:[0m
[0;32mI (472) heap_init: At 3FFAE6E0 len 00001920 (6 KiB): DRAM[0m
[0;32mI (478) heap_init: At 3FFB8310 len 00027CF0 (159 KiB): DRAM[0m
[0;32mI (484) heap_init: At 3FFE0440 len 00003AE0 (14 KiB): D/IRAM[0m
[0;32mI (490) heap_init: At 3FFE4350 len 0001BCB0 (111 KiB): D/IRAM[0m
[0;32mI (497) heap_init: At 400968B4 len 0000974C (37 KiB): IRAM[0m
[0;32mI (505) spi_flash: detected chip: generic[0m
[0;32mI (508) spi_flash: flash io: dio[0m
[0;32mI (513) main_task: Started on CPU0[0m
[0;32mI (523) main_task: Calling app_main()[0m
[0;32mI (553) state_machine: Estado atual: STATE_INIT[0m
[0;32mI (553) gpio: GPIO[4]| InputEn: 0| OutputEn: 1| OpenDrain: 0| Pullup: 0| Pulldown: 0| Intr:0 [0m
[0;32mI (573) wifi:wifi driver task: 3ffc9484, prio:23, stack:6656, core=0[0m
[0;32mI (583) wifi:wifi firmware version: a9f5b59[0m
[0;32mI (583) wifi:wifi certification version: v7.0[0m
[0;32mI (593) wifi:config NVS flash: enabled[0m
[0;32mI (593) wifi:config nano formating: disabled[0m
[0;32mI (593) wifi:Init data frame dynamic rx buffer num: 32[0m
[0;32mI (593) wifi:Init static rx mgmt buffer num: 5[0m
[0;32mI (603) wifi:Init management short buffer num: 32[0m
[0;32mI (603) wifi:Init dynamic tx buffer num: 32[0m
[0;32mI (613) wifi:Init static rx buffer size: 1600[0m
[0;32mI (613) wifi:Init static rx buffer num: 10[0m
[0;32mI (613) wifi:Init dynamic rx buffer num: 32[0m
[0;32mI (623) wifi_init: rx ba win: 6[0m
[0;32mI (623) wifi_init: tcpip mbox: 32[0m
[0;32mI (633) wifi_init: udp mbox: 6[0m
[0;32mI (633) wifi_init: tcp mbox: 6[0m
[0;32mI (633) wifi_init: tcp tx win: 5760[0m
[0;32mI (643) wifi_init: tcp rx win: 5760[0m
[0;32mI (643) wifi_init: tcp mss: 1440[0m
[0;32mI (653) wifi_init: WiFi IRAM OP enabled[0m
[0;32mI (653) wifi_init: WiFi RX IRAM OP enabled[0m
[0;32mI (663) phy_init: phy_version 4791,2c4672b,Dec 20 2023,16:06:06[0m
[0;31mE (663) phy_init: failed to allocate memory for RF calibration data[0m

abort() was called at PC 0x4014ec7a on core 0


Backtrace: 0x40081c12:0x3ffc9240 0x40089125:0x3ffc9260 0x40090acd:0x3ffc9280 0x4014ec7a:0x3ffc92f0 0x4014edb5:0x3ffc9320 0x4015676d:0x3ffc9340 0x40118a4a:0x3ffc9360 0x40119286:0x3ffc9380 0x40117636:0x3ffc93a0 0x4009250d:0x3ffc93c0 0x40089edd:0x3ffc93f0




ELF file SHA256: 6a9f7c87b

Rebooting...
ets Jul 29 2019 12:21:46

rst:0xc (SW_CPU_RESET),boot:0x13 (SPI_FAST_FLASH_BOOT)
configsip: 0, SPIWP:0xee
clk_drv:0x00,q_drv:0x00,d_drv:0x00,cs0_drv:0x00,hd_drv:0x00,wp_drv:0x00
mode:DIO, clock div:2
load:0x3fff0030,len:7172
load:0x40078000,len:15540
load:0x40080400,len:4
ho 8 tail 4 room 4
load:0x40080404,len:3904
entry 0x40080638
[0;32mI (31) boot: ESP-IDF 5.2.1 2nd stage bootloader[0m
[0;32mI (31) boot: compile time Oct 10 2024 15:25:47[0m
[0;32mI (31) boot: Multicore bootloader[0m
[0;32mI (35) boot: chip revision: v3.1[0m
[0;32mI (39) boot.esp32: SPI Speed      : 40MHz[0m
[0;32mI (44) boot.esp32: SPI Mode       : DIO[0m
[0;32mI (48) boot.esp32: SPI Flash Size : 4MB[0m
[0;32mI (53) boot: Enabling RNG early entropy source...[0m
[0;32mI (58) boot: Partition Table:[0m
[0;32mI (62) boot: ## Label            Usage          Type ST Offset   Length[0m
[0;32mI (69) boot:  0 nvs              WiFi data        01 02 00009000 00006000[0m
[0;32mI (76) boot:  1 phy_init         RF data          01 01 0000f000 00001000[0m
[0;32mI (84) boot:  2 factory          factory app      00 00 00010000 00100000[0m
[0;32mI (91) boot: End of partition table[0m
[0;32mI (96) esp_image: segment 0: paddr=00010020 vaddr=3f400020 size=23114h (143636) map[0m
[0;32mI (153) esp_image: segment 1: paddr=0003313c vaddr=3ffb0000 size=03c9ch ( 15516) load[0m
[0;32mI (159) esp_image: segment 2: paddr=00036de0 vaddr=40080000 size=09238h ( 37432) load[0m
[0;32mI (174) esp_image: segment 3: paddr=00040020 vaddr=400d0020 size=88b84h (560004) map[0m
[0;32mI (366) esp_image: segment 4: paddr=000c8bac vaddr=40089238 size=0d67ch ( 54908) load[0m
[0;32mI (399) boot: Loaded app from partition at offset 0x10000[0m
[0;32mI (399) boot: Disabling RNG early entropy source...[0m
[0;32mI (411) cpu_start: Multicore app[0m
[0;32mI (420) cpu_start: Pro cpu start user code[0m
[0;32mI (420) cpu_start: cpu freq: 160000000 Hz[0m
[0;32mI (420) cpu_start: Application information:[0m
[0;32mI (423) cpu_start: Project name:     weazy-automation[0m
[0;32mI (429) cpu_start: App version:      3ccae97-dirty[0m
[0;32mI (434) cpu_start: Compile time:     Oct 10 2024 15:14:38[0m
[0;32mI (440) cpu_start: ELF file SHA256:  6a9f7c87b...[0m
[0;32mI (445) cpu_start: ESP-IDF:          5.2.1[0m
[0;32mI (450) cpu_start: Min chip rev:     v0.0[0m
[0;32mI (455) cpu_start: Max chip rev:     v3.99 [0m
[0;32mI (460) cpu_start: Chip rev:         v3.1[0m
[0;32mI (465) heap_init: Initializing. RAM available for dynamic allocation:[0m
[0;32mI (472) heap_init: At 3FFAE6E0 len 00001920 (6 KiB): DRAM[0m
[0;32mI (478) heap_init: At 3FFB8310 len 00027CF0 (159 KiB): DRAM[0m
[0;32mI (484) heap_init: At 3FFE0440 len 00003AE0 (14 KiB): D/IRAM[0m
[0;32mI (490) heap_init: At 3FFE4350 len 0001BCB0 (111 KiB): D/IRAM[0m
[0;32mI (497) heap_init: At 400968B4 len 0000974C (37 KiB): IRAM[0m
[0;32mI (505) spi_flash: detected chip: generic[0m
[0;32mI (508) spi_flash: flash io: dio[0m
[0;32mI (513) main_task: Started on CPU0[0m
[0;32mI (523) main_task: Calling app_main()[0m
[0;32mI (553) state_machine: Estado atual: STATE_INIT[0m
[0;32mI (553) gpio: GPIO[4]| InputEn: 0| OutputEn: 1| OpenDrain: 0| Pullup: 0| Pulldown: 0| Intr:0 [0m
[0;32mI (573) wifi:wifi driver task: 3ffc9484, prio:23, stack:6656, core=0[0m
[0;32mI (583) wifi:wifi firmware version: a9f5b59[0m
[0;32mI (583) wifi:wifi certification version: v7.0[0m
[0;32mI (593) wifi:config NVS flash: enabled[0m
[0;32mI (593) wifi:config nano formating: disabled[0m
[0;32mI (593) wifi:Init data frame dynamic rx buffer num: 32[0m
[0;32mI (593) wifi:Init static rx mgmt buffer num: 5[0m
[0;32mI (603) wifi:Init management short buffer num: 32[0m
[0;32mI (603) wifi:Init dynamic tx buffer num: 32[0m
[0;32mI (613) wifi:Init static rx buffer size: 1600[0m
[0;32mI (613) wifi:Init static rx buffer num: 10[0m
[0;32mI (613) wifi:Init dynamic rx buffer num: 32[0m
[0;32mI (623) wifi_init: rx ba win: 6[0m
[0;32mI (623) wifi_init: tcpip mbox: 32[0m
[0;32mI (633) wifi_init: udp mbox: 6[0m
[0;32mI (633) wifi_init: tcp mbox: 6[0m
[0;32mI (633) wifi_init: tcp tx win: 5760[0m
[0;32mI (643) wifi_init: tcp rx win: 5760[0m
[0;32mI (643) wifi_init: tcp mss: 1440[0m
[0;32mI (653) wifi_init: WiFi IRAM OP enabled[0m
[0;32mI (653) wifi_init: WiFi RX IRAM OP enabled[0m
[0;32mI (663) phy_init: phy_version 4791,2c4672b,Dec 20 2023,16:06:06[0m
[0;31mE (663) phy_init: failed to allocate memory for RF calibration data[0m

abort() was called at PC 0x4014ec7a on core 0


Backtrace: 0x40081c12:0x3ffc9240 0x40089125:0x3ffc9260 0x40090acd:0x3ffc9280 0x4014ec7a:0x3ffc92f0 0x4014edb5:0x3ffc9320 0x4015676d:0x3ffc9340 0x40118a4a:0x3ffc9360 0x40119286:0x3ffc9380 0x40117636:0x3ffc93a0 0x4009250d:0x3ffc93c0 0x40089edd:0x3ffc93f0




ELF file SHA256: 6a9f7c87b

Rebooting...
ets Jul 29 2019 12:21:46

rst:0xc (SW_CPU_RESET),boot:0x13 (SPI_FAST_FLASH_BOOT)
configsip: 0, SPIWP:0xee
clk_drv:0x00,q_drv:0x00,d_drv:0x00,cs0_drv:0x00,hd_drv:0x00,wp_drv:0x00
mode:DIO, clock div:2
load:0x3fff0030,len:7172
load:0x40078000,len:15540
load:0x40080400,len:4
ho 8 tail 4 room 4
load:0x40080404,len:3904
entry 0x40080638
[0;32mI (31) boot: ESP-IDF 5.2.1 2nd stage bootloader[0m
[0;32mI (31) boot: compile time Oct 10 2024 15:25:47[0m
[0;32mI (31) boot: Multicore bootloader[0m
[0;32mI (35) boot: chip revision: v3.1[0m
[0;32mI (39) boot.esp32: SPI Speed      : 40MHz[0m
[0;32mI (44) boot.esp32: SPI Mode       : DIO[0m
[0;32mI (48) boot.esp32: SPI Flash Size : 4MB[0m
[0;32mI (53) boot: Enabling RNG early entropy source...[0m
[0;32mI (58) boot: Partition Table:[0m
[0;32mI (62) boot: ## Label            Usage          Type ST Offset   Length[0m
[0;32mI (69) boot:  0 nvs              WiFi data        01 02 00009000 00006000[0m
[0;32mI (76) boot:  1 phy_init         RF data          01 01 0000f000 00001000[0m
[0;32mI (84) boot:  2 factory          factory app      00 00 00010000 00100000[0m
[0;32mI (91) boot: End of partition table[0m
[0;32mI (96) esp_image: segment 0: paddr=00010020 vaddr=3f400020 size=23114h (143636) map[0m
[0;32mI (153) esp_image: segment 1: paddr=0003313c vaddr=3ffb0000 size=03c9ch ( 15516) load[0m
[0;32mI (159) esp_image: segment 2: paddr=00036de0 vaddr=40080000 size=09238h ( 37432) load[0m
[0;32mI (174) esp_image: segment 3: paddr=00040020 vaddr=400d0020 size=88b84h (560004) map[0m
[0;32mI (366) esp_image: segment 4: paddr=000c8bac vaddr=40089238 size=0d67ch ( 54908) load[0m
[0;32mI (399) boot: Loaded app from partition at offset 0x10000[0m
[0;32mI (399) boot: Disabling RNG early entropy source...[0m
[0;32mI (411) cpu_start: Multicore app[0m
[0;32mI (420) cpu_start: Pro cpu start user code[0m
[0;32mI (420) cpu_start: cpu freq: 160000000 Hz[0m
[0;32mI (420) cpu_start: Application information:[0m
[0;32mI (423) cpu_start: Project name:     weazy-automation[0m
[0;32mI (429) cpu_start: App version:      3ccae97-dirty[0m
[0;32mI (434) cpu_start: Compile time:     Oct 10 2024 15:14:38[0m
[0;32mI (440) cpu_start: ELF file SHA256:  6a9f7c87b...[0m
[0;32mI (445) cpu_start: ESP-IDF:          5.2.1[0m
[0;32mI (450) cpu_start: Min chip rev:     v0.0[0m
[0;32mI (455) cpu_start: Max chip rev:     v3.99 [0m
[0;32mI (460) cpu_start: Chip rev:         v3.1[0m
[0;32mI (465) heap_init: Initializing. RAM available for dynamic allocation:[0m
[0;32mI (472) heap_init: At 3FFAE6E0 len 00001920 (6 KiB): DRAM[0m
[0;32mI (478) heap_init: At 3FFB8310 len 00027CF0 (159 KiB): DRAM[0m
[0;32mI (484) heap_init: At 3FFE0440 len 00003AE0 (14 KiB): D/IRAM[0m
[0;32mI (490) heap_init: At 3FFE4350 len 0001BCB0 (111 KiB): D/IRAM[0m
[0;32mI (497) heap_init: At 400968B4 len 0000974C (37 KiB): IRAM[0m
[0;32mI (505) spi_flash: detected chip: generic[0m
[0;32mI (508) spi_flash: flash io: dio[0m
[0;32mI (513) main_task: Started on CPU0[0m
[0;32mI (523) main_task: Calling app_main()[0m
[0;32mI (553) state_machine: Estado atual: STATE_INIT[0m
[0;32mI (553) gpio: GPIO[4]| InputEn: 0| OutputEn: 1| OpenDrain: 0| Pullup: 0| Pulldown: 0| Intr:0 [0m
[0;32mI (573) wifi:wifi driver task: 3ffc9484, prio:23, stack:6656, core=0[0m
[0;32mI (583) wifi:wifi firmware version: a9f5b59[0m
[0;32mI (583) wifi:wifi certification version: v7.0[0m
[0;32mI (593) wifi:config NVS flash: enabled[0m
[0;32mI (593) wifi:config nano formating: disabled[0m
[0;32mI (593) wifi:Init data frame dynamic rx buffer num: 32[0m
[0;32mI (593) wifi:Init static rx mgmt buffer num: 5[0m
[0;32mI (603) wifi:Init management short buffer num: 32[0m
[0;32mI (603) wifi:Init dynamic tx buffer num: 32[0m
[0;32mI (613) wifi:Init static rx buffer size: 1600[0m
[0;32mI (613) wifi:Init static rx buffer num: 10[0m
[0;32mI (613) wifi:Init dynamic rx buffer num: 32[0m
[0;32mI (623) wifi_init: rx ba win: 6[0m
[0;32mI (623) wifi_init: tcpip mbox: 32[0m
[0;32mI (633) wifi_init: udp mbox: 6[0m
[0;32mI (633) wifi_init: tcp mbox: 6[0m
[0;32mI (633) wifi_init: tcp tx win: 5760[0m
[0;32mI (643) wifi_init: tcp rx win: 5760[0m
[0;32mI (643) wifi_init: tcp mss: 1440[0m
[0;32mI (653) wifi_init: WiFi IRAM OP enabled[0m
[0;32mI (653) wifi_init: WiFi RX IRAM OP enabled[0m
[0;32mI (663) phy_init: phy_version 4791,2c4672b,Dec 20 2023,16:06:06[0m
[0;31mE (663) phy_init: failed to allocate memory for RF calibration data[0m

abort() was called at PC 0x4014ec7a on core 0


Backtrace: 0x40081c12:0x3ffc9240 0x40089125:0x3ffc9260 0x40090acd:0x3ffc9280 0x4014ec7a:0x3ffc92f0 0x4014edb5:0x3ffc9320 0x4015676d:0x3ffc9340 0x40118a4a:0x3ffc9360 0x40119286:0x3ffc9380 0x40117636:0x3ffc93a0 0x4009250d:0x3ffc93c0 0x40089edd:0x3ffc93f0




ELF file SHA256: 6a9f7c87b

Rebooting...
ets Jul 29 2019 12:21:46

rst:0xc (SW_CPU_RESET),boot:0x13 (SPI_FAST_FLASH_BOOT)
configsip: 0, SPIWP:0xee
clk_drv:0x00,q_drv:0x00,d_drv:0x00,cs0_drv:0x00,hd_drv:0x00,wp_drv:0x00
mode:DIO, clock div:2
load:0x3fff0030,len:7172
load:0x40078000,len:15540
load:0x40080400,len:4
ho 8 tail 4 room 4
load:0x40080404,len:3904
entry 0x40080638
[0;32mI (31) boot: ESP-IDF 5.2.1 2nd stage bootloader[0m
[0;32mI (31) boot: compile time Oct 10 2024 15:25:47[0m
[0;32mI (31) boot: Multicore bootloader[0m
[0;32mI (35) boot: chip revision: v3.1[0m
[0;32mI (39) boot.esp32: SPI Speed      : 40MHz[0m
[0;32mI (44) boot.esp32: SPI Mode       : DIO[0m
[0;32mI (48) boot.esp32: SPI Flash Size : 4MB[0m
[0;32mI (53) boot: Enabling RNG early entropy source...[0m
[0;32mI (58) boot: Partition Table:[0m
[0;32mI (62) boot: ## Label            Usage          Type ST Offset   Length[0m
[0;32mI (69) boot:  0 nvs              WiFi data        01 02 00009000 00006000[0m
[0;32mI (76) boot:  1 phy_init         RF data          01 01 0000f000 00001000[0m
[0;32mI (84) boot:  2 factory          factory app      00 00 00010000 00100000[0m
[0;32mI (91) boot: End of partition table[0m
[0;32mI (96) esp_image: segment 0: paddr=00010020 vaddr=3f400020 size=23114h (143636) map[0m
[0;32mI (153) esp_image: segment 1: paddr=0003313c vaddr=3ffb0000 size=03c9ch ( 15516) load[0m
[0;32mI (159) esp_image: segment 2: paddr=00036de0 vaddr=40080000 size=09238h ( 37432) load[0m
[0;32mI (174) esp_image: segment 3: paddr=00040020 vaddr=400d0020 size=88b84h (560004) map[0m
[0;32mI (366) esp_image: segment 4: paddr=000c8bac vaddr=40089238 size=0d67ch ( 54908) load[0m
[0;32mI (399) boot: Loaded app from partition at offset 0x10000[0m
[0;32mI (399) boot: Disabling RNG early entropy source...[0m
[0;32mI (411) cpu_start: Multicore app[0m
[0;32mI (420) cpu_start: Pro cpu start user code[0m
[0;32mI (420) cpu_start: cpu freq: 160000000 Hz[0m
[0;32mI (420) cpu_start: Application information:[0m
[0;32mI (423) cpu_start: Project name:     weazy-automation[0m
[0;32mI (429) cpu_start: App version:      3ccae97-dirty[0m
[0;32mI (434) cpu_start: Compile time:     Oct 10 2024 15:14:38[0m
[0;32mI (440) cpu_start: ELF file SHA256:  6a9f7c87b...[0m
[0;32mI (445) cpu_start: ESP-IDF:          5.2.1[0m
[0;32mI (450) cpu_start: Min chip rev:     v0.0[0m
[0;32mI (455) cpu_start: Max chip rev:     v3.99 [0m
[0;32mI (460) cpu_start: Chip rev:         v3.1[0m
[0;32mI (465) heap_init: Initializing. RAM available for dynamic allocation:[0m
[0;32mI (472) heap_init: At 3FFAE6E0 len 00001920 (6 KiB): DRAM[0m
[0;32mI (478) heap_init: At 3FFB8310 len 00027CF0 (159 KiB): DRAM[0m
[0;32mI (484) heap_init: At 3FFE0440 len 00003AE0 (14 KiB): D/IRAM[0m
[0;32mI (490) heap_init: At 3FFE4350 len 0001BCB0 (111 KiB): D/IRAM[0m
[0;32mI (497) heap_init: At 400968B4 len 0000974C (37 KiB): IRAM[0m
[0;32mI (505) spi_flash: detected chip: generic[0m
[0;32mI (508) spi_flash: flash io: dio[0m
[0;32mI (513) main_task: Started on CPU0[0m
[0;32mI (523) main_task: Calling app_main()[0m
[0;32mI (553) state_machine: Estado atual: STATE_INIT[0m
[0;32mI (553) gpio: GPIO[4]| InputEn: 0| OutputEn: 1| OpenDrain: 0| Pullup: 0| Pulldown: 0| Intr:0 [0m
[0;32mI (573) wifi:wifi driver task: 3ffc9484, prio:23, stack:6656, core=0[0m
[0;32mI (583) wifi:wifi firmware version: a9f5b59[0m
[0;32mI (583) wifi:wifi certification version: v7.0[0m
[0;32mI (593) wifi:config NVS flash: enabled[0m
[0;32mI (593) wifi:config nano formating: disabled[0m
[0;32mI (593) wifi:Init data frame dynamic rx buffer num: 32[0m
[0;32mI (593) wifi:Init static rx mgmt buffer num: 5[0m
[0;32mI (603) wifi:Init management short buffer num: 32[0m
[0;32mI (603) wifi:Init dynamic tx buffer num: 32[0m
[0;32mI (613) wifi:Init static rx buffer size: 1600[0m
[0;32mI (613) wifi:Init static rx buffer num: 10[0m
[0;32mI (613) wifi:Init dynamic rx buffer num: 32[0m
[0;32mI (623) wifi_init: rx ba win: 6[0m
[0;32mI (623) wifi_init: tcpip mbox: 32[0m
[0;32mI (633) wifi_init: udp mbox: 6[0m
[0;32mI (633) wifi_init: tcp mbox: 6[0m
[0;32mI (633) wifi_init: tcp tx win: 5760[0m
[0;32mI (643) wifi_init: tcp rx win: 5760[0m
[0;32mI (643) wifi_init: tcp mss: 1440[0m
[0;32mI (653) wifi_init: WiFi IRAM OP enabled[0m
[0;32mI (653) wifi_init: WiFi RX IRAM OP enabled[0m
[0;32mI (663) phy_init: phy_version 4791,2c4672b,Dec 20 2023,16:06:06[0m
[0;31mE (663) phy_init: failed to allocate memory for RF calibration data[0m

abort() was called at PC 0x4014ec7a on core 0


Backtrace: 0x40081c12:0x3ffc9240 0x40089125:0x3ffc9260 0x40090acd:0x3ffc9280 0x4014ec7a:0x3ffc92f0 0x4014edb5:0x3ffc9320 0x4015676d:0x3ffc9340 0x40118a4a:0x3ffc9360 0x40119286:0x3ffc9380 0x40117636:0x3ffc93a0 0x4009250d:0x3ffc93c0 0x40089edd:0x3ffc93f0




ELF file SHA256: 6a9f7c87b

Rebooting...
ets Jul 29 2019 12:21:46

rst:0xc (SW_CPU_RESET),boot:0x13 (SPI_FAST_FLASH_BOOT)
configsip: 0, SPIWP:0xee
clk_drv:0x00,q_drv:0x00,d_drv:0x00,cs0_drv:0x00,hd_drv:0x00,wp_drv:0x00
mode:DIO, clock div:2
load:0x3fff0030,len:7172
load:0x40078000,len:15540
load:0x40080400,len:4
ho 8 tail 4 room 4
load:0x40080404,len:3904
entry 0x40080638
[0;32mI (31) boot: ESP-IDF 5.2.1 2nd stage bootloader[0m
[0;32mI (31) boot: compile time Oct 10 2024 15:25:47[0m
[0;32mI (31) boot: Multicore bootloader[0m
[0;32mI (35) boot: chip revision: v3.1[0m
[0;32mI (39) boot.esp32: SPI Speed      : 40MHz[0m
[0;32mI (44) boot.esp32: SPI Mode       : DIO[0m
[0;32mI (48) boot.esp32: SPI Flash Size : 4MB[0m
[0;32mI (53) boot: Enabling RNG early entropy source...[0m
[0;32mI (58) boot: Partition Table:[0m
[0;32mI (62) boot: ## Label            Usage          Type ST Offset   Length[0m
[0;32mI (69) boot:  0 nvs              WiFi data        01 02 00009000 00006000[0m
[0;32mI (76) boot:  1 phy_init         RF data          01 01 0000f000 00001000[0m
[0;32mI (84) boot:  2 factory          factory app      00 00 00010000 00100000[0m
[0;32mI (91) boot: End of partition table[0m
[0;32mI (96) esp_image: segment 0: paddr=00010020 vaddr=3f400020 size=23114h (143636) map[0m
[0;32mI (153) esp_image: segment 1: paddr=0003313c vaddr=3ffb0000 size=03c9ch ( 15516) load[0m
[0;32mI (159) esp_image: segment 2: paddr=00036de0 vaddr=40080000 size=09238h ( 37432) load[0m
[0;32mI (174) esp_image: segment 3: paddr=00040020 vaddr=400d0020 size=88b84h (560004) map[0m
[0;32mI (366) esp_image: segment 4: paddr=000c8bac vaddr=40089238 size=0d67ch ( 54908) load[0m
[0;32mI (399) boot: Loaded app from partition at offset 0x10000[0m
[0;32mI (399) boot: Disabling RNG early entropy source...[0m
[0;32mI (411) cpu_start: Multicore app[0m
[0;32mI (420) cpu_start: Pro cpu start user code[0m
[0;32mI (420) cpu_start: cpu freq: 160000000 Hz[0m
[0;32mI (420) cpu_start: Application information:[0m
[0;32mI (423) cpu_start: Project name:     weazy-automation[0m
[0;32mI (429) cpu_start: App version:      3ccae97-dirty[0m
[0;32mI (434) cpu_start: Compile time:     Oct 10 2024 15:14:38[0m
[0;32mI (440) cpu_start: ELF file SHA256:  6a9f7c87b...[0m
[0;32mI (445) cpu_start: ESP-IDF:          5.2.1[0m
[0;32mI (450) cpu_start: Min chip rev:     v0.0[0m
[0;32mI (455) cpu_start: Max chip rev:     v3.99 [0m
[0;32mI (460) cpu_start: Chip rev:         v3.1[0m
[0;32mI (465) heap_init: Initializing. RAM available for dynamic allocation:[0m
[0;32mI (472) heap_init: At 3FFAE6E0 len 00001920 (6 KiB): DRAM[0m
[0;32mI (478) heap_init: At 3FFB8310 len 00027CF0 (159 KiB): DRAM[0m
[0;32mI (484) heap_init: At 3FFE0440 len 00003AE0 (14 KiB): D/IRAM[0m
[0;32mI (490) heap_init: At 3FFE4350 len 0001BCB0 (111 KiB): D/IRAM[0m
[0;32mI (497) heap_init: At 400968B4 len 0000974C (37 KiB): IRAM[0m
[0;32mI (505) spi_flash: detected chip: generic[0m
[0;32mI (508) spi_flash: flash io: dio[0m
[0;32mI (513) main_task: Started on CPU0[0m
[0;32mI (523) main_task: Calling app_main()[0m
[0;32mI (553) state_machine: Estado atual: STATE_INIT[0m
[0;32mI (553) gpio: GPIO[4]| InputEn: 0| OutputEn: 1| OpenDrain: 0| Pullup: 0| Pulldown: 0| Intr:0 [0m
[0;32mI (573) wifi:wifi driver task: 3ffc9484, prio:23, stack:6656, core=0[0m
[0;32mI (583) wifi:wifi firmware version: a9f5b59[0m
[0;32mI (583) wifi:wifi certification version: v7.0[0m
[0;32mI (593) wifi:config NVS flash: enabled[0m
[0;32mI (593) wifi:config nano formating: disabled[0m
[0;32mI (593) wifi:Init data frame dynamic rx buffer num: 32[0m
[0;32mI (593) wifi:Init static rx mgmt buffer num: 5[0m
[0;32mI (603) wifi:Init management short buffer num: 32[0m
[0;32mI (603) wifi:Init dynamic tx buffer num: 32[0m
[0;32mI (613) wifi:Init static rx buffer size: 1600[0m
[0;32mI (613) wifi:Init static rx buffer num: 10[0m
[0;32mI (613) wifi:Init dynamic rx buffer num: 32[0m
[0;32mI (623) wifi_init: rx ba win: 6[0m
[0;32mI (623) wifi_init: tcpip mbox: 32[0m
[0;32mI (633) wifi_init: udp mbox: 6[0m
[0;32mI (633) wifi_init: tcp mbox: 6[0m
[0;32mI (633) wifi_init: tcp tx win: 5760[0m
[0;32mI (643) wifi_init: tcp rx win: 5760[0m
[0;32mI (643) wifi_init: tcp mss: 1440[0m
[0;32mI (653) wifi_init: WiFi IRAM OP enabled[0m
[0;32mI (653) wifi_init: WiFi RX IRAM OP enabled[0m
[0;32mI (663) phy_init: phy_version 4791,2c4672b,Dec 20 2023,16:06:06[0m
[0;31mE (663) phy_init: failed to allocate memory for RF calibration data[0m

abort() was called at PC 0x4014ec7a on core 0


Backtrace: 0x40081c12:0x3ffc9240 0x40089125:0x3ffc9260 0x40090acd:0x3ffc9280 0x4014ec7a:0x3ffc92f0 0x4014edb5:0x3ffc9320 0x4015676d:0x3ffc9340 0x40118a4a:0x3ffc9360 0x40119286:0x3ffc9380 0x40117636:0x3ffc93a0 0x4009250d:0x3ffc93c0 0x40089edd:0x3ffc93f0




ELF file SHA256: 6a9f7c87b

Rebooting...
ets Jul 29 2019 12:21:46

rst:0xc (SW_CPU_RESET),boot:0x13 (SPI_FAST_FLASH_BOOT)
configsip: 0, SPIWP:0xee
clk_drv:0x00,q_drv:0x00,d_drv:0x00,cs0_drv:0x00,hd_drv:0x00,wp_drv:0x00
mode:DIO, clock div:2
load:0x3fff0030,len:7172
load:0x40078000,len:15540
load:0x40080400,len:4
ho 8 tail 4 room 4
load:0x40080404,len:3904
entry 0x40080638
[0;32mI (31) boot: ESP-IDF 5.2.1 2nd stage bootloader[0m
[0;32mI (31) boot: compile time Oct 10 2024 15:25:47[0m
[0;32mI (31) boot: Multicore bootloader[0m
[0;32mI (35) boot: chip revision: v3.1[0m
[0;32mI (39) boot.esp32: SPI Speed      : 40MHz[0m
[0;32mI (44) boot.esp32: SPI Mode       : DIO[0m
[0;32mI (48) boot.esp32: SPI Flash Size : 4MB[0m
[0;32mI (53) boot: Enabling RNG early entropy source...[0m
[0;32mI (58) boot: Partition Table:[0m
[0;32mI (62) boot: ## Label            Usage          Type ST Offset   Length[0m
[0;32mI (69) boot:  0 nvs              WiFi data        01 02 00009000 00006000[0m
[0;32mI (76) boot:  1 phy_init         RF data          01 01 0000f000 00001000[0m
[0;32mI (84) boot:  2 factory          factory app      00 00 00010000 00100000[0m
[0;32mI (91) boot: End of partition table[0m
[0;32mI (96) esp_image: segment 0: paddr=00010020 vaddr=3f400020 size=23114h (143636) map[0m
[0;32mI (153) esp_image: segment 1: paddr=0003313c vaddr=3ffb0000 size=03c9ch ( 15516) load[0m
[0;32mI (159) esp_image: segment 2: paddr=00036de0 vaddr=40080000 size=09238h ( 37432) load[0m
[0;32mI (174) esp_image: segment 3: paddr=00040020 vaddr=400d0020 size=88b84h (560004) map[0m
[0;32mI (366) esp_image: segment 4: paddr=000c8bac vaddr=40089238 size=0d67ch ( 54908) load[0m
[0;32mI (399) boot: Loaded app from partition at offset 0x10000[0m
[0;32mI (399) boot: Disabling RNG early entropy source...[0m
[0;32mI (411) cpu_start: Multicore app[0m
[0;32mI (420) cpu_start: Pro cpu start user code[0m
[0;32mI (420) cpu_start: cpu freq: 160000000 Hz[0m
[0;32mI (420) cpu_start: Application information:[0m
[0;32mI (423) cpu_start: Project name:     weazy-automation[0m
[0;32mI (429) cpu_start: App version:      3ccae97-dirty[0m
[0;32mI (434) cpu_start: Compile time:     Oct 10 2024 15:14:38[0m
[0;32mI (440) cpu_start: ELF file SHA256:  6a9f7c87b...[0m
[0;32mI (445) cpu_start: ESP-IDF:          5.2.1[0m
[0;32mI (450) cpu_start: Min chip rev:     v0.0[0m
[0;32mI (455) cpu_start: Max chip rev:     v3.99 [0m
[0;32mI (460) cpu_start: Chip rev:         v3.1[0m
[0;32mI (465) heap_init: Initializing. RAM available for dynamic allocation:[0m
[0;32mI (472) heap_init: At 3FFAE6E0 len 00001920 (6 KiB): DRAM[0m
[0;32mI (478) heap_init: At 3FFB8310 len 00027CF0 (159 KiB): DRAM[0m
[0;32mI (484) heap_init: At 3FFE0440 len 00003AE0 (14 KiB): D/IRAM[0m
[0;32mI (490) heap_init: At 3FFE4350 len 0001BCB0 (111 KiB): D/IRAM[0m
[0;32mI (497) heap_init: At 400968B4 len 0000974C (37 KiB): IRAM[0m
[0;32mI (505) spi_flash: detected chip: generic[0m
[0;32mI (508) spi_flash: flash io: dio[0m
[0;32mI (513) main_task: Started on CPU0[0m
[0;32mI (523) main_task: Calling app_main()[0m
[0;32mI (553) state_machine: Estado atual: STATE_INIT[0m
[0;32mI (553) gpio: GPIO[4]| InputEn: 0| OutputEn: 1| OpenDrain: 0| Pullup: 0| Pulldown: 0| Intr:0 [0m
[0;32mI (573) wifi:wifi driver task: 3ffc9484, prio:23, stack:6656, core=0[0m
[0;32mI (583) wifi:wifi firmware version: a9f5b59[0m
[0;32mI (583) wifi:wifi certification version: v7.0[0m
[0;32mI (593) wifi:config NVS flash: enabled[0m
[0;32mI (593) wifi:config nano formating: disabled[0m
[0;32mI (593) wifi:Init data frame dynamic rx buffer num: 32[0m
[0;32mI (593) wifi:Init static rx mgmt buffer num: 5[0m
[0;32mI (603) wifi:Init management short buffer num: 32[0m
[0;32mI (603) wifi:Init dynamic tx buffer num: 32[0m
[0;32mI (613) wifi:Init static rx buffer size: 1600[0m
[0;32mI (613) wifi:Init static rx buffer num: 10[0m
[0;32mI (613) wifi:Init dynamic rx buffer num: 32[0m
[0;32mI (623) wifi_init: rx ba win: 6[0m
[0;32mI (623) wifi_init: tcpip mbox: 32[0m
[0;32mI (633) wifi_init: udp mbox: 6[0m
[0;32mI (633) wifi_init: tcp mbox: 6[0m
[0;32mI (633) wifi_init: tcp tx win: 5760[0m
[0;32mI (643) wifi_init: tcp rx win: 5760[0m
[0;32mI (643) wifi_init: tcp mss: 1440[0m
[0;32mI (653) wifi_init: WiFi IRAM OP enabled[0m
[0;32mI (653) wifi_init: WiFi RX IRAM OP enabled[0m
[0;32mI (663) phy_init: phy_version 4791,2c4672b,Dec 20 2023,16:06:06[0m
[0;31mE (663) phy_init: failed to allocate memory for RF calibration data[0m

abort() was called at PC 0x4014ec7a on core 0


Backtrace: 0x40081c12:0x3ffc9240 0x40089125:0x3ffc9260 0x40090acd:0x3ffc9280 0x4014ec7a:0x3ffc92f0 0x4014edb5:0x3ffc9320 0x4015676d:0x3ffc9340 0x40118a4a:0x3ffc9360 0x40119286:0x3ffc9380 0x40117636:0x3ffc93a0 0x4009250d:0x3ffc93c0 0x40089edd:0x3ffc93f0




ELF file SHA256: 6a9f7c87b

Rebooting...
ets Jul 29 2019 12:21:46

rst:0xc (SW_CPU_RESET),boot:0x13 (SPI_FAST_FLASH_BOOT)
configsip: 0, SPIWP:0xee
clk_drv:0x00,q_drv:0x00,d_drv:0x00,cs0_drv:0x00,hd_drv:0x00,wp_drv:0x00
mode:DIO, clock div:2
load:0x3fff0030,len:7172
load:0x40078000,len:15540
load:0x40080400,len:4
ho 8 tail 4 room 4
load:0x40080404,len:3904
entry 0x40080638
[0;32mI (31) boot: ESP-IDF 5.2.1 2nd stage bootloader[0m
[0;32mI (31) boot: compile time Oct 10 2024 15:25:47[0m
[0;32mI (31) boot: Multicore bootloader[0m
[0;32mI (35) boot: chip revision: v3.1[0m
[0;32mI (39) boot.esp32: SPI Speed      : 40MHz[0m
[0;32mI (44) boot.esp32: SPI Mode       : DIO[0m
[0;32mI (48) boot.esp32: SPI Flash Size : 4MB[0m
[0;32mI (53) boot: Enabling RNG early entropy source...[0m
[0;32mI (58) boot: Partition Table:[0m
[0;32mI (62) boot: ## Label            Usage          Type ST Offset   Length[0m
[0;32mI (69) boot:  0 nvs              WiFi data        01 02 00009000 00006000[0m
[0;32mI (76) boot:  1 phy_init         RF data          01 01 0000f000 00001000[0m
[0;32mI (84) boot:  2 factory          factory app      00 00 00010000 00100000[0m
[0;32mI (91) boot: End of partition table[0m
[0;32mI (96) esp_image: segment 0: paddr=00010020 vaddr=3f400020 size=23114h (143636) map[0m
[0;32mI (153) esp_image: segment 1: paddr=0003313c vaddr=3ffb0000 size=03c9ch ( 15516) load[0m
[0;32mI (159) esp_image: segment 2: paddr=00036de0 vaddr=40080000 size=09238h ( 37432) load[0m
[0;32mI (174) esp_image: segment 3: paddr=00040020 vaddr=400d0020 size=88b84h (560004) map[0m
[0;32mI (366) esp_image: segment 4: paddr=000c8bac vaddr=40089238 size=0d67ch ( 54908) load[0m
[0;32mI (399) boot: Loaded app from partition at offset 0x10000[0m
[0;32mI (399) boot: Disabling RNG early entropy source...[0m
[0;32mI (411) cpu_start: Multicore app[0m
[0;32mI (420) cpu_start: Pro cpu start user code[0m
[0;32mI (420) cpu_start: cpu freq: 160000000 Hz[0m
[0;32mI (420) cpu_start: Application information:[0m
[0;32mI (423) cpu_start: Project name:     weazy-automation[0m
[0;32mI (429) cpu_start: App version:      3ccae97-dirty[0m
[0;32mI (434) cpu_start: Compile time:     Oct 10 2024 15:14:38[0m
[0;32mI (440) cpu_start: ELF file SHA256:  6a9f7c87b...[0m
[0;32mI (445) cpu_start: ESP-IDF:          5.2.1[0m
[0;32mI (450) cpu_start: Min chip rev:     v0.0[0m
[0;32mI (455) cpu_start: Max chip rev:     v3.99 [0m
[0;32mI (460) cpu_start: Chip rev:         v3.1[0m
[0;32mI (465) heap_init: Initializing. RAM available for dynamic allocation:[0m
[0;32mI (472) heap_init: At 3FFAE6E0 len 00001920 (6 KiB): DRAM[0m
[0;32mI (478) heap_init: At 3FFB8310 len 00027CF0 (159 KiB): DRAM[0m
[0;32mI (484) heap_init: At 3FFE0440 len 00003AE0 (14 KiB): D/IRAM[0m
[0;32mI (490) heap_init: At 3FFE4350 len 0001BCB0 (111 KiB): D/IRAM[0m
[0;32mI (497) heap_init: At 400968B4 len 0000974C (37 KiB): IRAM[0m
[0;32mI (505) spi_flash: detected chip: generic[0m
[0;32mI (508) spi_flash: flash io: dio[0m
[0;32mI (513) main_task: Started on CPU0[0m
[0;32mI (523) main_task: Calling app_main()[0m
[0;32mI (553) state_machine: Estado atual: STATE_INIT[0m
[0;32mI (553) gpio: GPIO[4]| InputEn: 0| OutputEn: 1| OpenDrain: 0| Pullup: 0| Pulldown: 0| Intr:0 [0m
[0;32mI (573) wifi:wifi driver task: 3ffc9484, prio:23, stack:6656, core=0[0m
[0;32mI (583) wifi:wifi firmware version: a9f5b59[0m
[0;32mI (583) wifi:wifi certification version: v7.0[0m
[0;32mI (593) wifi:config NVS flash: enabled[0m
[0;32mI (593) wifi:config nano formating: disabled[0m
[0;32mI (593) wifi:Init data frame dynamic rx buffer num: 32[0m
[0;32mI (593) wifi:Init static rx mgmt buffer num: 5[0m
[0;32mI (603) wifi:Init management short buffer num: 32[0m
[0;32mI (603) wifi:Init dynamic tx buffer num: 32[0m
[0;32mI (613) wifi:Init static rx buffer size: 1600[0m
[0;32mI (613) wifi:Init static rx buffer num: 10[0m
[0;32mI (613) wifi:Init dynamic rx buffer num: 32[0m
[0;32mI (623) wifi_init: rx ba win: 6[0m
[0;32mI (623) wifi_init: tcpip mbox: 32[0m
[0;32mI (633) wifi_init: udp mbox: 6[0m
[0;32mI (633) wifi_init: tcp mbox: 6[0m
[0;32mI (633) wifi_init: tcp tx win: 5760[0m
[0;32mI (643) wifi_init: tcp rx win: 5760[0m
[0;32mI (643) wifi_init: tcp mss: 1440[0m
[0;32mI (653) wifi_init: WiFi IRAM OP enabled[0m
[0;32mI (653) wifi_init: WiFi RX IRAM OP enabled[0m
[0;32mI (663) phy_init: phy_version 4791,2c4672b,Dec 20 2023,16:06:06[0m
[0;31mE (663) phy_init: failed to allocate memory for RF calibration data[0m

abort() was called at PC 0x4014ec7a on core 0


Backtrace: 0x40081c12:0x3ffc9240 0x40089125:0x3ffc9260 0x40090acd:0x3ffc9280 0x4014ec7a:0x3ffc92f0 0x4014edb5:0x3ffc9320 0x4015676d:0x3ffc9340 0x40118a4a:0x3ffc9360 0x40119286:0x3ffc9380 0x40117636:0x3ffc93a0 0x4009250d:0x3ffc93c0 0x40089edd:0x3ffc93f0




ELF file SHA256: 6a9f7c87b

Rebooting...
ets Jul 29 2019 12:21:46

rst:0xc (SW_CPU_RESET),boot:0x13 (SPI_FAST_FLASH_BOOT)
configsip: 0, SPIWP:0xee
clk_drv:0x00,q_drv:0x00,d_drv:0x00,cs0_drv:0x00,hd_drv:0x00,wp_drv:0x00
mode:DIO, clock div:2
load:0x3fff0030,len:7172
load:0x40078000,len:15540
load:0x40080400,len:4
ho 8 tail 4 room 4
load:0x40080404,len:3904
entry 0x40080638
[0;32mI (31) boot: ESP-IDF 5.2.1 2nd stage bootloader[0m
[0;32mI (31) boot: compile time Oct 10 2024 15:25:47[0m
[0;32mI (31) boot: Multicore bootloader[0m
[0;32mI (35) boot: chip revision: v3.1[0m
[0;32mI (39) boot.esp32: SPI Speed      : 40MHz[0m
[0;32mI (44) boot.esp32: SPI Mode       : DIO[0m
[0;32mI (48) boot.esp32: SPI Flash Size : 4MB[0m
[0;32mI (53) boot: Enabling RNG early entropy source...[0m
[0;32mI (58) boot: Partition Table:[0m
[0;32mI (62) boot: ## Label            Usage          Type ST Offset   Length[0m
[0;32mI (69) boot:  0 nvs              WiFi data        01 02 00009000 00006000[0m
[0;32mI (76) boot:  1 phy_init         RF data          01 01 0000f000 00001000[0m
[0;32mI (84) boot:  2 factory          factory app      00 00 00010000 00100000[0m
[0;32mI (91) boot: End of partition table[0m
[0;32mI (96) esp_image: segment 0: paddr=00010020 vaddr=3f400020 size=23114h (143636) map[0m
[0;32mI (153) esp_image: segment 1: paddr=0003313c vaddr=3ffb0000 size=03c9ch ( 15516) load[0m
[0;32mI (159) esp_image: segment 2: paddr=00036de0 vaddr=40080000 size=09238h ( 37432) load[0m
[0;32mI (174) esp_image: segment 3: paddr=00040020 vaddr=400d0020 size=88b84h (560004) map[0m
[0;32mI (366) esp_image: segment 4: paddr=000c8bac vaddr=40089238 size=0d67ch ( 54908) load[0m
[0;32mI (399) boot: Loaded app from partition at offset 0x10000[0m
[0;32mI (399) boot: Disabling RNG early entropy source...[0m
[0;32mI (411) cpu_start: Multicore app[0m
[0;32mI (420) cpu_start: Pro cpu start user code[0m
[0;32mI (420) cpu_start: cpu freq: 160000000 Hz[0m
[0;32mI (420) cpu_start: Application information:[0m
[0;32mI (423) cpu_start: Project name:     weazy-automation[0m
[0;32mI (429) cpu_start: App version:      3ccae97-dirty[0m
[0;32mI (434) cpu_start: Compile time:     Oct 10 2024 15:14:38[0m
[0;32mI (440) cpu_start: ELF file SHA256:  6a9f7c87b...[0m
[0;32mI (445) cpu_start: ESP-IDF:          5.2.1[0m
[0;32mI (450) cpu_start: Min chip rev:     v0.0[0m
[0;32mI (455) cpu_start: Max chip rev:     v3.99 [0m
[0;32mI (460) cpu_start: Chip rev:         v3.1[0m
[0;32mI (465) heap_init: Initializing. RAM available for dynamic allocation:[0m
[0;32mI (472) heap_init: At 3FFAE6E0 len 00001920 (6 KiB): DRAM[0m
[0;32mI (478) heap_init: At 3FFB8310 len 00027CF0 (159 KiB): DRAM[0m
[0;32mI (484) heap_init: At 3FFE0440 len 00003AE0 (14 KiB): D/IRAM[0m
[0;32mI (490) heap_init: At 3FFE4350 len 0001BCB0 (111 KiB): D/IRAM[0m
[0;32mI (497) heap_init: At 400968B4 len 0000974C (37 KiB): IRAM[0m
[0;32mI (505) spi_flash: detected chip: generic[0m
[0;32mI (508) spi_flash: flash io: dio[0m
[0;32mI (513) main_task: Started on CPU0[0m
[0;32mI (523) main_task: Calling app_main()[0m
[0;32mI (553) state_machine: Estado atual: STATE_INIT[0m
[0;32mI (553) gpio: GPIO[4]| InputEn: 0| OutputEn: 1| OpenDrain: 0| Pullup: 0| Pulldown: 0| Intr:0 [0m
[0;32mI (573) wifi:wifi driver task: 3ffc9484, prio:23, stack:6656, core=0[0m
[0;32mI (583) wifi:wifi firmware version: a9f5b59[0m
[0;32mI (583) wifi:wifi certification version: v7.0[0m
[0;32mI (593) wifi:config NVS flash: enabled[0m
[0;32mI (593) wifi:config nano formating: disabled[0m
[0;32mI (593) wifi:Init data frame dynamic rx buffer num: 32[0m
[0;32mI (593) wifi:Init static rx mgmt buffer num: 5[0m
[0;32mI (603) wifi:Init management short buffer num: 32[0m
[0;32mI (603) wifi:Init dynamic tx buffer num: 32[0m
[0;32mI (613) wifi:Init static rx buffer size: 1600[0m
[0;32mI (613) wifi:Init static rx buffer num: 10[0m
[0;32mI (613) wifi:Init dynamic rx buffer num: 32[0m
[0;32mI (623) wifi_init: rx ba win: 6[0m
[0;32mI (623) wifi_init: tcpip mbox: 32[0m
[0;32mI (633) wifi_init: udp mbox: 6[0m
[0;32mI (633) wifi_init: tcp mbox: 6[0m
[0;32mI (633) wifi_init: tcp tx win: 5760[0m
[0;32mI (643) wifi_init: tcp rx win: 5760[0m
[0;32mI (643) wifi_init: tcp mss: 1440[0m
[0;32mI (653) wifi_init: WiFi IRAM OP enabled[0m
[0;32mI (653) wifi_init: WiFi RX IRAM OP enabled[0m
[0;32mI (663) phy_init: phy_version 4791,2c4672b,Dec 20 2023,16:06:06[0m
[0;31mE (663) phy_init: failed to allocate memory for RF calibration data[0m

abort() was called at PC 0x4014ec7a on core 0


Backtrace: 0x40081c12:0x3ffc9240 0x40089125:0x3ffc9260 0x40090acd:0x3ffc9280 0x4014ec7a:0x3ffc92f0 0x4014edb5:0x3ffc9320 0x4015676d:0x3ffc9340 0x40118a4a:0x3ffc9360 0x40119286:0x3ffc9380 0x40117636:0x3ffc93a0 0x4009250d:0x3ffc93c0 0x40089edd:0x3ffc93f0




ELF file SHA256: 6a9f7c87b

Rebooting...
ets Jul 29 2019 12:21:46

rst:0xc (SW_CPU_RESET),boot:0x13 (SPI_FAST_FLASH_BOOT)
configsip: 0, SPIWP:0xee
clk_drv:0x00,q_drv:0x00,d_drv:0x00,cs0_drv:0x00,hd_drv:0x00,wp_drv:0x00
mode:DIO, clock div:2
load:0x3fff0030,len:7172
load:0x40078000,len:15540
load:0x40080400,len:4
ho 8 tail 4 room 4
load:0x40080404,len:3904
entry 0x40080638
[0;32mI (31) boot: ESP-IDF 5.2.1 2nd stage bootloader[0m
[0;32mI (31) boot: compile time Oct 10 2024 15:25:47[0m
[0;32mI (31) boot: Multicore bootloader[0m
[0;32mI (35) boot: chip revision: v3.1[0m
[0;32mI (39) boot.esp32: SPI Speed      : 40MHz[0m
[0;32mI (44) boot.esp32: SPI Mode       : DIO[0m
[0;32mI (48) boot.esp32: SPI Flash Size : 4MB[0m
[0;32mI (53) boot: Enabling RNG early entropy source...[0m
[0;32mI (58) boot: Partition Table:[0m
[0;32mI (62) boot: ## Label            Usage          Type ST Offset   Length[0m
[0;32mI (69) boot:  0 nvs              WiFi data        01 02 00009000 00006000[0m
[0;32mI (76) boot:  1 phy_init         RF data          01 01 0000f000 00001000[0m
[0;32mI (84) boot:  2 factory          factory app      00 00 00010000 00100000[0m
[0;32mI (91) boot: End of partition table[0m
[0;32mI (96) esp_image: segment 0: paddr=00010020 vaddr=3f400020 size=23114h (143636) map[0m
[0;32mI (153) esp_image: segment 1: paddr=0003313c vaddr=3ffb0000 size=03c9ch ( 15516) load[0m
[0;32mI (159) esp_image: segment 2: paddr=00036de0 vaddr=40080000 size=09238h ( 37432) load[0m
[0;32mI (174) esp_image: segment 3: paddr=00040020 vaddr=400d0020 size=88b84h (560004) map[0m
[0;32mI (366) esp_image: segment 4: paddr=000c8bac vaddr=40089238 size=0d67ch ( 54908) load[0m
[0;32mI (399) boot: Loaded app from partition at offset 0x10000[0m
[0;32mI (399) boot: Disabling RNG early entropy source...[0m
[0;32mI (411) cpu_start: Multicore app[0m
[0;32mI (420) cpu_start: Pro cpu start user code[0m
[0;32mI (420) cpu_start: cpu freq: 160000000 Hz[0m
[0;32mI (420) cpu_start: Application information:[0m
[0;32mI (423) cpu_start: Project name:     weazy-automation[0m
[0;32mI (429) cpu_start: App version:      3ccae97-dirty[0m
[0;32mI (434) cpu_start: Compile time:     Oct 10 2024 15:14:38[0m
[0;32mI (440) cpu_start: ELF file SHA256:  6a9f7c87b...[0m
[0;32mI (445) cpu_start: ESP-IDF:          5.2.1[0m
[0;32mI (450) cpu_start: Min chip rev:     v0.0[0m
[0;32mI (455) cpu_start: Max chip rev:     v3.99 [0m
[0;32mI (460) cpu_start: Chip rev:         v3.1[0m
[0;32mI (465) heap_init: Initializing. RAM available for dynamic allocation:[0m
[0;32mI (472) heap_init: At 3FFAE6E0 len 00001920 (6 KiB): DRAM[0m
[0;32mI (478) heap_init: At 3FFB8310 len 00027CF0 (159 KiB): DRAM[0m
[0;32mI (484) heap_init: At 3FFE0440 len 00003AE0 (14 KiB): D/IRAM[0m
[0;32mI (490) heap_init: At 3FFE4350 len 0001BCB0 (111 KiB): D/IRAM[0m
[0;32mI (497) heap_init: At 400968B4 len 0000974C (37 KiB): IRAM[0m
[0;32mI (505) spi_flash: detected chip: generic[0m
[0;32mI (508) spi_flash: flash io: dio[0m
[0;32mI (513) main_task: Started on CPU0[0m
[0;32mI (523) main_task: Calling app_main()[0m
[0;32mI (553) state_machine: Estado atual: STATE_INIT[0m
[0;32mI (553) gpio: GPIO[4]| InputEn: 0| OutputEn: 1| OpenDrain: 0| Pullup: 0| Pulldown: 0| Intr:0 [0m
[0;32mI (573) wifi:wifi driver task: 3ffc9484, prio:23, stack:6656, core=0[0m
[0;32mI (583) wifi:wifi firmware version: a9f5b59[0m
[0;32mI (583) wifi:wifi certification version: v7.0[0m
[0;32mI (593) wifi:config NVS flash: enabled[0m
[0;32mI (593) wifi:config nano formating: disabled[0m
[0;32mI (593) wifi:Init data frame dynamic rx buffer num: 32[0m
[0;32mI (593) wifi:Init static rx mgmt buffer num: 5[0m
[0;32mI (603) wifi:Init management short buffer num: 32[0m
[0;32mI (603) wifi:Init dynamic tx buffer num: 32[0m
[0;32mI (613) wifi:Init static rx buffer size: 1600[0m
[0;32mI (613) wifi:Init static rx buffer num: 10[0m
[0;32mI (613) wifi:Init dynamic rx buffer num: 32[0m
[0;32mI (623) wifi_init: rx ba win: 6[0m
[0;32mI (623) wifi_init: tcpip mbox: 32[0m
[0;32mI (633) wifi_init: udp mbox: 6[0m
[0;32mI (633) wifi_init: tcp mbox: 6[0m
[0;32mI (633) wifi_init: tcp tx win: 5760[0m
[0;32mI (643) wifi_init: tcp rx win: 5760[0m
[0;32mI (643) wifi_init: tcp mss: 1440[0m
[0;32mI (653) wifi_init: WiFi IRAM OP enabled[0m
[0;32mI (653) wifi_init: WiFi RX IRAM OP enabled[0m
[0;32mI (663) phy_init: phy_version 4791,2c4672b,Dec 20 2023,16:06:06[0m
[0;31mE (663) phy_init: failed to allocate memory for RF calibration data[0m

abort() was called at PC 0x4014ec7a on core 0


Backtrace: 0x40081c12:0x3ffc9240 0x40089125:0x3ffc9260 0x40090acd:0x3ffc9280 0x4014ec7a:0x3ffc92f0 0x4014edb5:0x3ffc9320 0x4015676d:0x3ffc9340 0x40118a4a:0x3ffc9360 0x40119286:0x3ffc9380 0x40117636:0x3ffc93a0 0x4009250d:0x3ffc93c0 0x40089edd:0x3ffc93f0




ELF file SHA256: 6a9f7c87b

Rebooting...
ets Jul 29 2019 12:21:46

rst:0xc (SW_CPU_RESET),boot:0x13 (SPI_FAST_FLASH_BOOT)
configsip: 0, SPIWP:0xee
clk_drv:0x00,q_drv:0x00,d_drv:0x00,cs0_drv:0x00,hd_drv:0x00,wp_drv:0x00
mode:DIO, clock div:2
load:0x3fff0030,len:7172
load:0x40078000,len:15540
load:0x40080400,len:4
ho 8 tail 4 room 4
load:0x40080404,len:3904
entry 0x40080638
[0;32mI (31) boot: ESP-IDF 5.2.1 2nd stage bootloader[0m
[0;32mI (31) boot: compile time Oct 10 2024 15:25:47[0m
[0;32mI (31) boot: Multicore bootloader[0m
[0;32mI (35) boot: chip revision: v3.1[0m
[0;32mI (39) boot.esp32: SPI Speed      : 40MHz[0m
[0;32mI (44) boot.esp32: SPI Mode       : DIO[0m
[0;32mI (48) boot.esp32: SPI Flash Size : 4MB[0m
[0;32mI (53) boot: Enabling RNG early entropy source...[0m
[0;32mI (58) boot: Partition Table:[0m
[0;32mI (62) boot: ## Label            Usage          Type ST Offset   Length[0m
[0;32mI (69) boot:  0 nvs              WiFi data        01 02 00009000 00006000[0m
[0;32mI (76) boot:  1 phy_init         RF data          01 01 0000f000 00001000[0m
[0;32mI (84) boot:  2 factory          factory app      00 00 00010000 00100000[0m
[0;32mI (91) boot: End of partition table[0m
[0;32mI (96) esp_image: segment 0: paddr=00010020 vaddr=3f400020 size=23114h (143636) map[0m
[0;32mI (153) esp_image: segment 1: paddr=0003313c vaddr=3ffb0000 size=03c9ch ( 15516) load[0m
[0;32mI (159) esp_image: segment 2: paddr=00036de0 vaddr=40080000 size=09238h ( 37432) load[0m
[0;32mI (174) esp_image: segment 3: paddr=00040020 vaddr=400d0020 size=88b84h (560004) map[0m
[0;32mI (366) esp_image: segment 4: paddr=000c8bac vaddr=40089238 size=0d67ch ( 54908) load[0m
[0;32mI (399) boot: Loaded app from partition at offset 0x10000[0m
[0;32mI (399) boot: Disabling RNG early entropy source...[0m
[0;32mI (411) cpu_start: Multicore app[0m
[0;32mI (420) cpu_start: Pro cpu start user code[0m
[0;32mI (420) cpu_start: cpu freq: 160000000 Hz[0m
[0;32mI (420) cpu_start: Application information:[0m
[0;32mI (423) cpu_start: Project name:     weazy-automation[0m
[0;32mI (429) cpu_start: App version:      3ccae97-dirty[0m
[0;32mI (434) cpu_start: Compile time:     Oct 10 2024 15:14:38[0m
[0;32mI (440) cpu_start: ELF file SHA256:  6a9f7c87b...[0m
[0;32mI (445) cpu_start: ESP-IDF:          5.2.1[0m
[0;32mI (450) cpu_start: Min chip rev:     v0.0[0m
[0;32mI (455) cpu_start: Max chip rev:     v3.99 [0m
[0;32mI (460) cpu_start: Chip rev:         v3.1[0m
[0;32mI (465) heap_init: Initializing. RAM available for dynamic allocation:[0m
[0;32mI (472) heap_init: At 3FFAE6E0 len 00001920 (6 KiB): DRAM[0m
[0;32mI (478) heap_init: At 3FFB8310 len 00027CF0 (159 KiB): DRAM[0m
[0;32mI (484) heap_init: At 3FFE0440 len 00003AE0 (14 KiB): D/IRAM[0m
[0;32mI (490) heap_init: At 3FFE4350 len 0001BCB0 (111 KiB): D/IRAM[0m
[0;32mI (497) heap_init: At 400968B4 len 0000974C (37 KiB): IRAM[0m
[0;32mI (505) spi_flash: detected chip: generic[0m
[0;32mI (508) spi_flash: flash io: dio[0m
[0;32mI (513) main_task: Started on CPU0[0m
[0;32mI (523) main_task: Calling app_main()[0m
[0;32mI (553) state_machine: Estado atual: STATE_INIT[0m
[0;32mI (553) gpio: GPIO[4]| InputEn: 0| OutputEn: 1| OpenDrain: 0| Pullup: 0| Pulldown: 0| Intr:0 [0m
[0;32mI (573) wifi:wifi driver task: 3ffc9484, prio:23, stack:6656, core=0[0m
[0;32mI (583) wifi:wifi firmware version: a9f5b59[0m
[0;32mI (583) wifi:wifi certification version: v7.0[0m
[0;32mI (593) wifi:config NVS flash: enabled[0m
[0;32mI (593) wifi:config nano formating: disabled[0m
[0;32mI (593) wifi:Init data frame dynamic rx buffer num: 32[0m
[0;32mI (593) wifi:Init static rx mgmt buffer num: 5[0m
[0;32mI (603) wifi:Init management short buffer num: 32[0m
[0;32mI (603) wifi:Init dynamic tx buffer num: 32[0m
[0;32mI (613) wifi:Init static rx buffer size: 1600[0m
[0;32mI (613) wifi:Init static rx buffer num: 10[0m
[0;32mI (613) wifi:Init dynamic rx buffer num: 32[0m
[0;32mI (623) wifi_init: rx ba win: 6[0m
[0;32mI (623) wifi_init: tcpip mbox: 32[0m
[0;32mI (633) wifi_init: udp mbox: 6[0m
[0;32mI (633) wifi_init: tcp mbox: 6[0m
[0;32mI (633) wifi_init: tcp tx win: 5760[0m
[0;32mI (643) wifi_init: tcp rx win: 5760[0m
[0;32mI (643) wifi_init: tcp mss: 1440[0m
[0;32mI (653) wifi_init: WiFi IRAM OP enabled[0m
[0;32mI (653) wifi_init: WiFi RX IRAM OP enabled[0m
[0;32mI (663) phy_init: phy_version 4791,2c4672b,Dec 20 2023,16:06:06[0m
[0;31mE (663) phy_init: failed to allocate memory for RF calibration data[0m

abort() was called at PC 0x4014ec7a on core 0


Backtrace: 0x40081c12:0x3ffc9240 0x40089125:0x3ffc9260 0x40090acd:0x3ffc9280 0x4014ec7a:0x3ffc92f0 0x4014edb5:0x3ffc9320 0x4015676d:0x3ffc9340 0x40118a4a:0x3ffc9360 0x40119286:0x3ffc9380 0x40117636:0x3ffc93a0 0x4009250d:0x3ffc93c0 0x40089edd:0x3ffc93f0




ELF file SHA256: 6a9f7c87b

Rebooting...
ets Jul 29 2019 12:21:46

rst:0xc (SW_CPU_RESET),boot:0x13 (SPI_FAST_FLASH_BOOT)
configsip: 0, SPIWP:0xee
clk_drv:0x00,q_drv:0x00,d_drv:0x00,cs0_drv:0x00,hd_drv:0x00,wp_drv:0x00
mode:DIO, clock div:2
load:0x3fff0030,len:7172
load:0x40078000,len:15540
load:0x40080400,len:4
ho 8 tail 4 room 4
load:0x40080404,len:3904
entry 0x40080638
[0;32mI (31) boot: ESP-IDF 5.2.1 2nd stage bootloader[0m
[0;32mI (31) boot: compile time Oct 10 2024 15:25:47[0m
[0;32mI (31) boot: Multicore bootloader[0m
[0;32mI (35) boot: chip revision: v3.1[0m
[0;32mI (39) boot.esp32: SPI Speed      : 40MHz[0m
[0;32mI (44) boot.esp32: SPI Mode       : DIO[0m
[0;32mI (48) boot.esp32: SPI Flash Size : 4MB[0m
[0;32mI (53) boot: Enabling RNG early entropy source...[0m
[0;32mI (58) boot: Partition Table:[0m
[0;32mI (62) boot: ## Label            Usage          Type ST Offset   Length[0m
[0;32mI (69) boot:  0 nvs              WiFi data        01 02 00009000 00006000[0m
[0;32mI (76) boot:  1 phy_init         RF data          01 01 0000f000 00001000[0m
[0;32mI (84) boot:  2 factory          factory app      00 00 00010000 00100000[0m
[0;32mI (91) boot: End of partition table[0m
[0;32mI (96) esp_image: segment 0: paddr=00010020 vaddr=3f400020 size=23114h (143636) map[0m
[0;32mI (153) esp_image: segment 1: paddr=0003313c vaddr=3ffb0000 size=03c9ch ( 15516) load[0m
[0;32mI (159) esp_image: segment 2: paddr=00036de0 vaddr=40080000 size=09238h ( 37432) load[0m
[0;32mI (174) esp_image: segment 3: paddr=00040020 vaddr=400d0020 size=88b84h (560004) map[0m
[0;32mI (366) esp_image: segment 4: paddr=000c8bac vaddr=40089238 size=0d67ch ( 54908) load[0m
[0;32mI (399) boot: Loaded app from partition at offset 0x10000[0m
[0;32mI (399) boot: Disabling RNG early entropy source...[0m
[0;32mI (411) cpu_start: Multicore app[0m
[0;32mI (420) cpu_start: Pro cpu start user code[0m
[0;32mI (420) cpu_start: cpu freq: 160000000 Hz[0m
[0;32mI (420) cpu_start: Application information:[0m
[0;32mI (423) cpu_start: Project name:     weazy-automation[0m
[0;32mI (429) cpu_start: App version:      3ccae97-dirty[0m
[0;32mI (434) cpu_start: Compile time:     Oct 10 2024 15:14:38[0m
[0;32mI (440) cpu_start: ELF file SHA256:  6a9f7c87b...[0m
[0;32mI (445) cpu_start: ESP-IDF:          5.2.1[0m
[0;32mI (450) cpu_start: Min chip rev:     v0.0[0m
[0;32mI (455) cpu_start: Max chip rev:     v3.99 [0m
[0;32mI (460) cpu_start: Chip rev:         v3.1[0m
[0;32mI (465) heap_init: Initializing. RAM available for dynamic allocation:[0m
[0;32mI (472) heap_init: At 3FFAE6E0 len 00001920 (6 KiB): DRAM[0m
[0;32mI (478) heap_init: At 3FFB8310 len 00027CF0 (159 KiB): DRAM[0m
[0;32mI (484) heap_init: At 3FFE0440 len 00003AE0 (14 KiB): D/IRAM[0m
[0;32mI (490) heap_init: At 3FFE4350 len 0001BCB0 (111 KiB): D/IRAM[0m
[0;32mI (497) heap_init: At 400968B4 len 0000974C (37 KiB): IRAM[0m
[0;32mI (505) spi_flash: detected chip: generic[0m
[0;32mI (508) spi_flash: flash io: dio[0m
[0;32mI (513) main_task: Started on CPU0[0m
[0;32mI (523) main_task: Calling app_main()[0m
[0;32mI (553) state_machine: Estado atual: STATE_INIT[0m
[0;32mI (553) gpio: GPIO[4]| InputEn: 0| OutputEn: 1| OpenDrain: 0| Pullup: 0| Pulldown: 0| Intr:0 [0m
[0;32mI (573) wifi:wifi driver task: 3ffc9484, prio:23, stack:6656, core=0[0m
[0;32mI (583) wifi:wifi firmware version: a9f5b59[0m
[0;32mI (583) wifi:wifi certification version: v7.0[0m
[0;32mI (593) wifi:config NVS flash: enabled[0m
[0;32mI (593) wifi:config nano formating: disabled[0m
[0;32mI (593) wifi:Init data frame dynamic rx buffer num: 32[0m
[0;32mI (593) wifi:Init static rx mgmt buffer num: 5[0m
[0;32mI (603) wifi:Init management short buffer num: 32[0m
[0;32mI (603) wifi:Init dynamic tx buffer num: 32[0m
[0;32mI (613) wifi:Init static rx buffer size: 1600[0m
[0;32mI (613) wifi:Init static rx buffer num: 10[0m
[0;32mI (613) wifi:Init dynamic rx buffer num: 32[0m
[0;32mI (623) wifi_init: rx ba win: 6[0m
[0;32mI (623) wifi_init: tcpip mbox: 32[0m
[0;32mI (633) wifi_init: udp mbox: 6[0m
[0;32mI (633) wifi_init: tcp mbox: 6[0m
[0;32mI (633) wifi_init: tcp tx win: 5760[0m
[0;32mI (643) wifi_init: tcp rx win: 5760[0m
[0;32mI (643) wifi_init: tcp mss: 1440[0m
[0;32mI (653) wifi_init: WiFi IRAM OP enabled[0m
[0;32mI (653) wifi_init: WiFi RX IRAM OP enabled[0m
[0;32mI (663) phy_init: phy_version 4791,2c4672b,Dec 20 2023,16:06:06[0m
[0;31mE (663) phy_init: failed to allocate memory for RF calibration data[0m

abort() was called at PC 0x4014ec7a on core 0


Backtrace: 0x40081c12:0x3ffc9240 0x40089125:0x3ffc9260 0x40090acd:0x3ffc9280 0x4014ec7a:0x3ffc92f0 0x4014edb5:0x3ffc9320 0x4015676d:0x3ffc9340 0x40118a4a:0x3ffc9360 0x40119286:0x3ffc9380 0x40117636:0x3ffc93a0 0x4009250d:0x3ffc93c0 0x40089edd:0x3ffc93f0




ELF file SHA256: 6a9f7c87b

Rebooting...
ets Jul 29 2019 12:21:46

rst:0xc (SW_CPU_RESET),boot:0x13 (SPI_FAST_FLASH_BOOT)
configsip: 0, SPIWP:0xee
clk_drv:0x00,q_drv:0x00,d_drv:0x00,cs0_drv:0x00,hd_drv:0x00,wp_drv:0x00
mode:DIO, clock div:2
load:0x3fff0030,len:7172
load:0x40078000,len:15540
load:0x40080400,len:4
ho 8 tail 4 room 4
load:0x40080404,len:3904
entry 0x40080638
[0;32mI (31) boot: ESP-IDF 5.2.1 2nd stage bootloader[0m
[0;32mI (31) boot: compile time Oct 10 2024 15:25:47[0m
[0;32mI (31) boot: Multicore bootloader[0m
[0;32mI (35) boot: chip revision: v3.1[0m
[0;32mI (39) boot.esp32: SPI Speed      : 40MHz[0m
[0;32mI (44) boot.esp32: SPI Mode       : DIO[0m
[0;32mI (48) boot.esp32: SPI Flash Size : 4MB[0m
[0;32mI (53) boot: Enabling RNG early entropy source...[0m
[0;32mI (58) boot: Partition Table:[0m
[0;32mI (62) boot: ## Label            Usage          Type ST Offset   Length[0m
[0;32mI (69) boot:  0 nvs              WiFi data        01 02 00009000 00006000[0m
[0;32mI (76) boot:  1 phy_init         RF data          01 01 0000f000 00001000[0m
[0;32mI (84) boot:  2 factory          factory app      00 00 00010000 00100000[0m
[0;32mI (91) boot: End of partition table[0m
[0;32mI (96) esp_image: segment 0: paddr=00010020 vaddr=3f400020 size=23114h (143636) map[0m
[0;32mI (153) esp_image: segment 1: paddr=0003313c vaddr=3ffb0000 size=03c9ch ( 15516) load[0m
[0;32mI (159) esp_image: segment 2: paddr=00036de0 vaddr=40080000 size=09238h ( 37432) load[0m
[0;32mI (174) esp_image: segment 3: paddr=00040020 vaddr=400d0020 size=88b84h (560004) map[0m
[0;32mI (366) esp_image: segment 4: paddr=000c8bac vaddr=40089238 size=0d67ch ( 54908) load[0m
[0;32mI (399) boot: Loaded app from partition at offset 0x10000[0m
[0;32mI (399) boot: Disabling RNG early entropy source...[0m
[0;32mI (411) cpu_start: Multicore app[0m
[0;32mI (420) cpu_start: Pro cpu start user code[0m
[0;32mI (420) cpu_start: cpu freq: 160000000 Hz[0m
[0;32mI (420) cpu_start: Application information:[0m
[0;32mI (423) cpu_start: Project name:     weazy-automation[0m
[0;32mI (429) cpu_start: App version:      3ccae97-dirty[0m
[0;32mI (434) cpu_start: Compile time:     Oct 10 2024 15:14:38[0m
[0;32mI (440) cpu_start: ELF file SHA256:  6a9f7c87b...[0m
[0;32mI (445) cpu_start: ESP-IDF:          5.2.1[0m
[0;32mI (450) cpu_start: Min chip rev:     v0.0[0m
[0;32mI (455) cpu_start: Max chip rev:     v3.99 [0m
[0;32mI (460) cpu_start: Chip rev:         v3.1[0m
[0;32mI (465) heap_init: Initializing. RAM available for dynamic allocation:[0m
[0;32mI (472) heap_init: At 3FFAE6E0 len 00001920 (6 KiB): DRAM[0m
[0;32mI (478) heap_init: At 3FFB8310 len 00027CF0 (159 KiB): DRAM[0m
[0;32mI (484) heap_init: At 3FFE0440 len 00003AE0 (14 KiB): D/IRAM[0m
[0;32mI (490) heap_init: At 3FFE4350 len 0001BCB0 (111 KiB): D/IRAM[0m
[0;32mI (497) heap_init: At 400968B4 len 0000974C (37 KiB): IRAM[0m
[0;32mI (505) spi_flash: detected chip: generic[0m
[0;32mI (508) spi_flash: flash io: dio[0m
[0;32mI (513) main_task: Started on CPU0[0m
[0;32mI (523) main_task: Calling app_main()[0m
[0;32mI (553) state_machine: Estado atual: STATE_INIT[0m
[0;32mI (553) gpio: GPIO[4]| InputEn: 0| OutputEn: 1| OpenDrain: 0| Pullup: 0| Pulldown: 0| Intr:0 [0m
[0;32mI (573) wifi:wifi driver task: 3ffc9484, prio:23, stack:6656, core=0[0m
[0;32mI (583) wifi:wifi firmware version: a9f5b59[0m
[0;32mI (583) wifi:wifi certification version: v7.0[0m
[0;32mI (593) wifi:config NVS flash: enabled[0m
[0;32mI (593) wifi:config nano formating: disabled[0m
[0;32mI (593) wifi:Init data frame dynamic rx buffer num: 32[0m
[0;32mI (593) wifi:Init static rx mgmt buffer num: 5[0m
[0;32mI (603) wifi:Init management short buffer num: 32[0m
[0;32mI (603) wifi:Init dynamic tx buffer num: 32[0m
[0;32mI (613) wifi:Init static rx buffer size: 1600[0m
[0;32mI (613) wifi:Init static rx buffer num: 10[0m
[0;32mI (613) wifi:Init dynamic rx buffer num: 32[0m
[0;32mI (623) wifi_init: rx ba win: 6[0m
[0;32mI (623) wifi_init: tcpip mbox: 32[0m
[0;32mI (633) wifi_init: udp mbox: 6[0m
[0;32mI (633) wifi_init: tcp mbox: 6[0m
[0;32mI (633) wifi_init: tcp tx win: 5760[0m
[0;32mI (643) wifi_init: tcp rx win: 5760[0m
[0;32mI (643) wifi_init: tcp mss: 1440[0m
[0;32mI (653) wifi_init: WiFi IRAM OP enabled[0m
[0;32mI (653) wifi_init: WiFi RX IRAM OP enabled[0m
[0;32mI (663) phy_init: phy_version 4791,2c4672b,Dec 20 2023,16:06:06[0m
[0;31mE (663) phy_init: failed to allocate memory for RF calibration data[0m

abort() was called at PC 0x4014ec7a on core 0


Backtrace: 0x40081c12:0x3ffc9240 0x40089125:0x3ffc9260 0x40090acd:0x3ffc9280 0x4014ec7a:0x3ffc92f0 0x4014edb5:0x3ffc9320 0x4015676d:0x3ffc9340 0x40118a4a:0x3ffc9360 0x40119286:0x3ffc9380 0x40117636:0x3ffc93a0 0x4009250d:0x3ffc93c0 0x40089edd:0x3ffc93f0




ELF file SHA256: 6a9f7c87b

Rebooting...
ets Jul 29 2019 12:21:46

rst:0xc (SW_CPU_RESET),boot:0x13 (SPI_FAST_FLASH_BOOT)
configsip: 0, SPIWP:0xee
clk_drv:0x00,q_drv:0x00,d_drv:0x00,cs0_drv:0x00,hd_drv:0x00,wp_drv:0x00
mode:DIO, clock div:2
load:0x3fff0030,len:7172
load:0x40078000,len:15540
load:0x40080400,len:4
ho 8 tail 4 room 4
load:0x40080404,len:3904
entry 0x40080638
[0;32mI (31) boot: ESP-IDF 5.2.1 2nd stage bootloader[0m
[0;32mI (31) boot: compile time Oct 10 2024 15:25:47[0m
[0;32mI (31) boot: Multicore bootloader[0m
[0;32mI (35) boot: chip revision: v3.1[0m
[0;32mI (39) boot.esp32: SPI Speed      : 40MHz[0m
[0;32mI (44) boot.esp32: SPI Mode       : DIO[0m
[0;32mI (48) boot.esp32: SPI Flash Size : 4MB[0m
[0;32mI (53) boot: Enabling RNG early entropy source...[0m
[0;32mI (58) boot: Partition Table:[0m
[0;32mI (62) boot: ## Label            Usage          Type ST Offset   Length[0m
[0;32mI (69) boot:  0 nvs              WiFi data        01 02 00009000 00006000[0m
[0;32mI (76) boot:  1 phy_init         RF data          01 01 0000f000 00001000[0m
[0;32mI (84) boot:  2 factory          factory app      00 00 00010000 00100000[0m
[0;32mI (91) boot: End of partition table[0m
[0;32mI (96) esp_image: segment 0: paddr=00010020 vaddr=3f400020 size=23114h (143636) map[0m
[0;32mI (153) esp_image: segment 1: paddr=0003313c vaddr=3ffb0000 size=03c9ch ( 15516) load[0m
[0;32mI (159) esp_image: segment 2: paddr=00036de0 vaddr=40080000 size=09238h ( 37432) load[0m
[0;32mI (174) esp_image: segment 3: paddr=00040020 vaddr=400d0020 size=88b84h (560004) map[0m
[0;32mI (366) esp_image: segment 4: paddr=000c8bac vaddr=40089238 size=0d67ch ( 54908) load[0m
[0;32mI (399) boot: Loaded app from partition at offset 0x10000[0m
[0;32mI (399) boot: Disabling RNG early entropy source...[0m
[0;32mI (411) cpu_start: Multicore app[0m
[0;32mI (420) cpu_start: Pro cpu start user code[0m
[0;32mI (420) cpu_start: cpu freq: 160000000 Hz[0m
[0;32mI (420) cpu_start: Application information:[0m
[0;32mI (423) cpu_start: Project name:     weazy-automation[0m
[0;32mI (429) cpu_start: App version:      3ccae97-dirty[0m
[0;32mI (434) cpu_start: Compile time:     Oct 10 2024 15:14:38[0m
[0;32mI (440) cpu_start: ELF file SHA256:  6a9f7c87b...[0m
[0;32mI (445) cpu_start: ESP-IDF:          5.2.1[0m
[0;32mI (450) cpu_start: Min chip rev:     v0.0[0m
[0;32mI (455) cpu_start: Max chip rev:     v3.99 [0m
[0;32mI (460) cpu_start: Chip rev:         v3.1[0m
[0;32mI (465) heap_init: Initializing. RAM available for dynamic allocation:[0m
[0;32mI (472) heap_init: At 3FFAE6E0 len 00001920 (6 KiB): DRAM[0m
[0;32mI (478) heap_init: At 3FFB8310 len 00027CF0 (159 KiB): DRAM[0m
[0;32mI (484) heap_init: At 3FFE0440 len 00003AE0 (14 KiB): D/IRAM[0m
[0;32mI (490) heap_init: At 3FFE4350 len 0001BCB0 (111 KiB): D/IRAM[0m
[0;32mI (497) heap_init: At 400968B4 len 0000974C (37 KiB): IRAM[0m
[0;32mI (505) spi_flash: detected chip: generic[0m
[0;32mI (508) spi_flash: flash io: dio[0m
[0;32mI (513) main_task: Started on CPU0[0m
[0;32mI (523) main_task: Calling app_main()[0m
[0;32mI (553) state_machine: Estado atual: STATE_INIT[0m
[0;32mI (553) gpio: GPIO[4]| InputEn: 0| OutputEn: 1| OpenDrain: 0| Pullup: 0| Pulldown: 0| Intr:0 [0m
[0;32mI (573) wifi:wifi driver task: 3ffc9484, prio:23, stack:6656, core=0[0m
[0;32mI (583) wifi:wifi firmware version: a9f5b59[0m
[0;32mI (583) wifi:wifi certification version: v7.0[0m
[0;32mI (593) wifi:config NVS flash: enabled[0m
[0;32mI (593) wifi:config nano formating: disabled[0m
[0;32mI (593) wifi:Init data frame dynamic rx buffer num: 32[0m
[0;32mI (593) wifi:Init static rx mgmt buffer num: 5[0m
[0;32mI (603) wifi:Init management short buffer num: 32[0m
[0;32mI (603) wifi:Init dynamic tx buffer num: 32[0m
[0;32mI (613) wifi:Init static rx buffer size: 1600[0m
[0;32mI (613) wifi:Init static rx buffer num: 10[0m
[0;32mI (613) wifi:Init dynamic rx buffer num: 32[0m
[0;32mI (623) wifi_init: rx ba win: 6[0m
[0;32mI (623) wifi_init: tcpip mbox: 32[0m
[0;32mI (633) wifi_init: udp mbox: 6[0m
[0;32mI (633) wifi_init: tcp mbox: 6[0m
[0;32mI (633) wifi_init: tcp tx win: 5760[0m
[0;32mI (643) wifi_init: tcp rx win: 5760[0m
[0;32mI (643) wifi_init: tcp mss: 1440[0m
[0;32mI (653) wifi_init: WiFi IRAM OP enabled[0m
[0;32mI (653) wifi_init: WiFi RX IRAM OP enabled[0m
[0;32mI (663) phy_init: phy_version 4791,2c4672b,Dec 20 2023,16:06:06[0m
[0;31mE (663) phy_init: failed to allocate memory for RF calibration data[0m

abort() was called at PC 0x4014ec7a on core 0


Backtrace: 0x40081c12:0x3ffc9240 0x40089125:0x3ffc9260 0x40090acd:0x3ffc9280 0x4014ec7a:0x3ffc92f0 0x4014edb5:0x3ffc9320 0x4015676d:0x3ffc9340 0x40118a4a:0x3ffc9360 0x40119286:0x3ffc9380 0x40117636:0x3ffc93a0 0x4009250d:0x3ffc93c0 0x40089edd:0x3ffc93f0




ELF file SHA256: 6a9f7c87b

Rebooting...
ets Jul 29 2019 12:21:46

rst:0xc (SW_CPU_RESET),boot:0x13 (SPI_FAST_FLASH_BOOT)
configsip: 0, SPIWP:0xee
clk_drv:0x00,q_drv:0x00,d_drv:0x00,cs0_drv:0x00,hd_drv:0x00,wp_drv:0x00
mode:DIO, clock div:2
load:0x3fff0030,len:7172
load:0x40078000,len:15540
load:0x40080400,len:4
ho 8 tail 4 room 4
load:0x40080404,len:3904
entry 0x40080638
[0;32mI (31) boot: ESP-IDF 5.2.1 2nd stage bootloader[0m
[0;32mI (31) boot: compile time Oct 10 2024 15:25:47[0m
[0;32mI (31) boot: Multicore bootloader[0m
[0;32mI (35) boot: chip revision: v3.1[0m
[0;32mI (39) boot.esp32: SPI Speed      : 40MHz[0m
[0;32mI (44) boot.esp32: SPI Mode       : DIO[0m
[0;32mI (48) boot.esp32: SPI Flash Size : 4MB[0m
[0;32mI (53) boot: Enabling RNG early entropy source...[0m
[0;32mI (58) boot: Partition Table:[0m
[0;32mI (62) boot: ## Label            Usage          Type ST Offset   Length[0m
[0;32mI (69) boot:  0 nvs              WiFi data        01 02 00009000 00006000[0m
[0;32mI (76) boot:  1 phy_init         RF data          01 01 0000f000 00001000[0m
[0;32mI (84) boot:  2 factory          factory app      00 00 00010000 00100000[0m
[0;32mI (91) boot: End of partition table[0m
[0;32mI (96) esp_image: segment 0: paddr=00010020 vaddr=3f400020 size=23114h (143636) map[0m
[0;32mI (153) esp_image: segment 1: paddr=0003313c vaddr=3ffb0000 size=03c9ch ( 15516) load[0m
[0;32mI (159) esp_image: segment 2: paddr=00036de0 vaddr=40080000 size=09238h ( 37432) load[0m
[0;32mI (174) esp_image: segment 3: paddr=00040020 vaddr=400d0020 size=88b84h (560004) map[0m
[0;32mI (366) esp_image: segment 4: paddr=000c8bac vaddr=40089238 size=0d67ch ( 54908) load[0m
[0;32mI (399) boot: Loaded app from partition at offset 0x10000[0m
[0;32mI (399) boot: Disabling RNG early entropy source...[0m
[0;32mI (411) cpu_start: Multicore app[0m
[0;32mI (420) cpu_start: Pro cpu start user code[0m
[0;32mI (420) cpu_start: cpu freq: 160000000 Hz[0m
[0;32mI (420) cpu_start: Application information:[0m
[0;32mI (423) cpu_start: Project name:     weazy-automation[0m
[0;32mI (429) cpu_start: App version:      3ccae97-dirty[0m
[0;32mI (434) cpu_start: Compile time:     Oct 10 2024 15:14:38[0m
[0;32mI (440) cpu_start: ELF file SHA256:  6a9f7c87b...[0m
[0;32mI (445) cpu_start: ESP-IDF:          5.2.1[0m
[0;32mI (450) cpu_start: Min chip rev:     v0.0[0m
[0;32mI (455) cpu_start: Max chip rev:     v3.99 [0m
[0;32mI (460) cpu_start: Chip rev:         v3.1[0m
[0;32mI (465) heap_init: Initializing. RAM available for dynamic allocation:[0m
[0;32mI (472) heap_init: At 3FFAE6E0 len 00001920 (6 KiB): DRAM[0m
[0;32mI (478) heap_init: At 3FFB8310 len 00027CF0 (159 KiB): DRAM[0m
[0;32mI (484) heap_init: At 3FFE0440 len 00003AE0 (14 KiB): D/IRAM[0m
[0;32mI (490) heap_init: At 3FFE4350 len 0001BCB0 (111 KiB): D/IRAM[0m
[0;32mI (497) heap_init: At 400968B4 len 0000974C (37 KiB): IRAM[0m
[0;32mI (505) spi_flash: detected chip: generic[0m
[0;32mI (508) spi_flash: flash io: dio[0m
[0;32mI (513) main_task: Started on CPU0[0m
[0;32mI (523) main_task: Calling app_main()[0m
[0;32mI (553) state_machine: Estado atual: STATE_INIT[0m
[0;32mI (553) gpio: GPIO[4]| InputEn: 0| OutputEn: 1| OpenDrain: 0| Pullup: 0| Pulldown: 0| Intr:0 [0m
[0;32mI (573) wifi:wifi driver task: 3ffc9484, prio:23, stack:6656, core=0[0m
[0;32mI (583) wifi:wifi firmware version: a9f5b59[0m
[0;32mI (583) wifi:wifi certification version: v7.0[0m
[0;32mI (593) wifi:config NVS flash: enabled[0m
[0;32mI (593) wifi:config nano formating: disabled[0m
[0;32mI (593) wifi:Init data frame dynamic rx buffer num: 32[0m
[0;32mI (593) wifi:Init static rx mgmt buffer num: 5[0m
[0;32mI (603) wifi:Init management short buffer num: 32[0m
[0;32mI (603) wifi:Init dynamic tx buffer num: 32[0m
[0;32mI (613) wifi:Init static rx buffer size: 1600[0m
[0;32mI (613) wifi:Init static rx buffer num: 10[0m
[0;32mI (613) wifi:Init dynamic rx buffer num: 32[0m
[0;32mI (623) wifi_init: rx ba win: 6[0m
[0;32mI (623) wifi_init: tcpip mbox: 32[0m
[0;32mI (633) wifi_init: udp mbox: 6[0m
[0;32mI (633) wifi_init: tcp mbox: 6[0m
[0;32mI (633) wifi_init: tcp tx win: 5760[0m
[0;32mI (643) wifi_init: tcp rx win: 5760[0m
[0;32mI (643) wifi_init: tcp mss: 1440[0m
[0;32mI (653) wifi_init: WiFi IRAM OP enabled[0m
[0;32mI (653) wifi_init: WiFi RX IRAM OP enabled[0m
[0;32mI (663) phy_init: phy_version 4791,2c4672b,Dec 20 2023,16:06:06[0m
[0;31mE (663) phy_init: failed to allocate memory for RF calibration data[0m

abort() was called at PC 0x4014ec7a on core 0


Backtrace: 0x40081c12:0x3ffc9240 0x40089125:0x3ffc9260 0x40090acd:0x3ffc9280 0x4014ec7a:0x3ffc92f0 0x4014edb5:0x3ffc9320 0x4015676d:0x3ffc9340 0x40118a4a:0x3ffc9360 0x40119286:0x3ffc9380 0x40117636:0x3ffc93a0 0x4009250d:0x3ffc93c0 0x40089edd:0x3ffc93f0




ELF file SHA256: 6a9f7c87b

Rebooting...
ets Jul 29 2019 12:21:46

rst:0xc (SW_CPU_RESET),boot:0x13 (SPI_FAST_FLASH_BOOT)
configsip: 0, SPIWP:0xee
clk_drv:0x00,q_drv:0x00,d_drv:0x00,cs0_drv:0x00,hd_drv:0x00,wp_drv:0x00
mode:DIO, clock div:2
load:0x3fff0030,len:7172
load:0x40078000,len:15540
load:0x40080400,len:4
ho 8 tail 4 room 4
load:0x40080404,len:3904
entry 0x40080638
[0;32mI (31) boot: ESP-IDF 5.2.1 2nd stage bootloader[0m
[0;32mI (31) boot: compile time Oct 10 2024 15:25:47[0m
[0;32mI (31) boot: Multicore bootloader[0m
[0;32mI (35) boot: chip revision: v3.1[0m
[0;32mI (39) boot.esp32: SPI Speed      : 40MHz[0m
[0;32mI (44) boot.esp32: SPI Mode       : DIO[0m
[0;32mI (48) boot.esp32: SPI Flash Size : 4MB[0m
[0;32mI (53) boot: Enabling RNG early entropy source...[0m
[0;32mI (58) boot: Partition Table:[0m
[0;32mI (62) boot: ## Label            Usage          Type ST Offset   Length[0m
[0;32mI (69) boot:  0 nvs              WiFi data        01 02 00009000 00006000[0m
[0;32mI (76) boot:  1 phy_init         RF data          01 01 0000f000 00001000[0m
[0;32mI (84) boot:  2 factory          factory app      00 00 00010000 00100000[0m
[0;32mI (91) boot: End of partition table[0m
[0;32mI (96) esp_image: segment 0: paddr=00010020 vaddr=3f400020 size=23114h (143636) map[0m
[0;32mI (153) esp_image: segment 1: paddr=0003313c vaddr=3ffb0000 size=03c9ch ( 15516) load[0m
[0;32mI (159) esp_image: segment 2: paddr=00036de0 vaddr=40080000 size=09238h ( 37432) load[0m
[0;32mI (174) esp_image: segment 3: paddr=00040020 vaddr=400d0020 size=88b84h (560004) map[0m
[0;32mI (366) esp_image: segment 4: paddr=000c8bac vaddr=40089238 size=0d67ch ( 54908) load[0m
[0;32mI (399) boot: Loaded app from partition at offset 0x10000[0m
[0;32mI (399) boot: Disabling RNG early entropy source...[0m
[0;32mI (411) cpu_start: Multicore app[0m
[0;32mI (420) cpu_start: Pro cpu start user code[0m
[0;32mI (420) cpu_start: cpu freq: 160000000 Hz[0m
[0;32mI (420) cpu_start: Application information:[0m
[0;32mI (423) cpu_start: Project name:     weazy-automation[0m
[0;32mI (429) cpu_start: App version:      3ccae97-dirty[0m
[0;32mI (434) cpu_start: Compile time:     Oct 10 2024 15:14:38[0m
[0;32mI (440) cpu_start: ELF file SHA256:  6a9f7c87b...[0m
[0;32mI (445) cpu_start: ESP-IDF:          5.2.1[0m
[0;32mI (450) cpu_start: Min chip rev:     v0.0[0m
[0;32mI (455) cpu_start: Max chip rev:     v3.99 [0m
[0;32mI (460) cpu_start: Chip rev:         v3.1[0m
[0;32mI (465) heap_init: Initializing. RAM available for dynamic allocation:[0m
[0;32mI (472) heap_init: At 3FFAE6E0 len 00001920 (6 KiB): DRAM[0m
[0;32mI (478) heap_init: At 3FFB8310 len 00027CF0 (159 KiB): DRAM[0m
[0;32mI (484) heap_init: At 3FFE0440 len 00003AE0 (14 KiB): D/IRAM[0m
[0;32mI (490) heap_init: At 3FFE4350 len 0001BCB0 (111 KiB): D/IRAM[0m
[0;32mI (497) heap_init: At 400968B4 len 0000974C (37 KiB): IRAM[0m
[0;32mI (505) spi_flash: detected chip: generic[0m
[0;32mI (508) spi_flash: flash io: dio[0m
[0;32mI (513) main_task: Started on CPU0[0m
[0;32mI (523) main_task: Calling app_main()[0m
[0;32mI (553) state_machine: Estado atual: STATE_INIT[0m
[0;32mI (553) gpio: GPIO[4]| InputEn: 0| OutputEn: 1| OpenDrain: 0| Pullup: 0| Pulldown: 0| Intr:0 [0m
[0;32mI (573) wifi:wifi driver task: 3ffc9484, prio:23, stack:6656, core=0[0m
[0;32mI (583) wifi:wifi firmware version: a9f5b59[0m
[0;32mI (583) wifi:wifi certification version: v7.0[0m
[0;32mI (593) wifi:config NVS flash: enabled[0m
[0;32mI (593) wifi:config nano formating: disabled[0m
[0;32mI (593) wifi:Init data frame dynamic rx buffer num: 32[0m
[0;32mI (593) wifi:Init static rx mgmt buffer num: 5[0m
[0;32mI (603) wifi:Init management short buffer num: 32[0m
[0;32mI (603) wifi:Init dynamic tx buffer num: 32[0m
[0;32mI (613) wifi:Init static rx buffer size: 1600[0m
[0;32mI (613) wifi:Init static rx buffer num: 10[0m
[0;32mI (613) wifi:Init dynamic rx buffer num: 32[0m
[0;32mI (623) wifi_init: rx ba win: 6[0m
[0;32mI (623) wifi_init: tcpip mbox: 32[0m
[0;32mI (633) wifi_init: udp mbox: 6[0m
[0;32mI (633) wifi_init: tcp mbox: 6[0m
[0;32mI (633) wifi_init: tcp tx win: 5760[0m
[0;32mI (643) wifi_init: tcp rx win: 5760[0m
[0;32mI (643) wifi_init: tcp mss: 1440[0m
[0;32mI (653) wifi_init: WiFi IRAM OP enabled[0m
[0;32mI (653) wifi_init: WiFi RX IRAM OP enabled[0m
[0;32mI (663) phy_init: phy_version 4791,2c4672b,Dec 20 2023,16:06:06[0m
[0;31mE (663) phy_init: failed to allocate memory for RF calibration data[0m

abort() was called at PC 0x4014ec7a on core 0


Backtrace: 0x40081c12:0x3ffc9240 0x40089125:0x3ffc9260 0x40090acd:0x3ffc9280 0x4014ec7a:0x3ffc92f0 0x4014edb5:0x3ffc9320 0x4015676d:0x3ffc9340 0x40118a4a:0x3ffc9360 0x40119286:0x3ffc9380 0x40117636:0x3ffc93a0 0x4009250d:0x3ffc93c0 0x40089edd:0x3ffc93f0




ELF file SHA256: 6a9f7c87b

Rebooting...
ets Jul 29 2019 12:21:46

rst:0xc (SW_CPU_RESET),boot:0x13 (SPI_FAST_FLASH_BOOT)
configsip: 0, SPIWP:0xee
clk_drv:0x00,q_drv:0x00,d_drv:0x00,cs0_drv:0x00,hd_drv:0x00,wp_drv:0x00
mode:DIO, clock div:2
load:0x3fff0030,len:7172
load:0x40078000,len:15540
load:0x40080400,len:4
ho 8 tail 4 room 4
load:0x40080404,len:3904
entry 0x40080638
[0;32mI (31) boot: ESP-IDF 5.2.1 2nd stage bootloader[0m
[0;32mI (31) boot: compile time Oct 10 2024 15:25:47[0m
[0;32mI (31) boot: Multicore bootloader[0m
[0;32mI (35) boot: chip revision: v3.1[0m
[0;32mI (39) boot.esp32: SPI Speed      : 40MHz[0m
[0;32mI (44) boot.esp32: SPI Mode       : DIO[0m
[0;32mI (48) boot.esp32: SPI Flash Size : 4MB[0m
[0;32mI (53) boot: Enabling RNG early entropy source...[0m
[0;32mI (58) boot: Partition Table:[0m
[0;32mI (62) boot: ## Label            Usage          Type ST Offset   Length[0m
[0;32mI (69) boot:  0 nvs              WiFi data        01 02 00009000 00006000[0m
[0;32mI (76) boot:  1 phy_init         RF data          01 01 0000f000 00001000[0m
[0;32mI (84) boot:  2 factory          factory app      00 00 00010000 00100000[0m
[0;32mI (91) boot: End of partition table[0m
[0;32mI (96) esp_image: segment 0: paddr=00010020 vaddr=3f400020 size=23114h (143636) map[0m
[0;32mI (153) esp_image: segment 1: paddr=0003313c vaddr=3ffb0000 size=03c9ch ( 15516) load[0m
[0;32mI (159) esp_image: segment 2: paddr=00036de0 vaddr=40080000 size=09238h ( 37432) load[0m
[0;32mI (174) esp_image: segment 3: paddr=00040020 vaddr=400d0020 size=88b84h (560004) map[0m
[0;32mI (366) esp_image: segment 4: paddr=000c8bac vaddr=40089238 size=0d67ch ( 54908) load[0m
[0;32mI (399) boot: Loaded app from partition at offset 0x10000[0m
[0;32mI (399) boot: Disabling RNG early entropy source...[0m
[0;32mI (411) cpu_start: Multicore app[0m
[0;32mI (420) cpu_start: Pro cpu start user code[0m
[0;32mI (420) cpu_start: cpu freq: 160000000 Hz[0m
[0;32mI (420) cpu_start: Application information:[0m
[0;32mI (423) cpu_start: Project name:     weazy-automation[0m
[0;32mI (429) cpu_start: App version:      3ccae97-dirty[0m
[0;32mI (434) cpu_start: Compile time:     Oct 10 2024 15:14:38[0m
[0;32mI (440) cpu_start: ELF file SHA256:  6a9f7c87b...[0m
