ets Jul 29 2019 12:21:46

rst:0x1 (POWERON_RESET),boot:0x13 (SPI_FAST_FLASH_BOOT)
configsip: 0, SPIWP:0xee
clk_drv:0x00,q_drv:0x00,d_drv:0x00,cs0_drv:0x00,hd_drv:0x00,wp_drv:0x00
mode:DIO, clock div:2
load:0x3fff0030,len:7172
load:0x40078000,len:15540
load:0x40080400,len:4
ho 8 tail 4 room 4
load:0x40080404,len:3904
entry 0x40080638
[0;32mI (31) boot: ESP-IDF 5.2.1 2nd stage bootloader[0m
[0;32mI (31) boot: compile time Oct  9 2024 15:10:32[0m
[0;32mI (31) boot: Multicore bootloader[0m
[0;32mI (35) boot: chip revision: v3.1[0m
[0;32mI (39) boot.esp32: SPI Speed      : 40MHz[0m
[0;32mI (44) boot.esp32: SPI Mode       : DIO[0m
[0;32mI (48) boot.esp32: SPI Flash Size : 4MB[0m
[0;32mI (53) boot: Enabling RNG early entropy source...[0m
[0;32mI (58) boot: Partition Table:[0m
[0;32mI (62) boot: ## Label            Usage          Type ST Offset   Length[0m
[0;32mI (69) boot:  0 nvs              WiFi data        01 02 00009000 00006000[0m
[0;32mI (76) boot:  1 phy_init         RF data          01 01 0000f000 00001000[0m
[0;32mI (84) boot:  2 factory          factory app      00 00 00010000 00100000[0m
[0;32mI (91) boot: End of partition table[0m
[0;32mI (96) esp_image: segment 0: paddr=00010020 vaddr=3f400020 size=22804h (141316) map[0m
[0;32mI (153) esp_image: segment 1: paddr=0003282c vaddr=3ffb0000 size=03c5ch ( 15452) load[0m
[0;32mI (159) esp_image: segment 2: paddr=00036490 vaddr=40080000 size=09b88h ( 39816) load[0m
[0;32mI (174) esp_image: segment 3: paddr=00040020 vaddr=400d0020 size=87574h (554356) map[0m
[0;32mI (365) esp_image: segment 4: paddr=000c759c vaddr=40089b88 size=0cb1ch ( 51996) load[0m
[0;32mI (396) boot: Loaded app from partition at offset 0x10000[0m
[0;32mI (397) boot: Disabling RNG early entropy source...[0m
[0;32mI (408) cpu_start: Multicore app[0m
[0;32mI (417) cpu_start: Pro cpu start user code[0m
[0;32mI (417) cpu_start: cpu freq: 160000000 Hz[0m
[0;32mI (417) cpu_start: Application information:[0m
[0;32mI (420) cpu_start: Project name:     weazy-automation[0m
[0;32mI (426) cpu_start: App version:      1[0m
[0;32mI (430) cpu_start: Compile time:     Oct  9 2024 14:58:24[0m
[0;32mI (436) cpu_start: ELF file SHA256:  e1cdb3252...[0m
[0;32mI (442) cpu_start: ESP-IDF:          5.2.1[0m
[0;32mI (446) cpu_start: Min chip rev:     v0.0[0m
[0;32mI (451) cpu_start: Max chip rev:     v3.99 [0m
[0;32mI (456) cpu_start: Chip rev:         v3.1[0m
[0;32mI (461) heap_init: Initializing. RAM available for dynamic allocation:[0m
[0;32mI (468) heap_init: At 3FFAE6E0 len 00001920 (6 KiB): DRAM[0m
[0;32mI (474) heap_init: At 3FFB82C8 len 00027D38 (159 KiB): DRAM[0m
[0;32mI (480) heap_init: At 3FFE0440 len 00003AE0 (14 KiB): D/IRAM[0m
[0;32mI (486) heap_init: At 3FFE4350 len 0001BCB0 (111 KiB): D/IRAM[0m
[0;32mI (493) heap_init: At 400966A4 len 0000995C (38 KiB): IRAM[0m
[0;32mI (501) spi_flash: detected chip: generic[0m
[0;32mI (504) spi_flash: flash io: dio[0m
[0;32mI (509) main_task: Started on CPU0[0m
[0;32mI (519) main_task: Calling app_main()[0m
[0;32mI (559) wifi:wifi driver task: 3ffc139c, prio:23, stack:6656, core=0[0m
[0;32mI (579) wifi:wifi firmware version: a9f5b59[0m
[0;32mI (579) wifi:wifi certification version: v7.0[0m
[0;32mI (579) wifi:config NVS flash: enabled[0m
[0;32mI (579) wifi:config nano formating: disabled[0m
[0;32mI (579) wifi:Init data frame dynamic rx buffer num: 32[0m
[0;32mI (579) wifi:Init static rx mgmt buffer num: 5[0m
[0;32mI (589) wifi:Init management short buffer num: 32[0m
[0;32mI (589) wifi:Init dynamic tx buffer num: 32[0m
[0;32mI (599) wifi:Init static rx buffer size: 1600[0m
[0;32mI (599) wifi:Init static rx buffer num: 10[0m
[0;32mI (609) wifi:Init dynamic rx buffer num: 32[0m
[0;32mI (609) wifi_init: rx ba win: 6[0m
[0;32mI (609) wifi_init: tcpip mbox: 32[0m
[0;32mI (619) wifi_init: udp mbox: 6[0m
[0;32mI (619) wifi_init: tcp mbox: 6[0m
[0;32mI (619) wifi_init: tcp tx win: 5760[0m
[0;32mI (629) wifi_init: tcp rx win: 5760[0m
[0;32mI (629) wifi_init: tcp mss: 1440[0m
[0;32mI (639) wifi_init: WiFi IRAM OP enabled[0m
[0;32mI (639) wifi_init: WiFi RX IRAM OP enabled[0m
[0;32mI (649) phy_init: phy_version 4791,2c4672b,Dec 20 2023,16:06:06[0m
[0;31mE (649) phy_init: failed to allocate memory for RF calibration data[0m

abort() was called at PC 0x4014d676 on core 0


Backtrace: 0x40081bf2:0x3ffc1160 0x40089105:0x3ffc1180 0x400908bd:0x3ffc11a0 0x4014d676:0x3ffc1210 0x4014d7b1:0x3ffc1240 0x40155165:0x3ffc1260 0x401175ce:0x3ffc1280 0x40117e0a:0x3ffc12a0 0x401161ba:0x3ffc12c0 0x400922fd:0x3ffc12e0 0x40089ebd:0x3ffc1310




ELF file SHA256: e1cdb3252

Rebooting...
ets Jul 29 2019 12:21:46

rst:0xc (SW_CPU_RESET),boot:0x13 (SPI_FAST_FLASH_BOOT)
configsip: 0, SPIWP:0xee
clk_drv:0x00,q_drv:0x00,d_drv:0x00,cs0_drv:0x00,hd_drv:0x00,wp_drv:0x00
mode:DIO, clock div:2
load:0x3fff0030,len:7172
load:0x40078000,len:15540
load:0x40080400,len:4
ho 8 tail 4 room 4
load:0x40080404,len:3904
entry 0x40080638
[0;32mI (31) boot: ESP-IDF 5.2.1 2nd stage bootloader[0m
[0;32mI (31) boot: compile time Oct  9 2024 15:10:32[0m
[0;32mI (31) boot: Multicore bootloader[0m
[0;32mI (35) boot: chip revision: v3.1[0m
[0;32mI (39) boot.esp32: SPI Speed      : 40MHz[0m
[0;32mI (44) boot.esp32: SPI Mode       : DIO[0m
[0;32mI (48) boot.esp32: SPI Flash Size : 4MB[0m
[0;32mI (53) boot: Enabling RNG early entropy source...[0m
[0;32mI (58) boot: Partition Table:[0m
[0;32mI (62) boot: ## Label            Usage          Type ST Offset   Length[0m
[0;32mI (69) boot:  0 nvs              WiFi data        01 02 00009000 00006000[0m
[0;32mI (76) boot:  1 phy_init         RF data          01 01 0000f000 00001000[0m
[0;32mI (84) boot:  2 factory          factory app      00 00 00010000 00100000[0m
[0;32mI (91) boot: End of partition table[0m
[0;32mI (96) esp_image: segment 0: paddr=00010020 vaddr=3f400020 size=22804h (141316) map[0m
[0;32mI (152) esp_image: segment 1: paddr=0003282c vaddr=3ffb0000 size=03c5ch ( 15452) load[0m
[0;32mI (158) esp_image: segment 2: paddr=00036490 vaddr=40080000 size=09b88h ( 39816) load[0m
[0;32mI (174) esp_image: segment 3: paddr=00040020 vaddr=400d0020 size=87574h (554356) map[0m
[0;32mI (364) esp_image: segment 4: paddr=000c759c vaddr=40089b88 size=0cb1ch ( 51996) load[0m
[0;32mI (396) boot: Loaded app from partition at offset 0x10000[0m
[0;32mI (396) boot: Disabling RNG early entropy source...[0m
[0;32mI (408) cpu_start: Multicore app[0m
[0;32mI (417) cpu_start: Pro cpu start user code[0m
[0;32mI (417) cpu_start: cpu freq: 160000000 Hz[0m
[0;32mI (417) cpu_start: Application information:[0m
[0;32mI (420) cpu_start: Project name:     weazy-automation[0m
[0;32mI (426) cpu_start: App version:      1[0m
[0;32mI (430) cpu_start: Compile time:     Oct  9 2024 14:58:24[0m
[0;32mI (436) cpu_start: ELF file SHA256:  e1cdb3252...[0m
[0;32mI (441) cpu_start: ESP-IDF:          5.2.1[0m
[0;32mI (446) cpu_start: Min chip rev:     v0.0[0m
[0;32mI (451) cpu_start: Max chip rev:     v3.99 [0m
[0;32mI (456) cpu_start: Chip rev:         v3.1[0m
[0;32mI (461) heap_init: Initializing. RAM available for dynamic allocation:[0m
[0;32mI (468) heap_init: At 3FFAE6E0 len 00001920 (6 KiB): DRAM[0m
[0;32mI (474) heap_init: At 3FFB82C8 len 00027D38 (159 KiB): DRAM[0m
[0;32mI (480) heap_init: At 3FFE0440 len 00003AE0 (14 KiB): D/IRAM[0m
[0;32mI (486) heap_init: At 3FFE4350 len 0001BCB0 (111 KiB): D/IRAM[0m
[0;32mI (493) heap_init: At 400966A4 len 0000995C (38 KiB): IRAM[0m
[0;32mI (501) spi_flash: detected chip: generic[0m
[0;32mI (504) spi_flash: flash io: dio[0m
[0;32mI (509) main_task: Started on CPU0[0m
[0;32mI (519) main_task: Calling app_main()[0m
[0;32mI (559) wifi:wifi driver task: 3ffc139c, prio:23, stack:6656, core=0[0m
[0;32mI (569) wifi:wifi firmware version: a9f5b59[0m
[0;32mI (579) wifi:wifi certification version: v7.0[0m
[0;32mI (579) wifi:config NVS flash: enabled[0m
[0;32mI (579) wifi:config nano formating: disabled[0m
[0;32mI (579) wifi:Init data frame dynamic rx buffer num: 32[0m
[0;32mI (579) wifi:Init static rx mgmt buffer num: 5[0m
[0;32mI (589) wifi:Init management short buffer num: 32[0m
[0;32mI (589) wifi:Init dynamic tx buffer num: 32[0m
[0;32mI (599) wifi:Init static rx buffer size: 1600[0m
[0;32mI (599) wifi:Init static rx buffer num: 10[0m
[0;32mI (609) wifi:Init dynamic rx buffer num: 32[0m
[0;32mI (609) wifi_init: rx ba win: 6[0m
[0;32mI (609) wifi_init: tcpip mbox: 32[0m
[0;32mI (619) wifi_init: udp mbox: 6[0m
[0;32mI (619) wifi_init: tcp mbox: 6[0m
[0;32mI (619) wifi_init: tcp tx win: 5760[0m
[0;32mI (629) wifi_init: tcp rx win: 5760[0m
[0;32mI (629) wifi_init: tcp mss: 1440[0m
[0;32mI (639) wifi_init: WiFi IRAM OP enabled[0m
[0;32mI (639) wifi_init: WiFi RX IRAM OP enabled[0m
[0;32mI (649) phy_init: phy_version 4791,2c4672b,Dec 20 2023,16:06:06[0m
[0;31mE (649) phy_init: failed to allocate memory for RF calibration data[0m

abort() was called at PC 0x4014d676 on core 0


Backtrace: 0x40081bf2:0x3ffc1160 0x40089105:0x3ffc1180 0x400908bd:0x3ffc11a0 0x4014d676:0x3ffc1210 0x4014d7b1:0x3ffc1240 0x40155165:0x3ffc1260 0x401175ce:0x3ffc1280 0x40117e0a:0x3ffc12a0 0x401161ba:0x3ffc12c0 0x400922fd:0x3ffc12e0 0x40089ebd:0x3ffc1310




ELF file SHA256: e1cdb3252

Rebooting...
ets Jul 29 2019 12:21:46

rst:0xc (SW_CPU_RESET),boot:0x13 (SPI_FAST_FLASH_BOOT)
configsip: 0, SPIWP:0xee
clk_drv:0x00,q_drv:0x00,d_drv:0x00,cs0_drv:0x00,hd_drv:0x00,wp_drv:0x00
mode:DIO, clock div:2
load:0x3fff0030,len:7172
load:0x40078000,len:15540
load:0x40080400,len:4
ho 8 tail 4 room 4
load:0x40080404,len:3904
entry 0x40080638
[0;32mI (31) boot: ESP-IDF 5.2.1 2nd stage bootloader[0m
[0;32mI (31) boot: compile time Oct  9 2024 15:10:32[0m
[0;32mI (31) boot: Multicore bootloader[0m
[0;32mI (35) boot: chip revision: v3.1[0m
[0;32mI (39) boot.esp32: SPI Speed      : 40MHz[0m
[0;32mI (44) boot.esp32: SPI Mode       : DIO[0m
[0;32mI (48) boot.esp32: SPI Flash Size : 4MB[0m
[0;32mI (53) boot: Enabling RNG early entropy source...[0m
[0;32mI (58) boot: Partition Table:[0m
[0;32mI (62) boot: ## Label            Usage          Type ST Offset   Length[0m
[0;32mI (69) boot:  0 nvs              WiFi data        01 02 00009000 00006000[0m
[0;32mI (76) boot:  1 phy_init         RF data          01 01 0000f000 00001000[0m
[0;32mI (84) boot:  2 factory          factory app      00 00 00010000 00100000[0m
[0;32mI (91) boot: End of partition table[0m
[0;32mI (96) esp_image: segment 0: paddr=00010020 vaddr=3f400020 size=22804h (141316) map[0m
[0;32mI (152) esp_image: segment 1: paddr=0003282c vaddr=3ffb0000 size=03c5ch ( 15452) load[0m
[0;32mI (158) esp_image: segment 2: paddr=00036490 vaddr=40080000 size=09b88h ( 39816) load[0m
[0;32mI (174) esp_image: segment 3: paddr=00040020 vaddr=400d0020 size=87574h (554356) map[0m
[0;32mI (364) esp_image: segment 4: paddr=000c759c vaddr=40089b88 size=0cb1ch ( 51996) load[0m
[0;32mI (396) boot: Loaded app from partition at offset 0x10000[0m
[0;32mI (396) boot: Disabling RNG early entropy source...[0m
[0;32mI (408) cpu_start: Multicore app[0m
[0;32mI (417) cpu_start: Pro cpu start user code[0m
[0;32mI (417) cpu_start: cpu freq: 160000000 Hz[0m
[0;32mI (417) cpu_start: Application information:[0m
[0;32mI (420) cpu_start: Project name:     weazy-automation[0m
[0;32mI (426) cpu_start: App version:      1[0m
[0;32mI (430) cpu_start: Compile time:     Oct  9 2024 14:58:24[0m
[0;32mI (436) cpu_start: ELF file SHA256:  e1cdb3252...[0m
[0;32mI (441) cpu_start: ESP-IDF:          5.2.1[0m
[0;32mI (446) cpu_start: Min chip rev:     v0.0[0m
[0;32mI (451) cpu_start: Max chip rev:     v3.99 [0m
[0;32mI (456) cpu_start: Chip rev:         v3.1[0m
[0;32mI (461) heap_init: Initializing. RAM available for dynamic allocation:[0m
[0;32mI (468) heap_init: At 3FFAE6E0 len 00001920 (6 KiB): DRAM[0m
[0;32mI (474) heap_init: At 3FFB82C8 len 00027D38 (159 KiB): DRAM[0m
[0;32mI (480) heap_init: At 3FFE0440 len 00003AE0 (14 KiB): D/IRAM[0m
[0;32mI (486) heap_init: At 3FFE4350 len 0001BCB0 (111 KiB): D/IRAM[0m
[0;32mI (493) heap_init: At 400966A4 len 0000995C (38 KiB): IRAM[0m
[0;32mI (501) spi_flash: detected chip: generic[0m
[0;32mI (504) spi_flash: flash io: dio[0m
[0;32mI (509) main_task: Started on CPU0[0m
[0;32mI (519) main_task: Calling app_main()[0m
[0;32mI (559) wifi:wifi driver task: 3ffc139c, prio:23, stack:6656, core=0[0m
[0;32mI (579) wifi:wifi firmware version: a9f5b59[0m
[0;32mI (579) wifi:wifi certification version: v7.0[0m
[0;32mI (579) wifi:config NVS flash: enabled[0m
[0;32mI (579) wifi:config nano formating: disabled[0m
[0;32mI (579) wifi:Init data frame dynamic rx buffer num: 32[0m
[0;32mI (589) wifi:Init static rx mgmt buffer num: 5[0m
[0;32mI (589) wifi:Init management short buffer num: 32[0m
[0;32mI (589) wifi:Init dynamic tx buffer num: 32[0m
[0;32mI (599) wifi:Init static rx buffer size: 1600[0m
[0;32mI (599) wifi:Init static rx buffer num: 10[0m
[0;32mI (609) wifi:Init dynamic rx buffer num: 32[0m
[0;32mI (609) wifi_init: rx ba win: 6[0m
[0;32mI (609) wifi_init: tcpip mbox: 32[0m
[0;32mI (619) wifi_init: udp mbox: 6[0m
[0;32mI (619) wifi_init: tcp mbox: 6[0m
[0;32mI (619) wifi_init: tcp tx win: 5760[0m
[0;32mI (629) wifi_init: tcp rx win: 5760[0m
[0;32mI (629) wifi_init: tcp mss: 1440[0m
[0;32mI (639) wifi_init: WiFi IRAM OP enabled[0m
[0;32mI (639) wifi_init: WiFi RX IRAM OP enabled[0m
[0;32mI (649) phy_init: phy_version 4791,2c4672b,Dec 20 2023,16:06:06[0m
[0;31mE (649) phy_init: failed to allocate memory for RF calibration data[0m

abort() was called at PC 0x4014d676 on core 0


Backtrace: 0x40081bf2:0x3ffc1160 0x40089105:0x3ffc1180 0x400908bd:0x3ffc11a0 0x4014d676:0x3ffc1210 0x4014d7b1:0x3ffc1240 0x40155165:0x3ffc1260 0x401175ce:0x3ffc1280 0x40117e0a:0x3ffc12a0 0x401161ba:0x3ffc12c0 0x400922fd:0x3ffc12e0 0x40089ebd:0x3ffc1310




ELF file SHA256: e1cdb3252

Rebooting...
ets Jul 29 2019 12:21:46

rst:0xc (SW_CPU_RESET),boot:0x13 (SPI_FAST_FLASH_BOOT)
configsip: 0, SPIWP:0xee
clk_drv:0x00,q_drv:0x00,d_drv:0x00,cs0_drv:0x00,hd_drv:0x00,wp_drv:0x00
mode:DIO, clock div:2
load:0x3fff0030,len:7172
load:0x40078000,len:15540
load:0x40080400,len:4
ho 8 tail 4 room 4
load:0x40080404,len:3904
entry 0x40080638
[0;32mI (31) boot: ESP-IDF 5.2.1 2nd stage bootloader[0m
[0;32mI (31) boot: compile time Oct  9 2024 15:10:32[0m
[0;32mI (31) boot: Multicore bootloader[0m
[0;32mI (35) boot: chip revision: v3.1[0m
[0;32mI (39) boot.esp32: SPI Speed      : 40MHz[0m
[0;32mI (44) boot.esp32: SPI Mode       : DIO[0m
[0;32mI (48) boot.esp32: SPI Flash Size : 4MB[0m
[0;32mI (53) boot: Enabling RNG early entropy source...[0m
[0;32mI (58) boot: Partition Table:[0m
[0;32mI (62) boot: ## Label            Usage          Type ST Offset   Length[0m
[0;32mI (69) boot:  0 nvs              WiFi data        01 02 00009000 00006000[0m
[0;32mI (76) boot:  1 phy_init         RF data          01 01 0000f000 00001000[0m
[0;32mI (84) boot:  2 factory          factory app      00 00 00010000 00100000[0m
[0;32mI (91) boot: End of partition table[0m
[0;32mI (96) esp_image: segment 0: paddr=00010020 vaddr=3f400020 size=22804h (141316) map[0m
[0;32mI (152) esp_image: segment 1: paddr=0003282c vaddr=3ffb0000 size=03c5ch ( 15452) load[0m
[0;32mI (158) esp_image: segment 2: paddr=00036490 vaddr=40080000 size=09b88h ( 39816) load[0m
[0;32mI (174) esp_image: segment 3: paddr=00040020 vaddr=400d0020 size=87574h (554356) map[0m
[0;32mI (364) esp_image: segment 4: paddr=000c759c vaddr=40089b88 size=0cb1ch ( 51996) load[0m
[0;32mI (396) boot: Loaded app from partition at offset 0x10000[0m
[0;32mI (396) boot: Disabling RNG early entropy source...[0m
[0;32mI (408) cpu_start: Multicore app[0m
[0;32mI (417) cpu_start: Pro cpu start user code[0m
[0;32mI (417) cpu_start: cpu freq: 160000000 Hz[0m
[0;32mI (417) cpu_start: Application information:[0m
[0;32mI (420) cpu_start: Project name:     weazy-automation[0m
[0;32mI (426) cpu_start: App version:      1[0m
[0;32mI (430) cpu_start: Compile time:     Oct  9 2024 14:58:24[0m
[0;32mI (436) cpu_start: ELF file SHA256:  e1cdb3252...[0m
[0;32mI (441) cpu_start: ESP-IDF:          5.2.1[0m
[0;32mI (446) cpu_start: Min chip rev:     v0.0[0m
[0;32mI (451) cpu_start: Max chip rev:     v3.99 [0m
[0;32mI (456) cpu_start: Chip rev:         v3.1[0m
[0;32mI (461) heap_init: Initializing. RAM available for dynamic allocation:[0m
[0;32mI (468) heap_init: At 3FFAE6E0 len 00001920 (6 KiB): DRAM[0m
[0;32mI (474) heap_init: At 3FFB82C8 len 00027D38 (159 KiB): DRAM[0m
[0;32mI (480) heap_init: At 3FFE0440 len 00003AE0 (14 KiB): D/IRAM[0m
[0;32mI (486) heap_init: At 3FFE4350 len 0001BCB0 (111 KiB): D/IRAM[0m
[0;32mI (493) heap_init: At 400966A4 len 0000995C (38 KiB): IRAM[0m
[0;32mI (501) spi_flash: detected chip: generic[0m
[0;32mI (504) spi_flash: flash io: dio[0m
[0;32mI (509) main_task: Started on CPU0[0m
[0;32mI (519) main_task: Calling app_main()[0m
[0;32mI (559) wifi:wifi driver task: 3ffc139c, prio:23, stack:6656, core=0[0m
[0;32mI (569) wifi:wifi firmware version: a9f5b59[0m
[0;32mI (579) wifi:wifi certification version: v7.0[0m
[0;32mI (579) wifi:config NVS flash: enabled[0m
[0;32mI (579) wifi:config nano formating: disabled[0m
[0;32mI (579) wifi:Init data frame dynamic rx buffer num: 32[0m
[0;32mI (579) wifi:Init static rx mgmt buffer num: 5[0m
[0;32mI (589) wifi:Init management short buffer num: 32[0m
[0;32mI (589) wifi:Init dynamic tx buffer num: 32[0m
[0;32mI (599) wifi:Init static rx buffer size: 1600[0m
[0;32mI (599) wifi:Init static rx buffer num: 10[0m
[0;32mI (609) wifi:Init dynamic rx buffer num: 32[0m
[0;32mI (609) wifi_init: rx ba win: 6[0m
[0;32mI (609) wifi_init: tcpip mbox: 32[0m
[0;32mI (619) wifi_init: udp mbox: 6[0m
[0;32mI (619) wifi_init: tcp mbox: 6[0m
[0;32mI (619) wifi_init: tcp tx win: 5760[0m
[0;32mI (629) wifi_init: tcp rx win: 5760[0m
[0;32mI (629) wifi_init: tcp mss: 1440[0m
[0;32mI (639) wifi_init: WiFi IRAM OP enabled[0m
[0;32mI (639) wifi_init: WiFi RX IRAM OP enabled[0m
[0;32mI (649) phy_init: phy_version 4791,2c4672b,Dec 20 2023,16:06:06[0m
[0;31mE (649) phy_init: failed to allocate memory for RF calibration data[0m

abort() was called at PC 0x4014d676 on core 0


Backtrace: 0x40081bf2:0x3ffc1160 0x40089105:0x3ffc1180 0x400908bd:0x3ffc11a0 0x4014d676:0x3ffc1210 0x4014d7b1:0x3ffc1240 0x40155165:0x3ffc1260 0x401175ce:0x3ffc1280 0x40117e0a:0x3ffc12a0 0x401161ba:0x3ffc12c0 0x400922fd:0x3ffc12e0 0x40089ebd:0x3ffc1310




ELF file SHA256: e1cdb3252

Rebooting...
ets Jul 29 2019 12:21:46

rst:0xc (SW_CPU_RESET),boot:0x13 (SPI_FAST_FLASH_BOOT)
configsip: 0, SPIWP:0xee
clk_drv:0x00,q_drv:0x00,d_drv:0x00,cs0_drv:0x00,hd_drv:0x00,wp_drv:0x00
mode:DIO, clock div:2
load:0x3fff0030,len:7172
load:0x40078000,len:15540
load:0x40080400,len:4
ho 8 tail 4 room 4
load:0x40080404,len:3904
entry 0x40080638
[0;32mI (31) boot: ESP-IDF 5.2.1 2nd stage bootloader[0m
[0;32mI (31) boot: compile time Oct  9 2024 15:10:32[0m
[0;32mI (31) boot: Multicore bootloader[0m
[0;32mI (35) boot: chip revision: v3.1[0m
[0;32mI (39) boot.esp32: SPI Speed      : 40MHz[0m
[0;32mI (44) boot.esp32: SPI Mode       : DIO[0m
[0;32mI (48) boot.esp32: SPI Flash Size : 4MB[0m
[0;32mI (53) boot: Enabling RNG early entropy source...[0m
[0;32mI (58) boot: Partition Table:[0m
[0;32mI (62) boot: ## Label            Usage          Type ST Offset   Length[0m
[0;32mI (69) boot:  0 nvs              WiFi data        01 02 00009000 00006000[0m
[0;32mI (76) boot:  1 phy_init         RF data          01 01 0000f000 00001000[0m
[0;32mI (84) boot:  2 factory          factory app      00 00 00010000 00100000[0m
[0;32mI (91) boot: End of partition table[0m
[0;32mI (96) esp_image: segment 0: paddr=00010020 vaddr=3f400020 size=22804h (141316) map[0m
[0;32mI (152) esp_image: segment 1: paddr=0003282c vaddr=3ffb0000 size=03c5ch ( 15452) load[0m
[0;32mI (158) esp_image: segment 2: paddr=00036490 vaddr=40080000 size=09b88h ( 39816) load[0m
[0;32mI (174) esp_image: segment 3: paddr=00040020 vaddr=400d0020 size=87574h (554356) map[0m
[0;32mI (364) esp_image: segment 4: paddr=000c759c vaddr=40089b88 size=0cb1ch ( 51996) load[0m
[0;32mI (396) boot: Loaded app from partition at offset 0x10000[0m
[0;32mI (396) boot: Disabling RNG early entropy source...[0m
[0;32mI (408) cpu_start: Multicore app[0m
[0;32mI (417) cpu_start: Pro cpu start user code[0m
[0;32mI (417) cpu_start: cpu freq: 160000000 Hz[0m
[0;32mI (417) cpu_start: Application information:[0m
[0;32mI (420) cpu_start: Project name:     weazy-automation[0m
[0;32mI (426) cpu_start: App version:      1[0m
[0;32mI (430) cpu_start: Compile time:     Oct  9 2024 14:58:24[0m
[0;32mI (436) cpu_start: ELF file SHA256:  e1cdb3252...[0m
[0;32mI (441) cpu_start: ESP-IDF:          5.2.1[0m
[0;32mI (446) cpu_start: Min chip rev:     v0.0[0m
[0;32mI (451) cpu_start: Max chip rev:     v3.99 [0m
[0;32mI (456) cpu_start: Chip rev:         v3.1[0m
[0;32mI (461) heap_init: Initializing. RAM available for dynamic allocation:[0m
[0;32mI (468) heap_init: At 3FFAE6E0 len 00001920 (6 KiB): DRAM[0m
[0;32mI (474) heap_init: At 3FFB82C8 len 00027D38 (159 KiB): DRAM[0m
[0;32mI (480) heap_init: At 3FFE0440 len 00003AE0 (14 KiB): D/IRAM[0m
[0;32mI (486) heap_init: At 3FFE4350 len 0001BCB0 (111 KiB): D/IRAM[0m
[0;32mI (493) heap_init: At 400966A4 len 0000995C (38 KiB): IRAM[0m
[0;32mI (501) spi_flash: detected chip: generic[0m
[0;32mI (504) spi_flash: flash io: dio[0m
[0;32mI (509) main_task: Started on CPU0[0m
[0;32mI (519) main_task: Calling app_main()[0m
[0;32mI (559) wifi:wifi driver task: 3ffc139c, prio:23, stack:6656, core=0[0m
[0;32mI (569) wifi:wifi firmware version: a9f5b59[0m
[0;32mI (579) wifi:wifi certification version: v7.0[0m
[0;32mI (579) wifi:config NVS flash: enabled[0m
[0;32mI (579) wifi:config nano formating: disabled[0m
[0;32mI (579) wifi:Init data frame dynamic rx buffer num: 32[0m
[0;32mI (579) wifi:Init static rx mgmt buffer num: 5[0m
[0;32mI (589) wifi:Init management short buffer num: 32[0m
[0;32mI (589) wifi:Init dynamic tx buffer num: 32[0m
[0;32mI (599) wifi:Init static rx buffer size: 1600[0m
[0;32mI (599) wifi:Init static rx buffer num: 10[0m
[0;32mI (609) wifi:Init dynamic rx buffer num: 32[0m
[0;32mI (609) wifi_init: rx ba win: 6[0m
[0;32mI (609) wifi_init: tcpip mbox: 32[0m
[0;32mI (619) wifi_init: udp mbox: 6[0m
[0;32mI (619) wifi_init: tcp mbox: 6[0m
[0;32mI (619) wifi_init: tcp tx win: 5760[0m
[0;32mI (629) wifi_init: tcp rx win: 5760[0m
[0;32mI (629) wifi_init: tcp mss: 1440[0m
[0;32mI (639) wifi_init: WiFi IRAM OP enabled[0m
[0;32mI (639) wifi_init: WiFi RX IRAM OP enabled[0m
[0;32mI (649) phy_init: phy_version 4791,2c4672b,Dec 20 2023,16:06:06[0m
[0;31mE (649) phy_init: failed to allocate memory for RF calibration data[0m

abort() was called at PC 0x4014d676 on core 0


Backtrace: 0x40081bf2:0x3ffc1160 0x40089105:0x3ffc1180 0x400908bd:0x3ffc11a0 0x4014d676:0x3ffc1210 0x4014d7b1:0x3ffc1240 0x40155165:0x3ffc1260 0x401175ce:0x3ffc1280 0x40117e0a:0x3ffc12a0 0x401161ba:0x3ffc12c0 0x400922fd:0x3ffc12e0 0x40089ebd:0x3ffc1310




ELF file SHA256: e1cdb3252

Rebooting...
ets Jul 29 2019 12:21:46

rst:0xc (SW_CPU_RESET),boot:0x13 (SPI_FAST_FLASH_BOOT)
configsip: 0, SPIWP:0xee
clk_drv:0x00,q_drv:0x00,d_drv:0x00,cs0_drv:0x00,hd_drv:0x00,wp_drv:0x00
mode:DIO, clock div:2
load:0x3fff0030,len:7172
load:0x40078000,len:15540
load:0x40080400,len:4
ho 8 tail 4 room 4
load:0x40080404,len:3904
entry 0x40080638
[0;32mI (31) boot: ESP-IDF 5.2.1 2nd stage bootloader[0m
[0;32mI (31) boot: compile time Oct  9 2024 15:10:32[0m
[0;32mI (31) boot: Multicore bootloader[0m
[0;32mI (35) boot: chip revision: v3.1[0m
[0;32mI (39) boot.esp32: SPI Speed      : 40MHz[0m
[0;32mI (44) boot.esp32: SPI Mode       : DIO[0m
[0;32mI (48) boot.esp32: SPI Flash Size : 4MB[0m
[0;32mI (53) boot: Enabling RNG early entropy source...[0m
[0;32mI (58) boot: Partition Table:[0m
[0;32mI (62) boot: ## Label            Usage          Type ST Offset   Length[0m
[0;32mI (69) boot:  0 nvs              WiFi data        01 02 00009000 00006000[0m
[0;32mI (76) boot:  1 phy_init         RF data          01 01 0000f000 00001000[0m
[0;32mI (84) boot:  2 factory          factory app      00 00 00010000 00100000[0m
[0;32mI (91) boot: End of partition table[0m
[0;32mI (96) esp_image: segment 0: paddr=00010020 vaddr=3f400020 size=22804h (141316) map[0m
[0;32mI (152) esp_image: segment 1: paddr=0003282c vaddr=3ffb0000 size=03c5ch ( 15452) load[0m
[0;32mI (158) esp_image: segment 2: paddr=00036490 vaddr=40080000 size=09b88h ( 39816) load[0m
[0;32mI (174) esp_image: segment 3: paddr=00040020 vaddr=400d0020 size=87574h (554356) map[0m
[0;32mI (364) esp_image: segment 4: paddr=000c759c vaddr=40089b88 size=0cb1ch ( 51996) load[0m
[0;32mI (396) boot: Loaded app from partition at offset 0x10000[0m
[0;32mI (396) boot: Disabling RNG early entropy source...[0m
[0;32mI (408) cpu_start: Multicore app[0m
[0;32mI (417) cpu_start: Pro cpu start user code[0m
[0;32mI (417) cpu_start: cpu freq: 160000000 Hz[0m
[0;32mI (417) cpu_start: Application information:[0m
[0;32mI (420) cpu_start: Project name:     weazy-automation[0m
[0;32mI (426) cpu_start: App version:      1[0m
[0;32mI (430) cpu_start: Compile time:     Oct  9 2024 14:58:24[0m
[0;32mI (436) cpu_start: ELF file SHA256:  e1cdb3252...[0m
[0;32mI (441) cpu_start: ESP-IDF:          5.2.1[0m
[0;32mI (446) cpu_start: Min chip rev:     v0.0[0m
[0;32mI (451) cpu_start: Max chip rev:     v3.99 [0m
[0;32mI (456) cpu_start: Chip rev:         v3.1[0m
[0;32mI (461) heap_init: Initializing. RAM available for dynamic allocation:[0m
[0;32mI (468) heap_init: At 3FFAE6E0 len 00001920 (6 KiB): DRAM[0m
[0;32mI (474) heap_init: At 3FFB82C8 len 00027D38 (159 KiB): DRAM[0m
[0;32mI (480) heap_init: At 3FFE0440 len 00003AE0 (14 KiB): D/IRAM[0m
[0;32mI (486) heap_init: At 3FFE4350 len 0001BCB0 (111 KiB): D/IRAM[0m
[0;32mI (493) heap_init: At 400966A4 len 0000995C (38 KiB): IRAM[0m
[0;32mI (501) spi_flash: detected chip: generic[0m
[0;32mI (504) spi_flash: flash io: dio[0m
[0;32mI (509) main_task: Started on CPU0[0m
[0;32mI (519) main_task: Calling app_main()[0m
[0;32mI (559) wifi:wifi driver task: 3ffc139c, prio:23, stack:6656, core=0[0m
[0;32mI (579) wifi:wifi firmware version: a9f5b59[0m
[0;32mI (579) wifi:wifi certification version: v7.0[0m
[0;32mI (579) wifi:config NVS flash: enabled[0m
[0;32mI (579) wifi:config nano formating: disabled[0m
[0;32mI (579) wifi:Init data frame dynamic rx buffer num: 32[0m
[0;32mI (579) wifi:Init static rx mgmt buffer num: 5[0m
[0;32mI (589) wifi:Init management short buffer num: 32[0m
[0;32mI (589) wifi:Init dynamic tx buffer num: 32[0m
[0;32mI (599) wifi:Init static rx buffer size: 1600[0m
[0;32mI (599) wifi:Init static rx buffer num: 10[0m
[0;32mI (609) wifi:Init dynamic rx buffer num: 32[0m
[0;32mI (609) wifi_init: rx ba win: 6[0m
[0;32mI (609) wifi_init: tcpip mbox: 32[0m
[0;32mI (619) wifi_init: udp mbox: 6[0m
[0;32mI (619) wifi_init: tcp mbox: 6[0m
[0;32mI (619) wifi_init: tcp tx win: 5760[0m
[0;32mI (629) wifi_init: tcp rx win: 5760[0m
[0;32mI (629) wifi_init: tcp mss: 1440[0m
[0;32mI (639) wifi_init: WiFi IRAM OP enabled[0m
[0;32mI (639) wifi_init: WiFi RX IRAM OP enabled[0m
[0;32mI (649) phy_init: phy_version 4791,2c4672b,Dec 20 2023,16:06:06[0m
[0;31mE (649) phy_init: failed to allocate memory for RF calibration data[0m

abort() was called at PC 0x4014d676 on core 0


Backtrace: 0x40081bf2:0x3ffc1160 0x40089105:0x3ffc1180 0x400908bd:0x3ffc11a0 0x4014d676:0x3ffc1210 0x4014d7b1:0x3ffc1240 0x40155165:0x3ffc1260 0x401175ce:0x3ffc1280 0x40117e0a:0x3ffc12a0 0x401161ba:0x3ffc12c0 0x400922fd:0x3ffc12e0 0x40089ebd:0x3ffc1310




ELF file SHA256: e1cdb3252

Rebooting...
ets Jul 29 2019 12:21:46

rst:0xc (SW_CPU_RESET),boot:0x13 (SPI_FAST_FLASH_BOOT)
configsip: 0, SPIWP:0xee
clk_drv:0x00,q_drv:0x00,d_drv:0x00,cs0_drv:0x00,hd_drv:0x00,wp_drv:0x00
mode:DIO, clock div:2
load:0x3fff0030,len:7172
load:0x40078000,len:15540
load:0x40080400,len:4
ho 8 tail 4 room 4
load:0x40080404,len:3904
entry 0x40080638
[0;32mI (31) boot: ESP-IDF 5.2.1 2nd stage bootloader[0m
[0;32mI (31) boot: compile time Oct  9 2024 15:10:32[0m
[0;32mI (31) boot: Multicore bootloader[0m
[0;32mI (35) boot: chip revision: v3.1[0m
[0;32mI (39) boot.esp32: SPI Speed      : 40MHz[0m
[0;32mI (44) boot.esp32: SPI Mode       : DIO[0m
[0;32mI (48) boot.esp32: SPI Flash Size : 4MB[0m
[0;32mI (53) boot: Enabling RNG early entropy source...[0m
[0;32mI (58) boot: Partition Table:[0m
[0;32mI (62) boot: ## Label            Usage          Type ST Offset   Length[0m
[0;32mI (69) boot:  0 nvs              WiFi data        01 02 00009000 00006000[0m
[0;32mI (76) boot:  1 phy_init         RF data          01 01 0000f000 00001000[0m
[0;32mI (84) boot:  2 factory          factory app      00 00 00010000 00100000[0m
[0;32mI (91) boot: End of partition table[0m
[0;32mI (96) esp_image: segment 0: paddr=00010020 vaddr=3f400020 size=22804h (141316) map[0m
[0;32mI (152) esp_image: segment 1: paddr=0003282c vaddr=3ffb0000 size=03c5ch ( 15452) load[0m
[0;32mI (158) esp_image: segment 2: paddr=00036490 vaddr=40080000 size=09b88h ( 39816) load[0m
[0;32mI (174) esp_image: segment 3: paddr=00040020 vaddr=400d0020 size=87574h (554356) map[0m
[0;32mI (364) esp_image: segment 4: paddr=000c759c vaddr=40089b88 size=0cb1ch ( 51996) load[0m
[0;32mI (396) boot: Loaded app from partition at offset 0x10000[0m
[0;32mI (396) boot: Disabling RNG early entropy source...[0m
[0;32mI (408) cpu_start: Multicore app[0m
[0;32mI (417) cpu_start: Pro cpu start user code[0m
[0;32mI (417) cpu_start: cpu freq: 160000000 Hz[0m
[0;32mI (417) cpu_start: Application information:[0m
[0;32mI (420) cpu_start: Project name:     weazy-automation[0m
[0;32mI (426) cpu_start: App version:      1[0m
[0;32mI (430) cpu_start: Compile time:     Oct  9 2024 14:58:24[0m
[0;32mI (436) cpu_start: ELF file SHA256:  e1cdb3252...[0m
[0;32mI (441) cpu_start: ESP-IDF:          5.2.1[0m
[0;32mI (446) cpu_start: Min chip rev:     v0.0[0m
[0;32mI (451) cpu_start: Max chip rev:     v3.99 [0m
[0;32mI (456) cpu_start: Chip rev:         v3.1[0m
[0;32mI (461) heap_init: Initializing. RAM available for dynamic allocation:[0m
[0;32mI (468) heap_init: At 3FFAE6E0 len 00001920 (6 KiB): DRAM[0m
[0;32mI (474) heap_init: At 3FFB82C8 len 00027D38 (159 KiB): DRAM[0m
[0;32mI (480) heap_init: At 3FFE0440 len 00003AE0 (14 KiB): D/IRAM[0m
[0;32mI (486) heap_init: At 3FFE4350 len 0001BCB0 (111 KiB): D/IRAM[0m
[0;32mI (493) heap_init: At 400966A4 len 0000995C (38 KiB): IRAM[0m
[0;32mI (501) spi_flash: detected chip: generic[0m
[0;32mI (504) spi_flash: flash io: dio[0m
[0;32mI (509) main_task: Started on CPU0[0m
[0;32mI (519) main_task: Calling app_main()[0m
[0;32mI (559) wifi:wifi driver task: 3ffc139c, prio:23, stack:6656, core=0[0m
[0;32mI (569) wifi:wifi firmware version: a9f5b59[0m
[0;32mI (579) wifi:wifi certification version: v7.0[0m
[0;32mI (579) wifi:config NVS flash: enabled[0m
[0;32mI (579) wifi:config nano formating: disabled[0m
[0;32mI (579) wifi:Init data frame dynamic rx buffer num: 32[0m
[0;32mI (579) wifi:Init static rx mgmt buffer num: 5[0m
[0;32mI (589) wifi:Init management short buffer num: 32[0m
[0;32mI (589) wifi:Init dynamic tx buffer num: 32[0m
[0;32mI (599) wifi:Init static rx buffer size: 1600[0m
[0;32mI (599) wifi:Init static rx buffer num: 10[0m
[0;32mI (609) wifi:Init dynamic rx buffer num: 32[0m
[0;32mI (609) wifi_init: rx ba win: 6[0m
[0;32mI (609) wifi_init: tcpip mbox: 32[0m
[0;32mI (619) wifi_init: udp mbox: 6[0m
[0;32mI (619) wifi_init: tcp mbox: 6[0m
[0;32mI (619) wifi_init: tcp tx win: 5760[0m
[0;32mI (629) wifi_init: tcp rx win: 5760[0m
[0;32mI (629) wifi_init: tcp mss: 1440[0m
[0;32mI (639) wifi_init: WiFi IRAM OP enabled[0m
[0;32mI (639) wifi_init: WiFi RX IRAM OP enabled[0m
[0;32mI (649) phy_init: phy_version 4791,2c4672b,Dec 20 2023,16:06:06[0m
[0;31mE (649) phy_init: failed to allocate memory for RF calibration data[0m

abort() was called at PC 0x4014d676 on core 0


Backtrace: 0x40081bf2:0x3ffc1160 0x40089105:0x3ffc1180 0x400908bd:0x3ffc11a0 0x4014d676:0x3ffc1210 0x4014d7b1:0x3ffc1240 0x40155165:0x3ffc1260 0x401175ce:0x3ffc1280 0x40117e0a:0x3ffc12a0 0x401161ba:0x3ffc12c0 0x400922fd:0x3ffc12e0 0x40089ebd:0x3ffc1310




ELF file SHA256: e1cdb3252

Rebooting...
ets Jul 29 2019 12:21:46

rst:0xc (SW_CPU_RESET),boot:0x13 (SPI_FAST_FLASH_BOOT)
configsip: 0, SPIWP:0xee
clk_drv:0x00,q_drv:0x00,d_drv:0x00,cs0_drv:0x00,hd_drv:0x00,wp_drv:0x00
mode:DIO, clock div:2
load:0x3fff0030,len:7172
load:0x40078000,len:15540
load:0x40080400,len:4
ho 8 tail 4 room 4
load:0x40080404,len:3904
entry 0x40080638
[0;32mI (31) boot: ESP-IDF 5.2.1 2nd stage bootloader[0m
[0;32mI (31) boot: compile time Oct  9 2024 15:10:32[0m
[0;32mI (31) boot: Multicore bootloader[0m
[0;32mI (35) boot: chip revision: v3.1[0m
[0;32mI (39) boot.esp32: SPI Speed      : 40MHz[0m
[0;32mI (44) boot.esp32: SPI Mode       : DIO[0m
[0;32mI (48) boot.esp32: SPI Flash Size : 4MB[0m
[0;32mI (53) boot: Enabling RNG early entropy source...[0m
[0;32mI (58) boot: Partition Table:[0m
[0;32mI (62) boot: ## Label            Usage          Type ST Offset   Length[0m
[0;32mI (69) boot:  0 nvs              WiFi data        01 02 00009000 00006000[0m
[0;32mI (76) boot:  1 phy_init         RF data          01 01 0000f000 00001000[0m
[0;32mI (84) boot:  2 factory          factory app      00 00 00010000 00100000[0m
[0;32mI (91) boot: End of partition table[0m
[0;32mI (96) esp_image: segment 0: paddr=00010020 vaddr=3f400020 size=22804h (141316) map[0m
[0;32mI (152) esp_image: segment 1: paddr=0003282c vaddr=3ffb0000 size=03c5ch ( 15452) load[0m
[0;32mI (158) esp_image: segment 2: paddr=00036490 vaddr=40080000 size=09b88h ( 39816) load[0m
[0;32mI (174) esp_image: segment 3: paddr=00040020 vaddr=400d0020 size=87574h (554356) map[0m
[0;32mI (364) esp_image: segment 4: paddr=000c759c vaddr=40089b88 size=0cb1ch ( 51996) load[0m
[0;32mI (396) boot: Loaded app from partition at offset 0x10000[0m
[0;32mI (396) boot: Disabling RNG early entropy source...[0m
[0;32mI (408) cpu_start: Multicore app[0m
[0;32mI (417) cpu_start: Pro cpu start user code[0m
[0;32mI (417) cpu_start: cpu freq: 160000000 Hz[0m
[0;32mI (417) cpu_start: Application information:[0m
[0;32mI (420) cpu_start: Project name:     weazy-automation[0m
[0;32mI (426) cpu_start: App version:      1[0m
[0;32mI (430) cpu_start: Compile time:     Oct  9 2024 14:58:24[0m
[0;32mI (436) cpu_start: ELF file SHA256:  e1cdb3252...[0m
[0;32mI (441) cpu_start: ESP-IDF:          5.2.1[0m
[0;32mI (446) cpu_start: Min chip rev:     v0.0[0m
[0;32mI (451) cpu_start: Max chip rev:     v3.99 [0m
[0;32mI (456) cpu_start: Chip rev:         v3.1[0m
[0;32mI (461) heap_init: Initializing. RAM available for dynamic allocation:[0m
[0;32mI (468) heap_init: At 3FFAE6E0 len 00001920 (6 KiB): DRAM[0m
[0;32mI (474) heap_init: At 3FFB82C8 len 00027D38 (159 KiB): DRAM[0m
[0;32mI (480) heap_init: At 3FFE0440 len 00003AE0 (14 KiB): D/IRAM[0m
[0;32mI (486) heap_init: At 3FFE4350 len 0001BCB0 (111 KiB): D/IRAM[0m
[0;32mI (493) heap_init: At 400966A4 len 0000995C (38 KiB): IRAM[0m
[0;32mI (501) spi_flash: detected chip: generic[0m
[0;32mI (504) spi_flash: flash io: dio[0m
[0;32mI (509) main_task: Started on CPU0[0m
[0;32mI (519) main_task: Calling app_main()[0m
[0;32mI (559) wifi:wifi driver task: 3ffc139c, prio:23, stack:6656, core=0[0m
[0;32mI (569) wifi:wifi firmware version: a9f5b59[0m
[0;32mI (579) wifi:wifi certification version: v7.0[0m
[0;32mI (579) wifi:config NVS flash: enabled[0m
[0;32mI (579) wifi:config nano formating: disabled[0m
[0;32mI (579) wifi:Init data frame dynamic rx buffer num: 32[0m
[0;32mI (579) wifi:Init static rx mgmt buffer num: 5[0m
[0;32mI (589) wifi:Init management short buffer num: 32[0m
[0;32mI (589) wifi:Init dynamic tx buffer num: 32[0m
[0;32mI (599) wifi:Init static rx buffer size: 1600[0m
[0;32mI (599) wifi:Init static rx buffer num: 10[0m
[0;32mI (609) wifi:Init dynamic rx buffer num: 32[0m
[0;32mI (609) wifi_init: rx ba win: 6[0m
[0;32mI (609) wifi_init: tcpip mbox: 32[0m
[0;32mI (619) wifi_init: udp mbox: 6[0m
[0;32mI (619) wifi_init: tcp mbox: 6[0m
[0;32mI (619) wifi_init: tcp tx win: 5760[0m
[0;32mI (629) wifi_init: tcp rx win: 5760[0m
[0;32mI (629) wifi_init: tcp mss: 1440[0m
[0;32mI (639) wifi_init: WiFi IRAM OP enabled[0m
[0;32mI (639) wifi_init: WiFi RX IRAM OP enabled[0m
[0;32mI (649) phy_init: phy_version 4791,2c4672b,Dec 20 2023,16:06:06[0m
[0;31mE (649) phy_init: failed to allocate memory for RF calibration data[0m

abort() was called at PC 0x4014d676 on core 0


Backtrace: 0x40081bf2:0x3ffc1160 0x40089105:0x3ffc1180 0x400908bd:0x3ffc11a0 0x4014d676:0x3ffc1210 0x4014d7b1:0x3ffc1240 0x40155165:0x3ffc1260 0x401175ce:0x3ffc1280 0x40117e0a:0x3ffc12a0 0x401161ba:0x3ffc12c0 0x400922fd:0x3ffc12e0 0x40089ebd:0x3ffc1310




ELF file SHA256: e1cdb3252

Rebooting...
ets Jul 29 2019 12:21:46

rst:0xc (SW_CPU_RESET),boot:0x13 (SPI_FAST_FLASH_BOOT)
configsip: 0, SPIWP:0xee
clk_drv:0x00,q_drv:0x00,d_drv:0x00,cs0_drv:0x00,hd_drv:0x00,wp_drv:0x00
mode:DIO, clock div:2
load:0x3fff0030,len:7172
load:0x40078000,len:15540
load:0x40080400,len:4
ho 8 tail 4 room 4
load:0x40080404,len:3904
entry 0x40080638
[0;32mI (31) boot: ESP-IDF 5.2.1 2nd stage bootloader[0m
[0;32mI (31) boot: compile time Oct  9 2024 15:10:32[0m
[0;32mI (31) boot: Multicore bootloader[0m
[0;32mI (35) boot: chip revision: v3.1[0m
[0;32mI (39) boot.esp32: SPI Speed      : 40MHz[0m
[0;32mI (44) boot.esp32: SPI Mode       : DIO[0m
[0;32mI (48) boot.esp32: SPI Flash Size : 4MB[0m
[0;32mI (53) boot: Enabling RNG early entropy source...[0m
[0;32mI (58) boot: Partition Table:[0m
[0;32mI (62) boot: ## Label            Usage          Type ST Offset   Length[0m
[0;32mI (69) boot:  0 nvs              WiFi data        01 02 00009000 00006000[0m
[0;32mI (76) boot:  1 phy_init         RF data          01 01 0000f000 00001000[0m
[0;32mI (84) boot:  2 factory          factory app      00 00 00010000 00100000[0m
[0;32mI (91) boot: End of partition table[0m
[0;32mI (96) esp_image: segment 0: paddr=00010020 vaddr=3f400020 size=22804h (141316) map[0m
[0;32mI (152) esp_image: segment 1: paddr=0003282c vaddr=3ffb0000 size=03c5ch ( 15452) load[0m
[0;32mI (158) esp_image: segment 2: paddr=00036490 vaddr=40080000 size=09b88h ( 39816) load[0m
[0;32mI (174) esp_image: segment 3: paddr=00040020 vaddr=400d0020 size=87574h (554356) map[0m
[0;32mI (364) esp_image: segment 4: paddr=000c759c vaddr=40089b88 size=0cb1ch ( 51996) load[0m
[0;32mI (396) boot: Loaded app from partition at offset 0x10000[0m
[0;32mI (396) boot: Disabling RNG early entropy source...[0m
[0;32mI (408) cpu_start: Multicore app[0m
[0;32mI (417) cpu_start: Pro cpu start user code[0m
[0;32mI (417) cpu_start: cpu freq: 160000000 Hz[0m
[0;32mI (417) cpu_start: Application information:[0m
[0;32mI (420) cpu_start: Project name:     weazy-automation[0m
[0;32mI (426) cpu_start: App version:      1[0m
[0;32mI (430) cpu_start: Compile time:     Oct  9 2024 14:58:24[0m
[0;32mI (436) cpu_start: ELF file SHA256:  e1cdb3252...[0m
[0;32mI (441) cpu_start: ESP-IDF:          5.2.1[0m
[0;32mI (446) cpu_start: Min chip rev:     v0.0[0m
[0;32mI (451) cpu_start: Max chip rev:     v3.99 [0m
[0;32mI (456) cpu_start: Chip rev:         v3.1[0m
[0;32mI (461) heap_init: Initializing. RAM available for dynamic allocation:[0m
[0;32mI (468) heap_init: At 3FFAE6E0 len 00001920 (6 KiB): DRAM[0m
[0;32mI (474) heap_init: At 3FFB82C8 len 00027D38 (159 KiB): DRAM[0m
[0;32mI (480) heap_init: At 3FFE0440 len 00003AE0 (14 KiB): D/IRAM[0m
[0;32mI (486) heap_init: At 3FFE4350 len 0001BCB0 (111 KiB): D/IRAM[0m
[0;32mI (493) heap_init: At 400966A4 len 0000995C (38 KiB): IRAM[0m
[0;32mI (501) spi_flash: detected chip: generic[0m
[0;32mI (504) spi_flash: flash io: dio[0m
[0;32mI (509) main_task: Started on CPU0[0m
[0;32mI (519) main_task: Calling app_main()[0m
[0;32mI (559) wifi:wifi driver task: 3ffc139c, prio:23, stack:6656, core=0[0m
[0;32mI (579) wifi:wifi firmware version: a9f5b59[0m
[0;32mI (579) wifi:wifi certification version: v7.0[0m
[0;32mI (579) wifi:config NVS flash: enabled[0m
[0;32mI (579) wifi:config nano formating: disabled[0m
[0;32mI (579) wifi:Init data frame dynamic rx buffer num: 32[0m
[0;32mI (579) wifi:Init static rx mgmt buffer num: 5[0m
[0;32mI (589) wifi:Init management short buffer num: 32[0m
[0;32mI (589) wifi:Init dynamic tx buffer num: 32[0m
[0;32mI (599) wifi:Init static rx buffer size: 1600[0m
[0;32mI (599) wifi:Init static rx buffer num: 10[0m
[0;32mI (609) wifi:Init dynamic rx buffer num: 32[0m
[0;32mI (609) wifi_init: rx ba win: 6[0m
[0;32mI (609) wifi_init: tcpip mbox: 32[0m
[0;32mI (619) wifi_init: udp mbox: 6[0m
[0;32mI (619) wifi_init: tcp mbox: 6[0m
[0;32mI (619) wifi_init: tcp tx win: 5760[0m
[0;32mI (629) wifi_init: tcp rx win: 5760[0m
[0;32mI (629) wifi_init: tcp mss: 1440[0m
[0;32mI (639) wifi_init: WiFi IRAM OP enabled[0m
[0;32mI (639) wifi_init: WiFi RX IRAM OP enabled[0m
[0;32mI (649) phy_init: phy_version 4791,2c4672b,Dec 20 2023,16:06:06[0m
[0;31mE (649) phy_init: failed to allocate memory for RF calibration data[0m

abort() was called at PC 0x4014d676 on core 0


Backtrace: 0x40081bf2:0x3ffc1160 0x40089105:0x3ffc1180 0x400908bd:0x3ffc11a0 0x4014d676:0x3ffc1210 0x4014d7b1:0x3ffc1240 0x40155165:0x3ffc1260 0x401175ce:0x3ffc1280 0x40117e0a:0x3ffc12a0 0x401161ba:0x3ffc12c0 0x400922fd:0x3ffc12e0 0x40089ebd:0x3ffc1310




ELF file SHA256: e1cdb3252

Rebooting...
ets Jul 29 2019 12:21:46

rst:0xc (SW_CPU_RESET),boot:0x13 (SPI_FAST_FLASH_BOOT)
configsip: 0, SPIWP:0xee
clk_drv:0x00,q_drv:0x00,d_drv:0x00,cs0_drv:0x00,hd_drv:0x00,wp_drv:0x00
mode:DIO, clock div:2
load:0x3fff0030,len:7172
load:0x40078000,len:15540
load:0x40080400,len:4
ho 8 tail 4 room 4
load:0x40080404,len:3904
entry 0x40080638
[0;32mI (31) boot: ESP-IDF 5.2.1 2nd stage bootloader[0m
[0;32mI (31) boot: compile time Oct  9 2024 15:10:32[0m
[0;32mI (31) boot: Multicore bootloader[0m
[0;32mI (35) boot: chip revision: v3.1[0m
[0;32mI (39) boot.esp32: SPI Speed      : 40MHz[0m
[0;32mI (44) boot.esp32: SPI Mode       : DIO[0m
[0;32mI (48) boot.esp32: SPI Flash Size : 4MB[0m
[0;32mI (53) boot: Enabling RNG early entropy source...[0m
[0;32mI (58) boot: Partition Table:[0m
[0;32mI (62) boot: ## Label            Usage          Type ST Offset   Length[0m
[0;32mI (69) boot:  0 nvs              WiFi data        01 02 00009000 00006000[0m
[0;32mI (76) boot:  1 phy_init         RF data          01 01 0000f000 00001000[0m
[0;32mI (84) boot:  2 factory          factory app      00 00 00010000 00100000[0m
[0;32mI (91) boot: End of partition table[0m
[0;32mI (96) esp_image: segment 0: paddr=00010020 vaddr=3f400020 size=22804h (141316) map[0m
[0;32mI (152) esp_image: segment 1: paddr=0003282c vaddr=3ffb0000 size=03c5ch ( 15452) load[0m
[0;32mI (158) esp_image: segment 2: paddr=00036490 vaddr=40080000 size=09b88h ( 39816) load[0m
[0;32mI (174) esp_image: segment 3: paddr=00040020 vaddr=400d0020 size=87574h (554356) map[0m
[0;32mI (364) esp_image: segment 4: paddr=000c759c vaddr=40089b88 size=0cb1ch ( 51996) load[0m
[0;32mI (396) boot: Loaded app from partition at offset 0x10000[0m
[0;32mI (396) boot: Disabling RNG early entropy source...[0m
[0;32mI (408) cpu_start: Multicore app[0m
[0;32mI (417) cpu_start: Pro cpu start user code[0m
[0;32mI (417) cpu_start: cpu freq: 160000000 Hz[0m
[0;32mI (417) cpu_start: Application information:[0m
[0;32mI (420) cpu_start: Project name:     weazy-automation[0m
[0;32mI (426) cpu_start: App version:      1[0m
[0;32mI (430) cpu_start: Compile time:     Oct  9 2024 14:58:24[0m
[0;32mI (436) cpu_start: ELF file SHA256:  e1cdb3252...[0m
[0;32mI (441) cpu_start: ESP-IDF:          5.2.1[0m
[0;32mI (446) cpu_start: Min chip rev:     v0.0[0m
[0;32mI (451) cpu_start: Max chip rev:     v3.99 [0m
[0;32mI (456) cpu_start: Chip rev:         v3.1[0m
[0;32mI (461) heap_init: Initializing. RAM available for dynamic allocation:[0m
[0;32mI (468) heap_init: At 3FFAE6E0 len 00001920 (6 KiB): DRAM[0m
[0;32mI (474) heap_init: At 3FFB82C8 len 00027D38 (159 KiB): DRAM[0m
[0;32mI (480) heap_init: At 3FFE0440 len 00003AE0 (14 KiB): D/IRAM[0m
[0;32mI (486) heap_init: At 3FFE4350 len 0001BCB0 (111 KiB): D/IRAM[0m
[0;32mI (493) heap_init: At 400966A4 len 0000995C (38 KiB): IRAM[0m
[0;32mI (501) spi_flash: detected chip: generic[0m
[0;32mI (504) spi_flash: flash io: dio[0m
[0;32mI (509) main_task: Started on CPU0[0m
[0;32mI (519) main_task: Calling app_main()[0m
[0;32mI (559) wifi:wifi driver task: 3ffc139c, prio:23, stack:6656, core=0[0m
[0;32mI (569) wifi:wifi firmware version: a9f5b59[0m
[0;32mI (579) wifi:wifi certification version: v7.0[0m
[0;32mI (579) wifi:config NVS flash: enabled[0m
[0;32mI (579) wifi:config nano formating: disabled[0m
[0;32mI (579) wifi:Init data frame dynamic rx buffer num: 32[0m
[0;32mI (579) wifi:Init static rx mgmt buffer num: 5[0m
[0;32mI (589) wifi:Init management short buffer num: 32[0m
[0;32mI (589) wifi:Init dynamic tx buffer num: 32[0m
[0;32mI (599) wifi:Init static rx buffer size: 1600[0m
[0;32mI (599) wifi:Init static rx buffer num: 10[0m
[0;32mI (609) wifi:Init dynamic rx buffer num: 32[0m
[0;32mI (609) wifi_init: rx ba win: 6[0m
[0;32mI (609) wifi_init: tcpip mbox: 32[0m
[0;32mI (619) wifi_init: udp mbox: 6[0m
[0;32mI (619) wifi_init: tcp mbox: 6[0m
[0;32mI (619) wifi_init: tcp tx win: 5760[0m
[0;32mI (629) wifi_init: tcp rx win: 5760[0m
[0;32mI (629) wifi_init: tcp mss: 1440[0m
[0;32mI (639) wifi_init: WiFi IRAM OP enabled[0m
[0;32mI (639) wifi_init: WiFi RX IRAM OP enabled[0m
[0;32mI (649) phy_init: phy_version 4791,2c4672b,Dec 20 2023,16:06:06[0m
[0;31mE (649) phy_init: failed to allocate memory for RF calibration data[0m

abort() was called at PC 0x4014d676 on core 0


Backtrace: 0x40081bf2:0x3ffc1160 0x40089105:0x3ffc1180 0x400908bd:0x3ffc11a0 0x4014d676:0x3ffc1210 0x4014d7b1:0x3ffc1240 0x40155165:0x3ffc1260 0x401175ce:0x3ffc1280 0x40117e0a:0x3ffc12a0 0x401161ba:0x3ffc12c0 0x400922fd:0x3ffc12e0 0x40089ebd:0x3ffc1310




ELF file SHA256: e1cdb3252

Rebooting...
ets Jul 29 2019 12:21:46

rst:0xc (SW_CPU_RESET),boot:0x13 (SPI_FAST_FLASH_BOOT)
configsip: 0, SPIWP:0xee
clk_drv:0x00,q_drv:0x00,d_drv:0x00,cs0_drv:0x00,hd_drv:0x00,wp_drv:0x00
mode:DIO, clock div:2
load:0x3fff0030,len:7172
load:0x40078000,len:15540
load:0x40080400,len:4
ho 8 tail 4 room 4
load:0x40080404,len:3904
entry 0x40080638
[0;32mI (31) boot: ESP-IDF 5.2.1 2nd stage bootloader[0m
[0;32mI (31) boot: compile time Oct  9 2024 15:10:32[0m
[0;32mI (31) boot: Multicore bootloader[0m
[0;32mI (35) boot: chip revision: v3.1[0m
[0;32mI (39) boot.esp32: SPI Speed      : 40MHz[0m
[0;32mI (44) boot.esp32: SPI Mode       : DIO[0m
[0;32mI (48) boot.esp32: SPI Flash Size : 4MB[0m
[0;32mI (53) boot: Enabling RNG early entropy source...[0m
[0;32mI (58) boot: Partition Table:[0m
[0;32mI (62) boot: ## Label            Usage          Type ST Offset   Length[0m
[0;32mI (69) boot:  0 nvs              WiFi data        01 02 00009000 00006000[0m
[0;32mI (76) boot:  1 phy_init         RF data          01 01 0000f000 00001000[0m
[0;32mI (84) boot:  2 factory          factory app      00 00 00010000 00100000[0m
[0;32mI (91) boot: End of partition table[0m
[0;32mI (96) esp_image: segment 0: paddr=00010020 vaddr=3f400020 size=22804h (141316) map[0m
[0;32mI (152) esp_image: segment 1: paddr=0003282c vaddr=3ffb0000 size=03c5ch ( 15452) load[0m
[0;32mI (158) esp_image: segment 2: paddr=00036490 vaddr=40080000 size=09b88h ( 39816) load[0m
[0;32mI (174) esp_image: segment 3: paddr=00040020 vaddr=400d0020 size=87574h (554356) map[0m
[0;32mI (364) esp_image: segment 4: paddr=000c759c vaddr=40089b88 size=0cb1ch ( 51996) load[0m
[0;32mI (396) boot: Loaded app from partition at offset 0x10000[0m
[0;32mI (396) boot: Disabling RNG early entropy source...[0m
[0;32mI (408) cpu_start: Multicore app[0m
[0;32mI (417) cpu_start: Pro cpu start user code[0m
[0;32mI (417) cpu_start: cpu freq: 160000000 Hz[0m
[0;32mI (417) cpu_start: Application information:[0m
[0;32mI (420) cpu_start: Project name:     weazy-automation[0m
[0;32mI (426) cpu_start: App version:      1[0m
[0;32mI (430) cpu_start: Compile time:     Oct  9 2024 14:58:24[0m
[0;32mI (436) cpu_start: ELF file SHA256:  e1cdb3252...[0m
[0;32mI (441) cpu_start: ESP-IDF:          5.2.1[0m
[0;32mI (446) cpu_start: Min chip rev:     v0.0[0m
[0;32mI (451) cpu_start: Max chip rev:     v3.99 [0m
[0;32mI (456) cpu_start: Chip rev:         v3.1[0m
[0;32mI (461) heap_init: Initializing. RAM available for dynamic allocation:[0m
[0;32mI (468) heap_init: At 3FFAE6E0 len 00001920 (6 KiB): DRAM[0m
[0;32mI (474) heap_init: At 3FFB82C8 len 00027D38 (159 KiB): DRAM[0m
[0;32mI (480) heap_init: At 3FFE0440 len 00003AE0 (14 KiB): D/IRAM[0m
[0;32mI (486) heap_init: At 3FFE4350 len 0001BCB0 (111 KiB): D/IRAM[0m
[0;32mI (493) heap_init: At 400966A4 len 0000995C (38 KiB): IRAM[0m
[0;32mI (501) spi_flash: detected chip: generic[0m
[0;32mI (504) spi_flash: flash io: dio[0m
[0;32mI (509) main_task: Started on CPU0[0m
[0;32mI (519) main_task: Calling app_main()[0m
[0;32mI (559) wifi:wifi driver task: 3ffc139c, prio:23, stack:6656, core=0[0m
[0;32mI (569) wifi:wifi firmware version: a9f5b59[0m
[0;32mI (579) wifi:wifi certification version: v7.0[0m
[0;32mI (579) wifi:config NVS flash: enabled[0m
[0;32mI (579) wifi:config nano formating: disabled[0m
[0;32mI (579) wifi:Init data frame dynamic rx buffer num: 32[0m
[0;32mI (579) wifi:Init static rx mgmt buffer num: 5[0m
[0;32mI (589) wifi:Init management short buffer num: 32[0m
[0;32mI (589) wifi:Init dynamic tx buffer num: 32[0m
[0;32mI (599) wifi:Init static rx buffer size: 1600[0m
[0;32mI (599) wifi:Init static rx buffer num: 10[0m
[0;32mI (609) wifi:Init dynamic rx buffer num: 32[0m
[0;32mI (609) wifi_init: rx ba win: 6[0m
[0;32mI (609) wifi_init: tcpip mbox: 32[0m
[0;32mI (619) wifi_init: udp mbox: 6[0m
[0;32mI (619) wifi_init: tcp mbox: 6[0m
[0;32mI (619) wifi_init: tcp tx win: 5760[0m
[0;32mI (629) wifi_init: tcp rx win: 5760[0m
[0;32mI (629) wifi_init: tcp mss: 1440[0m
[0;32mI (639) wifi_init: WiFi IRAM OP enabled[0m
[0;32mI (639) wifi_init: WiFi RX IRAM OP enabled[0m
[0;32mI (649) phy_init: phy_version 4791,2c4672b,Dec 20 2023,16:06:06[0m
[0;31mE (649) phy_init: failed to allocate memory for RF calibration data[0m

abort() was called at PC 0x4014d676 on core 0


Backtrace: 0x40081bf2:0x3ffc1160 0x40089105:0x3ffc1180 0x400908bd:0x3ffc11a0 0x4014d676:0x3ffc1210 0x4014d7b1:0x3ffc1240 0x40155165:0x3ffc1260 0x401175ce:0x3ffc1280 0x40117e0a:0x3ffc12a0 0x401161ba:0x3ffc12c0 0x400922fd:0x3ffc12e0 0x40089ebd:0x3ffc1310




ELF file SHA256: e1cdb3252

Rebooting...
ets Jul 29 2019 12:21:46

rst:0xc (SW_CPU_RESET),boot:0x13 (SPI_FAST_FLASH_BOOT)
configsip: 0, SPIWP:0xee
clk_drv:0x00,q_drv:0x00,d_drv:0x00,cs0_drv:0x00,hd_drv:0x00,wp_drv:0x00
mode:DIO, clock div:2
load:0x3fff0030,len:7172
load:0x40078000,len:15540
load:0x40080400,len:4
ho 8 tail 4 room 4
load:0x40080404,len:3904
entry 0x40080638
[0;32mI (31) boot: ESP-IDF 5.2.1 2nd stage bootloader[0m
[0;32mI (31) boot: compile time Oct  9 2024 15:10:32[0m
[0;32mI (31) boot: Multicore bootloader[0m
[0;32mI (35) boot: chip revision: v3.1[0m
[0;32mI (39) boot.esp32: SPI Speed      : 40MHz[0m
[0;32mI (44) boot.esp32: SPI Mode       : DIO[0m
[0;32mI (48) boot.esp32: SPI Flash Size : 4MB[0m
[0;32mI (53) boot: Enabling RNG early entropy source...[0m
[0;32mI (58) boot: Partition Table:[0m
[0;32mI (62) boot: ## Label            Usage          Type ST Offset   Length[0m
[0;32mI (69) boot:  0 nvs              WiFi data        01 02 00009000 00006000[0m
[0;32mI (76) boot:  1 phy_init         RF data          01 01 0000f000 00001000[0m
[0;32mI (84) boot:  2 factory          factory app      00 00 00010000 00100000[0m
[0;32mI (91) boot: End of partition table[0m
[0;32mI (96) esp_image: segment 0: paddr=00010020 vaddr=3f400020 size=22804h (141316) map[0m
[0;32mI (152) esp_image: segment 1: paddr=0003282c vaddr=3ffb0000 size=03c5ch ( 15452) load[0m
[0;32mI (158) esp_image: segment 2: paddr=00036490 vaddr=40080000 size=09b88h ( 39816) load[0m
[0;32mI (174) esp_image: segment 3: paddr=00040020 vaddr=400d0020 size=87574h (554356) map[0m
[0;32mI (364) esp_image: segment 4: paddr=000c759c vaddr=40089b88 size=0cb1ch ( 51996) load[0m
[0;32mI (396) boot: Loaded app from partition at offset 0x10000[0m
[0;32mI (396) boot: Disabling RNG early entropy source...[0m
[0;32mI (408) cpu_start: Multicore app[0m
[0;32mI (417) cpu_start: Pro cpu start user code[0m
[0;32mI (417) cpu_start: cpu freq: 160000000 Hz[0m
[0;32mI (417) cpu_start: Application information:[0m
[0;32mI (420) cpu_start: Project name:     weazy-automation[0m
[0;32mI (426) cpu_start: App version:      1[0m
[0;32mI (430) cpu_start: Compile time:     Oct  9 2024 14:58:24[0m
[0;32mI (436) cpu_start: ELF file SHA256:  e1cdb3252...[0m
[0;32mI (441) cpu_start: ESP-IDF:          5.2.1[0m
[0;32mI (446) cpu_start: Min chip rev:     v0.0[0m
[0;32mI (451) cpu_start: Max chip rev:     v3.99 [0m
[0;32mI (456) cpu_start: Chip rev:         v3.1[0m
[0;32mI (461) heap_init: Initializing. RAM available for dynamic allocation:[0m
[0;32mI (468) heap_init: At 3FFAE6E0 len 00001920 (6 KiB): DRAM[0m
[0;32mI (474) heap_init: At 3FFB82C8 len 00027D38 (159 KiB): DRAM[0m
[0;32mI (480) heap_init: At 3FFE0440 len 00003AE0 (14 KiB): D/IRAM[0m
[0;32mI (486) heap_init: At 3FFE4350 len 0001BCB0 (111 KiB): D/IRAM[0m
[0;32mI (493) heap_init: At 400966A4 len 0000995C (38 KiB): IRAM[0m
[0;32mI (501) spi_flash: detected chip: generic[0m
[0;32mI (504) spi_flash: flash io: dio[0m
[0;32mI (509) main_task: Started on CPU0[0m
[0;32mI (519) main_task: Calling app_main()[0m
[0;32mI (559) wifi:wifi driver task: 3ffc139c, prio:23, stack:6656, core=0[0m
[0;32mI (579) wifi:wifi firmware version: a9f5b59[0m
[0;32mI (579) wifi:wifi certification version: v7.0[0m
[0;32mI (579) wifi:config NVS flash: enabled[0m
[0;32mI (579) wifi:config nano formating: disabled[0m
[0;32mI (579) wifi:Init data frame dynamic rx buffer num: 32[0m
[0;32mI (579) wifi:Init static rx mgmt buffer num: 5[0m
[0;32mI (589) wifi:Init management short buffer num: 32[0m
[0;32mI (589) wifi:Init dynamic tx buffer num: 32[0m
[0;32mI (599) wifi:Init static rx buffer size: 1600[0m
[0;32mI (599) wifi:Init static rx buffer num: 10[0m
[0;32mI (609) wifi:Init dynamic rx buffer num: 32[0m
[0;32mI (609) wifi_init: rx ba win: 6[0m
[0;32mI (609) wifi_init: tcpip mbox: 32[0m
[0;32mI (619) wifi_init: udp mbox: 6[0m
[0;32mI (619) wifi_init: tcp mbox: 6[0m
[0;32mI (619) wifi_init: tcp tx win: 5760[0m
[0;32mI (629) wifi_init: tcp rx win: 5760[0m
[0;32mI (629) wifi_init: tcp mss: 1440[0m
[0;32mI (639) wifi_init: WiFi IRAM OP enabled[0m
[0;32mI (639) wifi_init: WiFi RX IRAM OP enabled[0m
[0;32mI (649) phy_init: phy_version 4791,2c4672b,Dec 20 2023,16:06:06[0m
[0;31mE (649) phy_init: failed to allocate memory for RF calibration data[0m

abort() was called at PC 0x4014d676 on core 0


Backtrace: 0x40081bf2:0x3ffc1160 0x40089105:0x3ffc1180 0x400908bd:0x3ffc11a0 0x4014d676:0x3ffc1210 0x4014d7b1:0x3ffc1240 0x40155165:0x3ffc1260 0x401175ce:0x3ffc1280 0x40117e0a:0x3ffc12a0 0x401161ba:0x3ffc12c0 0x400922fd:0x3ffc12e0 0x40089ebd:0x3ffc1310




ELF file SHA256: e1cdb3252

Rebooting...
ets Jul 29 2019 12:21:46

rst:0xc (SW_CPU_RESET),boot:0x13 (SPI_FAST_FLASH_BOOT)
configsip: 0, SPIWP:0xee
clk_drv:0x00,q_drv:0x00,d_drv:0x00,cs0_drv:0x00,hd_drv:0x00,wp_drv:0x00
mode:DIO, clock div:2
load:0x3fff0030,len:7172
load:0x40078000,len:15540
load:0x40080400,len:4
ho 8 tail 4 room 4
load:0x40080404,len:3904
entry 0x40080638
[0;32mI (31) boot: ESP-IDF 5.2.1 2nd stage bootloader[0m
[0;32mI (31) boot: compile time Oct  9 2024 15:10:32[0m
[0;32mI (31) boot: Multicore bootloader[0m
[0;32mI (35) boot: chip revision: v3.1[0m
[0;32mI (39) boot.esp32: SPI Speed      : 40MHz[0m
[0;32mI (44) boot.esp32: SPI Mode       : DIO[0m
[0;32mI (48) boot.esp32: SPI Flash Size : 4MB[0m
[0;32mI (53) boot: Enabling RNG early entropy source...[0m
[0;32mI (58) boot: Partition Table:[0m
[0;32mI (62) boot: ## Label            Usage          Type ST Offset   Length[0m
[0;32mI (69) boot:  0 nvs              WiFi data        01 02 00009000 00006000[0m
[0;32mI (76) boot:  1 phy_init         RF data          01 01 0000f000 00001000[0m
[0;32mI (84) boot:  2 factory          factory app      00 00 00010000 00100000[0m
[0;32mI (91) boot: End of partition table[0m
[0;32mI (96) esp_image: segment 0: paddr=00010020 vaddr=3f400020 size=22804h (141316) map[0m
[0;32mI (152) esp_image: segment 1: paddr=0003282c vaddr=3ffb0000 size=03c5ch ( 15452) load[0m
[0;32mI (158) esp_image: segment 2: paddr=00036490 vaddr=40080000 size=09b88h ( 39816) load[0m
[0;32mI (174) esp_image: segment 3: paddr=00040020 vaddr=400d0020 size=87574h (554356) map[0m
[0;32mI (364) esp_image: segment 4: paddr=000c759c vaddr=40089b88 size=0cb1ch ( 51996) load[0m
[0;32mI (396) boot: Loaded app from partition at offset 0x10000[0m
[0;32mI (396) boot: Disabling RNG early entropy source...[0m
[0;32mI (408) cpu_start: Multicore app[0m
[0;32mI (417) cpu_start: Pro cpu start user code[0m
[0;32mI (417) cpu_start: cpu freq: 160000000 Hz[0m
[0;32mI (417) cpu_start: Application information:[0m
[0;32mI (420) cpu_start: Project name:     weazy-automation[0m
[0;32mI (426) cpu_start: App version:      1[0m
[0;32mI (430) cpu_start: Compile time:     Oct  9 2024 14:58:24[0m
[0;32mI (436) cpu_start: ELF file SHA256:  e1cdb3252...[0m
[0;32mI (441) cpu_start: ESP-IDF:          5.2.1[0m
[0;32mI (446) cpu_start: Min chip rev:     v0.0[0m
[0;32mI (451) cpu_start: Max chip rev:     v3.99 [0m
[0;32mI (456) cpu_start: Chip rev:         v3.1[0m
[0;32mI (461) heap_init: Initializing. RAM available for dynamic allocation:[0m
[0;32mI (468) heap_init: At 3FFAE6E0 len 00001920 (6 KiB): DRAM[0m
[0;32mI (474) heap_init: At 3FFB82C8 len 00027D38 (159 KiB): DRAM[0m
[0;32mI (480) heap_init: At 3FFE0440 len 00003AE0 (14 KiB): D/IRAM[0m
[0;32mI (486) heap_init: At 3FFE4350 len 0001BCB0 (111 KiB): D/IRAM[0m
[0;32mI (493) heap_init: At 400966A4 len 0000995C (38 KiB): IRAM[0m
[0;32mI (501) spi_flash: detected chip: generic[0m
[0;32mI (504) spi_flash: flash io: dio[0m
[0;32mI (509) main_task: Started on CPU0[0m
[0;32mI (519) main_task: Calling app_main()[0m
[0;32mI (559) wifi:wifi driver task: 3ffc139c, prio:23, stack:6656, core=0[0m
[0;32mI (579) wifi:wifi firmware version: a9f5b59[0m
[0;32mI (579) wifi:wifi certification version: v7.0[0m
[0;32mI (579) wifi:config NVS flash: enabled[0m
[0;32mI (579) wifi:config nano formating: disabled[0m
[0;32mI (579) wifi:Init data frame dynamic rx buffer num: 32[0m
[0;32mI (589) wifi:Init static rx mgmt buffer num: 5[0m
[0;32mI (589) wifi:Init management short buffer num: 32[0m
[0;32mI (589) wifi:Init dynamic tx buffer num: 32[0m
[0;32mI (599) wifi:Init static rx buffer size: 1600[0m
[0;32mI (599) wifi:Init static rx buffer num: 10[0m
[0;32mI (609) wifi:Init dynamic rx buffer num: 32[0m
[0;32mI (609) wifi_init: rx ba win: 6[0m
[0;32mI (609) wifi_init: tcpip mbox: 32[0m
[0;32mI (619) wifi_init: udp mbox: 6[0m
[0;32mI (619) wifi_init: tcp mbox: 6[0m
[0;32mI (619) wifi_init: tcp tx win: 5760[0m
[0;32mI (629) wifi_init: tcp rx win: 5760[0m
[0;32mI (629) wifi_init: tcp mss: 1440[0m
[0;32mI (639) wifi_init: WiFi IRAM OP enabled[0m
[0;32mI (639) wifi_init: WiFi RX IRAM OP enabled[0m
[0;32mI (649) phy_init: phy_version 4791,2c4672b,Dec 20 2023,16:06:06[0m
[0;31mE (649) phy_init: failed to allocate memory for RF calibration data[0m

abort() was called at PC 0x4014d676 on core 0


Backtrace: 0x40081bf2:0x3ffc1160 0x40089105:0x3ffc1180 0x400908bd:0x3ffc11a0 0x4014d676:0x3ffc1210 0x4014d7b1:0x3ffc1240 0x40155165:0x3ffc1260 0x401175ce:0x3ffc1280 0x40117e0a:0x3ffc12a0 0x401161ba:0x3ffc12c0 0x400922fd:0x3ffc12e0 0x40089ebd:0x3ffc1310




ELF file SHA256: e1cdb3252

Rebooting...
ets Jul 29 2019 12:21:46

rst:0xc (SW_CPU_RESET),boot:0x13 (SPI_FAST_FLASH_BOOT)
configsip: 0, SPIWP:0xee
clk_drv:0x00,q_drv:0x00,d_drv:0x00,cs0_drv:0x00,hd_drv:0x00,wp_drv:0x00
mode:DIO, clock div:2
load:0x3fff0030,len:7172
load:0x40078000,len:15540
load:0x40080400,len:4
ho 8 tail 4 room 4
load:0x40080404,len:3904
entry 0x40080638
[0;32mI (31) boot: ESP-IDF 5.2.1 2nd stage bootloader[0m
[0;32mI (31) boot: compile time Oct  9 2024 15:10:32[0m
[0;32mI (31) boot: Multicore bootloader[0m
[0;32mI (35) boot: chip revision: v3.1[0m
[0;32mI (39) boot.esp32: SPI Speed      : 40MHz[0m
[0;32mI (44) boot.esp32: SPI Mode       : DIO[0m
[0;32mI (48) boot.esp32: SPI Flash Size : 4MB[0m
[0;32mI (53) boot: Enabling RNG early entropy source...[0m
[0;32mI (58) boot: Partition Table:[0m
[0;32mI (62) boot: ## Label            Usage          Type ST Offset   Length[0m
[0;32mI (69) boot:  0 nvs              WiFi data        01 02 00009000 00006000[0m
[0;32mI (76) boot:  1 phy_init         RF data          01 01 0000f000 00001000[0m
[0;32mI (84) boot:  2 factory          factory app      00 00 00010000 00100000[0m
[0;32mI (91) boot: End of partition table[0m
[0;32mI (96) esp_image: segment 0: paddr=00010020 vaddr=3f400020 size=22804h (141316) map[0m
[0;32mI (152) esp_image: segment 1: paddr=0003282c vaddr=3ffb0000 size=03c5ch ( 15452) load[0m
[0;32mI (158) esp_image: segment 2: paddr=00036490 vaddr=40080000 size=09b88h ( 39816) load[0m
[0;32mI (174) esp_image: segment 3: paddr=00040020 vaddr=400d0020 size=87574h (554356) map[0m
[0;32mI (364) esp_image: segment 4: paddr=000c759c vaddr=40089b88 size=0cb1ch ( 51996) load[0m
[0;32mI (396) boot: Loaded app from partition at offset 0x10000[0m
[0;32mI (396) boot: Disabling RNG early entropy source...[0m
[0;32mI (408) cpu_start: Multicore app[0m
[0;32mI (417) cpu_start: Pro cpu start user code[0m
[0;32mI (417) cpu_start: cpu freq: 160000000 Hz[0m
[0;32mI (417) cpu_start: Application information:[0m
[0;32mI (420) cpu_start: Project name:     weazy-automation[0m
[0;32mI (426) cpu_start: App version:      1[0m
[0;32mI (430) cpu_start: Compile time:     Oct  9 2024 14:58:24[0m
[0;32mI (436) cpu_start: ELF file SHA256:  e1cdb3252...[0m
[0;32mI (441) cpu_start: ESP-IDF:          5.2.1[0m
[0;32mI (446) cpu_start: Min chip rev:     v0.0[0m
[0;32mI (451) cpu_start: Max chip rev:     v3.99 [0m
[0;32mI (456) cpu_start: Chip rev:         v3.1[0m
[0;32mI (461) heap_init: Initializing. RAM available for dynamic allocation:[0m
[0;32mI (468) heap_init: At 3FFAE6E0 len 00001920 (6 KiB): DRAM[0m
[0;32mI (474) heap_init: At 3FFB82C8 len 00027D38 (159 KiB): DRAM[0m
[0;32mI (480) heap_init: At 3FFE0440 len 00003AE0 (14 KiB): D/IRAM[0m
[0;32mI (486) heap_init: At 3FFE4350 len 0001BCB0 (111 KiB): D/IRAM[0m
[0;32mI (493) heap_init: At 400966A4 len 0000995C (38 KiB): IRAM[0m
[0;32mI (501) spi_flash: detected chip: generic[0m
[0;32mI (504) spi_flash: flash io: dio[0m
[0;32mI (509) main_task: Started on CPU0[0m
[0;32mI (519) main_task: Calling app_main()[0m
[0;32mI (559) wifi:wifi driver task: 3ffc139c, prio:23, stack:6656, core=0[0m
[0;32mI (579) wifi:wifi firmware version: a9f5b59[0m
[0;32mI (579) wifi:wifi certification version: v7.0[0m
[0;32mI (579) wifi:config NVS flash: enabled[0m
[0;32mI (579) wifi:config nano formating: disabled[0m
[0;32mI (579) wifi:Init data frame dynamic rx buffer num: 32[0m
[0;32mI (579) wifi:Init static rx mgmt buffer num: 5[0m
[0;32mI (589) wifi:Init management short buffer num: 32[0m
[0;32mI (589) wifi:Init dynamic tx buffer num: 32[0m
[0;32mI (599) wifi:Init static rx buffer size: 1600[0m
[0;32mI (599) wifi:Init static rx buffer num: 10[0m
[0;32mI (609) wifi:Init dynamic rx buffer num: 32[0m
[0;32mI (609) wifi_init: rx ba win: 6[0m
[0;32mI (609) wifi_init: tcpip mbox: 32[0m
[0;32mI (619) wifi_init: udp mbox: 6[0m
[0;32mI (619) wifi_init: tcp mbox: 6[0m
[0;32mI (619) wifi_init: tcp tx win: 5760[0m
[0;32mI (629) wifi_init: tcp rx win: 5760[0m
[0;32mI (629) wifi_init: tcp mss: 1440[0m
[0;32mI (639) wifi_init: WiFi IRAM OP enabled[0m
[0;32mI (639) wifi_init: WiFi RX IRAM OP enabled[0m
[0;32mI (649) phy_init: phy_version 4791,2c4672b,Dec 20 2023,16:06:06[0m
[0;31mE (649) phy_init: failed to allocate memory for RF calibration data[0m

abort() was called at PC 0x4014d676 on core 0


Backtrace: 0x40081bf2:0x3ffc1160 0x40089105:0x3ffc1180 0x400908bd:0x3ffc11a0 0x4014d676:0x3ffc1210 0x4014d7b1:0x3ffc1240 0x40155165:0x3ffc1260 0x401175ce:0x3ffc1280 0x40117e0a:0x3ffc12a0 0x401161ba:0x3ffc12c0 0x400922fd:0x3ffc12e0 0x40089ebd:0x3ffc1310




ELF file SHA256: e1cdb3252

Rebooting...
ets Jul 29 2019 12:21:46

rst:0xc (SW_CPU_RESET),boot:0x13 (SPI_FAST_FLASH_BOOT)
configsip: 0, SPIWP:0xee
clk_drv:0x00,q_drv:0x00,d_drv:0x00,cs0_drv:0x00,hd_drv:0x00,wp_drv:0x00
mode:DIO, clock div:2
load:0x3fff0030,len:7172
load:0x40078000,len:15540
load:0x40080400,len:4
ho 8 tail 4 room 4
load:0x40080404,len:3904
entry 0x40080638
[0;32mI (31) boot: ESP-IDF 5.2.1 2nd stage bootloader[0m
[0;32mI (31) boot: compile time Oct  9 2024 15:10:32[0m
[0;32mI (31) boot: Multicore bootloader[0m
[0;32mI (35) boot: chip revision: v3.1[0m
[0;32mI (39) boot.esp32: SPI Speed      : 40MHz[0m
[0;32mI (44) boot.esp32: SPI Mode       : DIO[0m
[0;32mI (48) boot.esp32: SPI Flash Size : 4MB[0m
[0;32mI (53) boot: Enabling RNG early entropy source...[0m
[0;32mI (58) boot: Partition Table:[0m
[0;32mI (62) boot: ## Label            Usage          Type ST Offset   Length[0m
[0;32mI (69) boot:  0 nvs              WiFi data        01 02 00009000 00006000[0m
[0;32mI (76) boot:  1 phy_init         RF data          01 01 0000f000 00001000[0m
[0;32mI (84) boot:  2 factory          factory app      00 00 00010000 00100000[0m
[0;32mI (91) boot: End of partition table[0m
[0;32mI (96) esp_image: segment 0: paddr=00010020 vaddr=3f400020 size=22804h (141316) map[0m
[0;32mI (152) esp_image: segment 1: paddr=0003282c vaddr=3ffb0000 size=03c5ch ( 15452) load[0m
[0;32mI (158) esp_image: segment 2: paddr=00036490 vaddr=40080000 size=09b88h ( 39816) load[0m
[0;32mI (174) esp_image: segment 3: paddr=00040020 vaddr=400d0020 size=87574h (554356) map[0m
[0;32mI (364) esp_image: segment 4: paddr=000c759c vaddr=40089b88 size=0cb1ch ( 51996) load[0m
[0;32mI (396) boot: Loaded app from partition at offset 0x10000[0m
[0;32mI (396) boot: Disabling RNG early entropy source...[0m
[0;32mI (408) cpu_start: Multicore app[0m
[0;32mI (417) cpu_start: Pro cpu start user code[0m
[0;32mI (417) cpu_start: cpu freq: 160000000 Hz[0m
[0;32mI (417) cpu_start: Application information:[0m
[0;32mI (420) cpu_start: Project name:     weazy-automation[0m
[0;32mI (426) cpu_start: App version:      1[0m
[0;32mI (430) cpu_start: Compile time:     Oct  9 2024 14:58:24[0m
[0;32mI (436) cpu_start: ELF file SHA256:  e1cdb3252...[0m
[0;32mI (441) cpu_start: ESP-IDF:          5.2.1[0m
[0;32mI (446) cpu_start: Min chip rev:     v0.0[0m
[0;32mI (451) cpu_start: Max chip rev:     v3.99 [0m
[0;32mI (456) cpu_start: Chip rev:         v3.1[0m
[0;32mI (461) heap_init: Initializing. RAM available for dynamic allocation:[0m
[0;32mI (468) heap_init: At 3FFAE6E0 len 00001920 (6 KiB): DRAM[0m
[0;32mI (474) heap_init: At 3FFB82C8 len 00027D38 (159 KiB): DRAM[0m
[0;32mI (480) heap_init: At 3FFE0440 len 00003AE0 (14 KiB): D/IRAM[0m
[0;32mI (486) heap_init: At 3FFE4350 len 0001BCB0 (111 KiB): D/IRAM[0m
[0;32mI (493) heap_init: At 400966A4 len 0000995C (38 KiB): IRAM[0m
[0;32mI (501) spi_flash: detected chip: generic[0m
[0;32mI (504) spi_flash: flash io: dio[0m
[0;32mI (509) main_task: Started on CPU0[0m
[0;32mI (519) main_task: Calling app_main()[0m
[0;32mI (559) wifi:wifi driver task: 3ffc139c, prio:23, stack:6656, core=0[0m
[0;32mI (579) wifi:wifi firmware version: a9f5b59[0m
[0;32mI (579) wifi:wifi certification version: v7.0[0m
[0;32mI (579) wifi:config NVS flash: enabled[0m
[0;32mI (579) wifi:config nano formating: disabled[0m
[0;32mI (579) wifi:Init data frame dynamic rx buffer num: 32[0m
[0;32mI (579) wifi:Init static rx mgmt buffer num: 5[0m
[0;32mI (589) wifi:Init management short buffer num: 32[0m
[0;32mI (589) wifi:Init dynamic tx buffer num: 32[0m
[0;32mI (599) wifi:Init static rx buffer size: 1600[0m
[0;32mI (599) wifi:Init static rx buffer num: 10[0m
[0;32mI (609) wifi:Init dynamic rx buffer num: 32[0m
[0;32mI (609) wifi_init: rx ba win: 6[0m
[0;32mI (609) wifi_init: tcpip mbox: 32[0m
[0;32mI (619) wifi_init: udp mbox: 6[0m
[0;32mI (619) wifi_init: tcp mbox: 6[0m
[0;32mI (619) wifi_init: tcp tx win: 5760[0m
[0;32mI (629) wifi_init: tcp rx win: 5760[0m
[0;32mI (629) wifi_init: tcp mss: 1440[0m
[0;32mI (639) wifi_init: WiFi IRAM OP enabled[0m
[0;32mI (639) wifi_init: WiFi RX IRAM OP enabled[0m
[0;32mI (649) phy_init: phy_version 4791,2c4672b,Dec 20 2023,16:06:06[0m
[0;31mE (649) phy_init: failed to allocate memory for RF calibration data[0m

abort() was called at PC 0x4014d676 on core 0


Backtrace: 0x40081bf2:0x3ffc1160 0x40089105:0x3ffc1180 0x400908bd:0x3ffc11a0 0x4014d676:0x3ffc1210 0x4014d7b1:0x3ffc1240 0x40155165:0x3ffc1260 0x401175ce:0x3ffc1280 0x40117e0a:0x3ffc12a0 0x401161ba:0x3ffc12c0 0x400922fd:0x3ffc12e0 0x40089ebd:0x3ffc1310




ELF file SHA256: e1cdb3252

Rebooting...
ets Jul 29 2019 12:21:46

rst:0xc (SW_CPU_RESET),boot:0x13 (SPI_FAST_FLASH_BOOT)
configsip: 0, SPIWP:0xee
clk_drv:0x00,q_drv:0x00,d_drv:0x00,cs0_drv:0x00,hd_drv:0x00,wp_drv:0x00
mode:DIO, clock div:2
load:0x3fff0030,len:7172
load:0x40078000,len:15540
load:0x40080400,len:4
ho 8 tail 4 room 4
load:0x40080404,len:3904
entry 0x40080638
[0;32mI (31) boot: ESP-IDF 5.2.1 2nd stage bootloader[0m
[0;32mI (31) boot: compile time Oct  9 2024 15:10:32[0m
[0;32mI (31) boot: Multicore bootloader[0m
[0;32mI (35) boot: chip revision: v3.1[0m
[0;32mI (39) boot.esp32: SPI Speed      : 40MHz[0m
[0;32mI (44) boot.esp32: SPI Mode       : DIO[0m
[0;32mI (48) boot.esp32: SPI Flash Size : 4MB[0m
[0;32mI (53) boot: Enabling RNG early entropy source...[0m
[0;32mI (58) boot: Partition Table:[0m
[0;32mI (62) boot: ## Label            Usage          Type ST Offset   Length[0m
[0;32mI (69) boot:  0 nvs              WiFi data        01 02 00009000 00006000[0m
[0;32mI (76) boot:  1 phy_init         RF data          01 01 0000f000 00001000[0m
[0;32mI (84) boot:  2 factory          factory app      00 00 00010000 00100000[0m
[0;32mI (91) boot: End of partition table[0m
[0;32mI (96) esp_image: segment 0: paddr=00010020 vaddr=3f400020 size=22804h (141316) map[0m
[0;32mI (152) esp_image: segment 1: paddr=0003282c vaddr=3ffb0000 size=03c5ch ( 15452) load[0m
[0;32mI (158) esp_image: segment 2: paddr=00036490 vaddr=40080000 size=09b88h ( 39816) load[0m
[0;32mI (174) esp_image: segment 3: paddr=00040020 vaddr=400d0020 size=87574h (554356) map[0m
[0;32mI (364) esp_image: segment 4: paddr=000c759c vaddr=40089b88 size=0cb1ch ( 51996) load[0m
[0;32mI (396) boot: Loaded app from partition at offset 0x10000[0m
[0;32mI (396) boot: Disabling RNG early entropy source...[0m
[0;32mI (408) cpu_start: Multicore app[0m
[0;32mI (417) cpu_start: Pro cpu start user code[0m
[0;32mI (417) cpu_start: cpu freq: 160000000 Hz[0m
[0;32mI (417) cpu_start: Application information:[0m
[0;32mI (420) cpu_start: Project name:     weazy-automation[0m
[0;32mI (426) cpu_start: App version:      1[0m
[0;32mI (430) cpu_start: Compile time:     Oct  9 2024 14:58:24[0m
[0;32mI (436) cpu_start: ELF file SHA256:  e1cdb3252...[0m
[0;32mI (441) cpu_start: ESP-IDF:          5.2.1[0m
[0;32mI (446) cpu_start: Min chip rev:     v0.0[0m
[0;32mI (451) cpu_start: Max chip rev:     v3.99 [0m
[0;32mI (456) cpu_start: Chip rev:         v3.1[0m
[0;32mI (461) heap_init: Initializing. RAM available for dynamic allocation:[0m
[0;32mI (468) heap_init: At 3FFAE6E0 len 00001920 (6 KiB): DRAM[0m
[0;32mI (474) heap_init: At 3FFB82C8 len 00027D38 (159 KiB): DRAM[0m
[0;32mI (480) heap_init: At 3FFE0440 len 00003AE0 (14 KiB): D/IRAM[0m
[0;32mI (486) heap_init: At 3FFE4350 len 0001BCB0 (111 KiB): D/IRAM[0m
[0;32mI (493) heap_init: At 400966A4 len 0000995C (38 KiB): IRAM[0m
[0;32mI (501) spi_flash: detected chip: generic[0m
[0;32mI (504) spi_flash: flash io: dio[0m
[0;32mI (509) main_task: Started on CPU0[0m
[0;32mI (519) main_task: Calling app_main()[0m
[0;32mI (559) wifi:wifi driver task: 3ffc139c, prio:23, stack:6656, core=0[0m
[0;32mI (569) wifi:wifi firmware version: a9f5b59[0m
[0;32mI (579) wifi:wifi certification version: v7.0[0m
[0;32mI (579) wifi:config NVS flash: enabled[0m
[0;32mI (579) wifi:config nano formating: disabled[0m
[0;32mI (579) wifi:Init data frame dynamic rx buffer num: 32[0m
[0;32mI (579) wifi:Init static rx mgmt buffer num: 5[0m
[0;32mI (589) wifi:Init management short buffer num: 32[0m
[0;32mI (589) wifi:Init dynamic tx buffer num: 32[0m
[0;32mI (599) wifi:Init static rx buffer size: 1600[0m
[0;32mI (599) wifi:Init static rx buffer num: 10[0m
[0;32mI (609) wifi:Init dynamic rx buffer num: 32[0m
[0;32mI (609) wifi_init: rx ba win: 6[0m
[0;32mI (609) wifi_init: tcpip mbox: 32[0m
[0;32mI (619) wifi_init: udp mbox: 6[0m
[0;32mI (619) wifi_init: tcp mbox: 6[0m
[0;32mI (619) wifi_init: tcp tx win: 5760[0m
[0;32mI (629) wifi_init: tcp rx win: 5760[0m
[0;32mI (629) wifi_init: tcp mss: 1440[0m
[0;32mI (639) wifi_init: WiFi IRAM OP enabled[0m
[0;32mI (639) wifi_init: WiFi RX IRAM OP enabled[0m
[0;32mI (649) phy_init: phy_version 4791,2c4672b,Dec 20 2023,16:06:06[0m
[0;31mE (649) phy_init: failed to allocate memory for RF calibration data[0m

abort() was called at PC 0x4014d676 on core 0


Backtrace: 0x40081bf2:0x3ffc1160 0x40089105:0x3ffc1180 0x400908bd:0x3ffc11a0 0x4014d676:0x3ffc1210 0x4014d7b1:0x3ffc1240 0x40155165:0x3ffc1260 0x401175ce:0x3ffc1280 0x40117e0a:0x3ffc12a0 0x401161ba:0x3ffc12c0 0x400922fd:0x3ffc12e0 0x40089ebd:0x3ffc1310




ELF file SHA256: e1cdb3252

Rebooting...
ets Jul 29 2019 12:21:46

rst:0xc (SW_CPU_RESET),boot:0x13 (SPI_FAST_FLASH_BOOT)
configsip: 0, SPIWP:0xee
clk_drv:0x00,q_drv:0x00,d_drv:0x00,cs0_drv:0x00,hd_drv:0x00,wp_drv:0x00
mode:DIO, clock div:2
load:0x3fff0030,len:7172
load:0x40078000,len:15540
load:0x40080400,len:4
ho 8 tail 4 room 4
load:0x40080404,len:3904
entry 0x40080638
[0;32mI (31) boot: ESP-IDF 5.2.1 2nd stage bootloader[0m
[0;32mI (31) boot: compile time Oct  9 2024 15:10:32[0m
[0;32mI (31) boot: Multicore bootloader[0m
[0;32mI (35) boot: chip revision: v3.1[0m
[0;32mI (39) boot.esp32: SPI Speed      : 40MHz[0m
[0;32mI (44) boot.esp32: SPI Mode       : DIO[0m
[0;32mI (48) boot.esp32: SPI Flash Size : 4MB[0m
[0;32mI (53) boot: Enabling RNG early entropy source...[0m
[0;32mI (58) boot: Partition Table:[0m
[0;32mI (62) boot: ## Label            Usage          Type ST Offset   Length[0m
[0;32mI (69) boot:  0 nvs              WiFi data        01 02 00009000 00006000[0m
[0;32mI (76) boot:  1 phy_init         RF data          01 01 0000f000 00001000[0m
[0;32mI (84) boot:  2 factory          factory app      00 00 00010000 00100000[0m
[0;32mI (91) boot: End of partition table[0m
[0;32mI (96) esp_image: segment 0: paddr=00010020 vaddr=3f400020 size=22804h (141316) map[0m
[0;32mI (152) esp_image: segment 1: paddr=0003282c vaddr=3ffb0000 size=03c5ch ( 15452) load[0m
[0;32mI (158) esp_image: segment 2: paddr=00036490 vaddr=40080000 size=09b88h ( 39816) load[0m
[0;32mI (174) esp_image: segment 3: paddr=00040020 vaddr=400d0020 size=87574h (554356) map[0m
[0;32mI (364) esp_image: segment 4: paddr=000c759c vaddr=40089b88 size=0cb1ch ( 51996) load[0m
[0;32mI (396) boot: Loaded app from partition at offset 0x10000[0m
[0;32mI (396) boot: Disabling RNG early entropy source...[0m
[0;32mI (408) cpu_start: Multicore app[0m
[0;32mI (417) cpu_start: Pro cpu start user code[0m
[0;32mI (417) cpu_start: cpu freq: 160000000 Hz[0m
[0;32mI (417) cpu_start: Application information:[0m
[0;32mI (420) cpu_start: Project name:     weazy-automation[0m
[0;32mI (426) cpu_start: App version:      1[0m
[0;32mI (430) cpu_start: Compile time:     Oct  9 2024 14:58:24[0m
[0;32mI (436) cpu_start: ELF file SHA256:  e1cdb3252...[0m
[0;32mI (441) cpu_start: ESP-IDF:          5.2.1[0m
[0;32mI (446) cpu_start: Min chip rev:     v0.0[0m
[0;32mI (451) cpu_start: Max chip rev:     v3.99 [0m
[0;32mI (456) cpu_start: Chip rev:         v3.1[0m
[0;32mI (461) heap_init: Initializing. RAM available for dynamic allocation:[0m
[0;32mI (468) heap_init: At 3FFAE6E0 len 00001920 (6 KiB): DRAM[0m
[0;32mI (474) heap_init: At 3FFB82C8 len 00027D38 (159 KiB): DRAM[0m
[0;32mI (480) heap_init: At 3FFE0440 len 00003AE0 (14 KiB): D/IRAM[0m
[0;32mI (486) heap_init: At 3FFE4350 len 0001BCB0 (111 KiB): D/IRAM[0m
[0;32mI (493) heap_init: At 400966A4 len 0000995C (38 KiB): IRAM[0m
[0;32mI (501) spi_flash: detected chip: generic[0m
[0;32mI (504) spi_flash: flash io: dio[0m
[0;32mI (509) main_task: Started on CPU0[0m
[0;32mI (519) main_task: Calling app_main()[0m
[0;32mI (559) wifi:wifi driver task: 3ffc139c, prio:23, stack:6656, core=0[0m
[0;32mI (569) wifi:wifi firmware version: a9f5b59[0m
[0;32mI (579) wifi:wifi certification version: v7.0[0m
[0;32mI (579) wifi:config NVS flash: enabled[0m
[0;32mI (579) wifi:config nano formating: disabled[0m
[0;32mI (579) wifi:Init data frame dynamic rx buffer num: 32[0m
[0;32mI (579) wifi:Init static rx mgmt buffer num: 5[0m
[0;32mI (589) wifi:Init management short buffer num: 32[0m
[0;32mI (589) wifi:Init dynamic tx buffer num: 32[0m
[0;32mI (599) wifi:Init static rx buffer size: 1600[0m
[0;32mI (599) wifi:Init static rx buffer num: 10[0m
[0;32mI (609) wifi:Init dynamic rx buffer num: 32[0m
[0;32mI (609) wifi_init: rx ba win: 6[0m
[0;32mI (609) wifi_init: tcpip mbox: 32[0m
[0;32mI (619) wifi_init: udp mbox: 6[0m
[0;32mI (619) wifi_init: tcp mbox: 6[0m
[0;32mI (619) wifi_init: tcp tx win: 5760[0m
[0;32mI (629) wifi_init: tcp rx win: 5760[0m
[0;32mI (629) wifi_init: tcp mss: 1440[0m
[0;32mI (639) wifi_init: WiFi IRAM OP enabled[0m
[0;32mI (639) wifi_init: WiFi RX IRAM OP enabled[0m
[0;32mI (649) phy_init: phy_version 4791,2c4672b,Dec 20 2023,16:06:06[0m
[0;31mE (649) phy_init: failed to allocate memory for RF calibration data[0m

abort() was called at PC 0x4014d676 on core 0


Backtrace: 0x40081bf2:0x3ffc1160 0x40089105:0x3ffc1180 0x400908bd:0x3ffc11a0 0x4014d676:0x3ffc1210 0x4014d7b1:0x3ffc1240 0x40155165:0x3ffc1260 0x401175ce:0x3ffc1280 0x40117e0a:0x3ffc12a0 0x401161ba:0x3ffc12c0 0x400922fd:0x3ffc12e0 0x40089ebd:0x3ffc1310




ELF file SHA256: e1cdb3252

Rebooting...
ets Jul 29 2019 12:21:46

rst:0xc (SW_CPU_RESET),boot:0x13 (SPI_FAST_FLASH_BOOT)
configsip: 0, SPIWP:0xee
clk_drv:0x00,q_drv:0x00,d_drv:0x00,cs0_drv:0x00,hd_drv:0x00,wp_drv:0x00
mode:DIO, clock div:2
load:0x3fff0030,len:7172
load:0x40078000,len:15540
load:0x40080400,len:4
ho 8 tail 4 room 4
load:0x40080404,len:3904
entry 0x40080638
[0;32mI (31) boot: ESP-IDF 5.2.1 2nd stage bootloader[0m
[0;32mI (31) boot: compile time Oct  9 2024 15:10:32[0m
[0;32mI (31) boot: Multicore bootloader[0m
[0;32mI (35) boot: chip revision: v3.1[0m
[0;32mI (39) boot.esp32: SPI Speed      : 40MHz[0m
[0;32mI (44) boot.esp32: SPI Mode       : DIO[0m
[0;32mI (48) boot.esp32: SPI Flash Size : 4MB[0m
[0;32mI (53) boot: Enabling RNG early entropy source...[0m
[0;32mI (58) boot: Partition Table:[0m
[0;32mI (62) boot: ## Label            Usage          Type ST Offset   Length[0m
[0;32mI (69) boot:  0 nvs              WiFi data        01 02 00009000 00006000[0m
[0;32mI (76) boot:  1 phy_init         RF data          01 01 0000f000 00001000[0m
[0;32mI (84) boot:  2 factory          factory app      00 00 00010000 00100000[0m
[0;32mI (91) boot: End of partition table[0m
[0;32mI (96) esp_image: segment 0: paddr=00010020 vaddr=3f400020 size=22804h (141316) map[0m
[0;32mI (152) esp_image: segment 1: paddr=0003282c vaddr=3ffb0000 size=03c5ch ( 15452) load[0m
[0;32mI (158) esp_image: segment 2: paddr=00036490 vaddr=40080000 size=09b88h ( 39816) load[0m
[0;32mI (174) esp_image: segment 3: paddr=00040020 vaddr=400d0020 size=87574h (554356) map[0m
[0;32mI (364) esp_image: segment 4: paddr=000c759c vaddr=40089b88 size=0cb1ch ( 51996) load[0m
[0;32mI (396) boot: Loaded app from partition at offset 0x10000[0m
[0;32mI (396) boot: Disabling RNG early entropy source...[0m
[0;32mI (408) cpu_start: Multicore app[0m
[0;32mI (417) cpu_start: Pro cpu start user code[0m
[0;32mI (417) cpu_start: cpu freq: 160000000 Hz[0m
[0;32mI (417) cpu_start: Application information:[0m
[0;32mI (420) cpu_start: Project name:     weazy-automation[0m
[0;32mI (426) cpu_start: App version:      1[0m
[0;32mI (430) cpu_start: Compile time:     Oct  9 2024 14:58:24[0m
[0;32mI (436) cpu_start: ELF file SHA256:  e1cdb3252...[0m
[0;32mI (441) cpu_start: ESP-IDF:          5.2.1[0m
[0;32mI (446) cpu_start: Min chip rev:     v0.0[0m
[0;32mI (451) cpu_start: Max chip rev:     v3.99 [0m
[0;32mI (456) cpu_start: Chip rev:         v3.1[0m
[0;32mI (461) heap_init: Initializing. RAM available for dynamic allocation:[0m
[0;32mI (468) heap_init: At 3FFAE6E0 len 00001920 (6 KiB): DRAM[0m
[0;32mI (474) heap_init: At 3FFB82C8 len 00027D38 (159 KiB): DRAM[0m
[0;32mI (480) heap_init: At 3FFE0440 len 00003AE0 (14 KiB): D/IRAM[0m
[0;32mI (486) heap_init: At 3FFE4350 len 0001BCB0 (111 KiB): D/IRAM[0m
[0;32mI (493) heap_init: At 400966A4 len 0000995C (38 KiB): IRAM[0m
[0;32mI (501) spi_flash: detected chip: generic[0m
[0;32mI (504) spi_flash: flash io: dio[0m
[0;32mI (509) main_task: Started on CPU0[0m
[0;32mI (519) main_task: Calling app_main()[0m
[0;32mI (559) wifi:wifi driver task: 3ffc139c, prio:23, stack:6656, core=0[0m
[0;32mI (569) wifi:wifi firmware version: a9f5b59[0m
[0;32mI (579) wifi:wifi certification version: v7.0[0m
[0;32mI (579) wifi:config NVS flash: enabled[0m
[0;32mI (579) wifi:config nano formating: disabled[0m
[0;32mI (579) wifi:Init data frame dynamic rx buffer num: 32[0m
[0;32mI (579) wifi:Init static rx mgmt buffer num: 5[0m
[0;32mI (589) wifi:Init management short buffer num: 32[0m
[0;32mI (589) wifi:Init dynamic tx buffer num: 32[0m
[0;32mI (599) wifi:Init static rx buffer size: 1600[0m
[0;32mI (599) wifi:Init static rx buffer num: 10[0m
[0;32mI (609) wifi:Init dynamic rx buffer num: 32[0m
[0;32mI (609) wifi_init: rx ba win: 6[0m
[0;32mI (609) wifi_init: tcpip mbox: 32[0m
[0;32mI (619) wifi_init: udp mbox: 6[0m
[0;32mI (619) wifi_init: tcp mbox: 6[0m
[0;32mI (619) wifi_init: tcp tx win: 5760[0m
[0;32mI (629) wifi_init: tcp rx win: 5760[0m
[0;32mI (629) wifi_init: tcp mss: 1440[0m
[0;32mI (639) wifi_init: WiFi IRAM OP enabled[0m
[0;32mI (639) wifi_init: WiFi RX IRAM OP enabled[0m
[0;32mI (649) phy_init: phy_version 4791,2c4672b,Dec 20 2023,16:06:06[0m
[0;31mE (649) phy_init: failed to allocate memory for RF calibration data[0m

abort() was called at PC 0x4014d676 on core 0


Backtrace: 0x40081bf2:0x3ffc1160 0x40089105:0x3ffc1180 0x400908bd:0x3ffc11a0 0x4014d676:0x3ffc1210 0x4014d7b1:0x3ffc1240 0x40155165:0x3ffc1260 0x401175ce:0x3ffc1280 0x40117e0a:0x3ffc12a0 0x401161ba:0x3ffc12c0 0x400922fd:0x3ffc12e0 0x40089ebd:0x3ffc1310




ELF file SHA256: e1cdb3252

Rebooting...
ets Jul 29 2019 12:21:46

rst:0xc (SW_CPU_RESET),boot:0x13 (SPI_FAST_FLASH_BOOT)
configsip: 0, SPIWP:0xee
clk_drv:0x00,q_drv:0x00,d_drv:0x00,cs0_drv:0x00,hd_drv:0x00,wp_drv:0x00
mode:DIO, clock div:2
load:0x3fff0030,len:7172
load:0x40078000,len:15540
load:0x40080400,len:4
ho 8 tail 4 room 4
load:0x40080404,len:3904
entry 0x40080638
[0;32mI (31) boot: ESP-IDF 5.2.1 2nd stage bootloader[0m
[0;32mI (31) boot: compile time Oct  9 2024 15:10:32[0m
[0;32mI (31) boot: Multicore bootloader[0m
[0;32mI (35) boot: chip revision: v3.1[0m
[0;32mI (39) boot.esp32: SPI Speed      : 40MHz[0m
[0;32mI (44) boot.esp32: SPI Mode       : DIO[0m
[0;32mI (48) boot.esp32: SPI Flash Size : 4MB[0m
[0;32mI (53) boot: Enabling RNG early entropy source...[0m
[0;32mI (58) boot: Partition Table:[0m
[0;32mI (62) boot: ## Label            Usage          Type ST Offset   Length[0m
[0;32mI (69) boot:  0 nvs              WiFi data        01 02 00009000 00006000[0m
[0;32mI (76) boot:  1 phy_init         RF data          01 01 0000f000 00001000[0m
[0;32mI (84) boot:  2 factory          factory app      00 00 00010000 00100000[0m
[0;32mI (91) boot: End of partition table[0m
[0;32mI (96) esp_image: segment 0: paddr=00010020 vaddr=3f400020 size=22804h (141316) map[0m
[0;32mI (152) esp_image: segment 1: paddr=0003282c vaddr=3ffb0000 size=03c5ch ( 15452) load[0m
[0;32mI (158) esp_image: segment 2: paddr=00036490 vaddr=40080000 size=09b88h ( 39816) load[0m
[0;32mI (174) esp_image: segment 3: paddr=00040020 vaddr=400d0020 size=87574h (554356) map[0m
[0;32mI (364) esp_image: segment 4: paddr=000c759c vaddr=40089b88 size=0cb1ch ( 51996) load[0m
[0;32mI (396) boot: Loaded app from partition at offset 0x10000[0m
[0;32mI (396) boot: Disabling RNG early entropy source...[0m
[0;32mI (408) cpu_start: Multicore app[0m
[0;32mI (417) cpu_start: Pro cpu start user code[0m
[0;32mI (417) cpu_start: cpu freq: 160000000 Hz[0m
[0;32mI (417) cpu_start: Application information:[0m
[0;32mI (420) cpu_start: Project name:     weazy-automation[0m
[0;32mI (426) cpu_start: App version:      1[0m
[0;32mI (430) cpu_start: Compile time:     Oct  9 2024 14:58:24[0m
[0;32mI (436) cpu_start: ELF file SHA256:  e1cdb3252...[0m
[0;32mI (441) cpu_start: ESP-IDF:          5.2.1[0m
[0;32mI (446) cpu_start: Min chip rev:     v0.0[0m
[0;32mI (451) cpu_start: Max chip rev:     v3.99 [0m
[0;32mI (456) cpu_start: Chip rev:         v3.1[0m
[0;32mI (461) heap_init: Initializing. RAM available for dynamic allocation:[0m
[0;32mI (468) heap_init: At 3FFAE6E0 len 00001920 (6 KiB): DRAM[0m
[0;32mI (474) heap_init: At 3FFB82C8 len 00027D38 (159 KiB): DRAM[0m
[0;32mI (480) heap_init: At 3FFE0440 len 00003AE0 (14 KiB): D/IRAM[0m
[0;32mI (486) heap_init: At 3FFE4350 len 0001BCB0 (111 KiB): D/IRAM[0m
[0;32mI (493) heap_init: At 400966A4 len 0000995C (38 KiB): IRAM[0m
[0;32mI (501) spi_flash: detected chip: generic[0m
[0;32mI (504) spi_flash: flash io: dio[0m
[0;32mI (509) main_task: Started on CPU0[0m
[0;32mI (519) main_task: Calling app_main()[0m
[0;32mI (559) wifi:wifi driver task: 3ffc139c, prio:23, stack:6656, core=0[0m
[0;32mI (569) wifi:wifi firmware version: a9f5b59[0m
[0;32mI (579) wifi:wifi certification version: v7.0[0m
[0;32mI (579) wifi:config NVS flash: enabled[0m
[0;32mI (579) wifi:config nano formating: disabled[0m
[0;32mI (579) wifi:Init data frame dynamic rx buffer num: 32[0m
[0;32mI (579) wifi:Init static rx mgmt buffer num: 5[0m
[0;32mI (589) wifi:Init management short buffer num: 32[0m
[0;32mI (589) wifi:Init dynamic tx buffer num: 32[0m
[0;32mI (599) wifi:Init static rx buffer size: 1600[0m
[0;32mI (599) wifi:Init static rx buffer num: 10[0m
[0;32mI (609) wifi:Init dynamic rx buffer num: 32[0m
[0;32mI (609) wifi_init: rx ba win: 6[0m
[0;32mI (609) wifi_init: tcpip mbox: 32[0m
[0;32mI (619) wifi_init: udp mbox: 6[0m
[0;32mI (619) wifi_init: tcp mbox: 6[0m
[0;32mI (619) wifi_init: tcp tx win: 5760[0m
[0;32mI (629) wifi_init: tcp rx win: 5760[0m
[0;32mI (629) wifi_init: tcp mss: 1440[0m
[0;32mI (639) wifi_init: WiFi IRAM OP enabled[0m
[0;32mI (639) wifi_init: WiFi RX IRAM OP enabled[0m
[0;32mI (649) phy_init: phy_version 4791,2c4672b,Dec 20 2023,16:06:06[0m
[0;31mE (649) phy_init: failed to allocate memory for RF calibration data[0m

abort() was called at PC 0x4014d676 on core 0


Backtrace: 0x40081bf2:0x3ffc1160 0x40089105:0x3ffc1180 0x400908bd:0x3ffc11a0 0x4014d676:0x3ffc1210 0x4014d7b1:0x3ffc1240 0x40155165:0x3ffc1260 0x401175ce:0x3ffc1280 0x40117e0a:0x3ffc12a0 0x401161ba:0x3ffc12c0 0x400922fd:0x3ffc12e0 0x40089ebd:0x3ffc1310




ELF file SHA256: e1cdb3252

Rebooting...
ets Jul 29 2019 12:21:46

rst:0xc (SW_CPU_RESET),boot:0x13 (SPI_FAST_FLASH_BOOT)
configsip: 0, SPIWP:0xee
clk_drv:0x00,q_drv:0x00,d_drv:0x00,cs0_drv:0x00,hd_drv:0x00,wp_drv:0x00
mode:DIO, clock div:2
load:0x3fff0030,len:7172
load:0x40078000,len:15540
load:0x40080400,len:4
ho 8 tail 4 room 4
load:0x40080404,len:3904
entry 0x40080638
[0;32mI (31) boot: ESP-IDF 5.2.1 2nd stage bootloader[0m
[0;32mI (31) boot: compile time Oct  9 2024 15:10:32[0m
[0;32mI (31) boot: Multicore bootloader[0m
[0;32mI (35) boot: chip revision: v3.1[0m
[0;32mI (39) boot.esp32: SPI Speed      : 40MHz[0m
[0;32mI (44) boot.esp32: SPI Mode       : DIO[0m
[0;32mI (48) boot.esp32: SPI Flash Size : 4MB[0m
[0;32mI (53) boot: Enabling RNG early entropy source...[0m
[0;32mI (58) boot: Partition Table:[0m
[0;32mI (62) boot: ## Label            Usage          Type ST Offset   Length[0m
[0;32mI (69) boot:  0 nvs              WiFi data        01 02 00009000 00006000[0m
[0;32mI (76) boot:  1 phy_init         RF data          01 01 0000f000 00001000[0m
[0;32mI (84) boot:  2 factory          factory app      00 00 00010000 00100000[0m
[0;32mI (91) boot: End of partition table[0m
[0;32mI (96) esp_image: segment 0: paddr=00010020 vaddr=3f400020 size=22804h (141316) map[0m
[0;32mI (152) esp_image: segment 1: paddr=0003282c vaddr=3ffb0000 size=03c5ch ( 15452) load[0m
[0;32mI (158) esp_image: segment 2: paddr=00036490 vaddr=40080000 size=09b88h ( 39816) load[0m
[0;32mI (174) esp_image: segment 3: paddr=00040020 vaddr=400d0020 size=87574h (554356) map[0m
[0;32mI (364) esp_image: segment 4: paddr=000c759c vaddr=40089b88 size=0cb1ch ( 51996) load[0m
[0;32mI (396) boot: Loaded app from partition at offset 0x10000[0m
[0;32mI (396) boot: Disabling RNG early entropy source...[0m
[0;32mI (408) cpu_start: Multicore app[0m
[0;32mI (417) cpu_start: Pro cpu start user code[0m
[0;32mI (417) cpu_start: cpu freq: 160000000 Hz[0m
[0;32mI (417) cpu_start: Application information:[0m
[0;32mI (420) cpu_start: Project name:     weazy-automation[0m
[0;32mI (426) cpu_start: App version:      1[0m
[0;32mI (430) cpu_start: Compile time:     Oct  9 2024 14:58:24[0m
[0;32mI (436) cpu_start: ELF file SHA256:  e1cdb3252...[0m
[0;32mI (441) cpu_start: ESP-IDF:          5.2.1[0m
[0;32mI (446) cpu_start: Min chip rev:     v0.0[0m
[0;32mI (451) cpu_start: Max chip rev:     v3.99 [0m
[0;32mI (456) cpu_start: Chip rev:         v3.1[0m
[0;32mI (461) heap_init: Initializing. RAM available for dynamic allocation:[0m
[0;32mI (468) heap_init: At 3FFAE6E0 len 00001920 (6 KiB): DRAM[0m
[0;32mI (474) heap_init: At 3FFB82C8 len 00027D38 (159 KiB): DRAM[0m
[0;32mI (480) heap_init: At 3FFE0440 len 00003AE0 (14 KiB): D/IRAM[0m
[0;32mI (486) heap_init: At 3FFE4350 len 0001BCB0 (111 KiB): D/IRAM[0m
[0;32mI (493) heap_init: At 400966A4 len 0000995C (38 KiB): IRAM[0m
[0;32mI (501) spi_flash: detected chip: generic[0m
[0;32mI (504) spi_flash: flash io: dio[0m
[0;32mI (509) main_task: Started on CPU0[0m
[0;32mI (519) main_task: Calling app_main()[0m
[0;32mI (559) wifi:wifi driver task: 3ffc139c, prio:23, stack:6656, core=0[0m
[0;32mI (569) wifi:wifi firmware version: a9f5b59[0m
[0;32mI (579) wifi:wifi certification version: v7.0[0m
[0;32mI (579) wifi:config NVS flash: enabled[0m
[0;32mI (579) wifi:config nano formating: disabled[0m
[0;32mI (579) wifi:Init data frame dynamic rx buffer num: 32[0m
[0;32mI (579) wifi:Init static rx mgmt buffer num: 5[0m
[0;32mI (589) wifi:Init management short buffer num: 32[0m
[0;32mI (589) wifi:Init dynamic tx buffer num: 32[0m
[0;32mI (599) wifi:Init static rx buffer size: 1600[0m
[0;32mI (599) wifi:Init static rx buffer num: 10[0m
[0;32mI (609) wifi:Init dynamic rx buffer num: 32[0m
[0;32mI (609) wifi_init: rx ba win: 6[0m
[0;32mI (609) wifi_init: tcpip mbox: 32[0m
[0;32mI (619) wifi_init: udp mbox: 6[0m
[0;32mI (619) wifi_init: tcp mbox: 6[0m
[0;32mI (619) wifi_init: tcp tx win: 5760[0m
[0;32mI (629) wifi_init: tcp rx win: 5760[0m
[0;32mI (629) wifi_init: tcp mss: 1440[0m
[0;32mI (639) wifi_init: WiFi IRAM OP enabled[0m
[0;32mI (639) wifi_init: WiFi RX IRAM OP enabled[0m
[0;32mI (649) phy_init: phy_version 4791,2c4672b,Dec 20 2023,16:06:06[0m
[0;31mE (649) phy_init: failed to allocate memory for RF calibration data[0m

abort() was called at PC 0x4014d676 on core 0


Backtrace: 0x40081bf2:0x3ffc1160 0x40089105:0x3ffc1180 0x400908bd:0x3ffc11a0 0x4014d676:0x3ffc1210 0x4014d7b1:0x3ffc1240 0x40155165:0x3ffc1260 0x401175ce:0x3ffc1280 0x40117e0a:0x3ffc12a0 0x401161ba:0x3ffc12c0 0x400922fd:0x3ffc12e0 0x40089ebd:0x3ffc1310




ELF file SHA256: e1cdb3252

Rebooting...
ets Jul 29 2019 12:21:46

rst:0xc (SW_CPU_RESET),boot:0x13 (SPI_FAST_FLASH_BOOT)
configsip: 0, SPIWP:0xee
clk_drv:0x00,q_drv:0x00,d_drv:0x00,cs0_drv:0x00,hd_drv:0x00,wp_drv:0x00
mode:DIO, clock div:2
load:0x3fff0030,len:7172
load:0x40078000,len:15540
load:0x40080400,len:4
ho 8 tail 4 room 4
load:0x40080404,len:3904
entry 0x40080638
[0;32mI (31) boot: ESP-IDF 5.2.1 2nd stage bootloader[0m
[0;32mI (31) boot: compile time Oct  9 2024 15:10:32[0m
[0;32mI (31) boot: Multicore bootloader[0m
[0;32mI (35) boot: chip revision: v3.1[0m
[0;32mI (39) boot.esp32: SPI Speed      : 40MHz[0m
[0;32mI (44) boot.esp32: SPI Mode       : DIO[0m
[0;32mI (48) boot.esp32: SPI Flash Size : 4MB[0m
[0;32mI (53) boot: Enabling RNG early entropy source...[0m
[0;32mI (58) boot: Partition Table:[0m
[0;32mI (62) boot: ## Label            Usage          Type ST Offset   Length[0m
[0;32mI (69) boot:  0 nvs              WiFi data        01 02 00009000 00006000[0m
[0;32mI (76) boot:  1 phy_init         RF data          01 01 0000f000 00001000[0m
[0;32mI (84) boot:  2 factory          factory app      00 00 00010000 00100000[0m
[0;32mI (91) boot: End of partition table[0m
[0;32mI (96) esp_image: segment 0: paddr=00010020 vaddr=3f400020 size=22804h (141316) map[0m
[0;32mI (152) esp_image: segment 1: paddr=0003282c vaddr=3ffb0000 size=03c5ch ( 15452) load[0m
[0;32mI (158) esp_image: segment 2: paddr=00036490 vaddr=40080000 size=09b88h ( 39816) load[0m
[0;32mI (174) esp_image: segment 3: paddr=00040020 vaddr=400d0020 size=87574h (554356) map[0m
[0;32mI (364) esp_image: segment 4: paddr=000c759c vaddr=40089b88 size=0cb1ch ( 51996) load[0m
[0;32mI (396) boot: Loaded app from partition at offset 0x10000[0m
[0;32mI (396) boot: Disabling RNG early entropy source...[0m
[0;32mI (408) cpu_start: Multicore app[0m
[0;32mI (417) cpu_start: Pro cpu start user code[0m
[0;32mI (417) cpu_start: cpu freq: 160000000 Hz[0m
[0;32mI (417) cpu_start: Application information:[0m
[0;32mI (420) cpu_start: Project name:     weazy-automation[0m
[0;32mI (426) cpu_start: App version:      1[0m
[0;32mI (430) cpu_start: Compile time:     Oct  9 2024 14:58:24[0m
[0;32mI (436) cpu_start: ELF file SHA256:  e1cdb3252...[0m
[0;32mI (441) cpu_start: ESP-IDF:          5.2.1[0m
[0;32mI (446) cpu_start: Min chip rev:     v0.0[0m
[0;32mI (451) cpu_start: Max chip rev:     v3.99 [0m
[0;32mI (456) cpu_start: Chip rev:         v3.1[0m
[0;32mI (461) heap_init: Initializing. RAM available for dynamic allocation:[0m
[0;32mI (468) heap_init: At 3FFAE6E0 len 00001920 (6 KiB): DRAM[0m
[0;32mI (474) heap_init: At 3FFB82C8 len 00027D38 (159 KiB): DRAM[0m
[0;32mI (480) heap_init: At 3FFE0440 len 00003AE0 (14 KiB): D/IRAM[0m
[0;32mI (486) heap_init: At 3FFE4350 len 0001BCB0 (111 KiB): D/IRAM[0m
[0;32mI (493) heap_init: At 400966A4 len 0000995C (38 KiB): IRAM[0m
[0;32mI (501) spi_flash: detected chip: generic[0m
[0;32mI (504) spi_flash: flash io: dio[0m
[0;32mI (509) main_task: Started on CPU0[0m
[0;32mI (519) main_task: Calling app_main()[0m
[0;32mI (559) wifi:wifi driver task: 3ffc139c, prio:23, stack:6656, core=0[0m
[0;32mI (579) wifi:wifi firmware version: a9f5b59[0m
[0;32mI (579) wifi:wifi certification version: v7.0[0m
[0;32mI (579) wifi:config NVS flash: enabled[0m
[0;32mI (579) wifi:config nano formating: disabled[0m
[0;32mI (579) wifi:Init data frame dynamic rx buffer num: 32[0m
[0;32mI (589) wifi:Init static rx mgmt buffer num: 5[0m
[0;32mI (589) wifi:Init management short buffer num: 32[0m
[0;32mI (589) wifi:Init dynamic tx buffer num: 32[0m
[0;32mI (599) wifi:Init static rx buffer size: 1600[0m
[0;32mI (599) wifi:Init static rx buffer num: 10[0m
[0;32mI (609) wifi:Init dynamic rx buffer num: 32[0m
[0;32mI (609) wifi_init: rx ba win: 6[0m
[0;32mI (609) wifi_init: tcpip mbox: 32[0m
[0;32mI (619) wifi_init: udp mbox: 6[0m
[0;32mI (619) wifi_init: tcp mbox: 6[0m
[0;32mI (619) wifi_init: tcp tx win: 5760[0m
[0;32mI (629) wifi_init: tcp rx win: 5760[0m
[0;32mI (629) wifi_init: tcp mss: 1440[0m
[0;32mI (639) wifi_init: WiFi IRAM OP enabled[0m
[0;32mI (639) wifi_init: WiFi RX IRAM OP enabled[0m
[0;32mI (649) phy_init: phy_version 4791,2c4672b,Dec 20 2023,16:06:06[0m
[0;31mE (649) phy_init: failed to allocate memory for RF calibration data[0m

abort() was called at PC 0x4014d676 on core 0


Backtrace: 0x40081bf2:0x3ffc1160 0x40089105:0x3ffc1180 0x400908bd:0x3ffc11a0 0x4014d676:0x3ffc1210 0x4014d7b1:0x3ffc1240 0x40155165:0x3ffc1260 0x401175ce:0x3ffc1280 0x40117e0a:0x3ffc12a0 0x401161ba:0x3ffc12c0 0x400922fd:0x3ffc12e0 0x40089ebd:0x3ffc1310




ELF file SHA256: e1cdb3252

Rebooting...
ets Jul 29 2019 12:21:46

rst:0xc (SW_CPU_RESET),boot:0x13 (SPI_FAST_FLASH_BOOT)
configsip: 0, SPIWP:0xee
clk_drv:0x00,q_drv:0x00,d_drv:0x00,cs0_drv:0x00,hd_drv:0x00,wp_drv:0x00
mode:DIO, clock div:2
load:0x3fff0030,len:7172
load:0x40078000,len:15540
load:0x40080400,len:4
ho 8 tail 4 room 4
load:0x40080404,len:3904
entry 0x40080638
[0;32mI (31) boot: ESP-IDF 5.2.1 2nd stage bootloader[0m
[0;32mI (31) boot: compile time Oct  9 2024 15:10:32[0m
[0;32mI (31) boot: Multicore bootloader[0m
[0;32mI (35) boot: chip revision: v3.1[0m
[0;32mI (39) boot.esp32: SPI Speed      : 40MHz[0m
[0;32mI (44) boot.esp32: SPI Mode       : DIO[0m
[0;32mI (48) boot.esp32: SPI Flash Size : 4MB[0m
[0;32mI (53) boot: Enabling RNG early entropy source...[0m
[0;32mI (58) boot: Partition Table:[0m
[0;32mI (62) boot: ## Label            Usage          Type ST Offset   Length[0m
[0;32mI (69) boot:  0 nvs              WiFi data        01 02 00009000 00006000[0m
[0;32mI (76) boot:  1 phy_init         RF data          01 01 0000f000 00001000[0m
